<html>
<body>
<pre>
<h1>礦ision Build Log</h1>
<h2>Tool Versions:</h2>
IDE-Version: μVision V5.21.1.0
Copyright (C) 2016 ARM Ltd and ARM Germany GmbH. All rights reserved.
License Information: 1 1, 1, LIC=ATTQ1-CTNC6-2ZMW4-F9URX-GK9D5-QVBTP
 
Tool Versions:
Toolchain:       MDK-ARM Plus  Version: 5.21a
Toolchain Path:  D:\WORK\SOFTWARES\MDK5\ARM\ARMCC\Bin
C Compiler:      Armcc.exe V5.06 update 3 (build 300)
Assembler:       Armasm.exe V5.06 update 3 (build 300)
Linker/Locator:  ArmLink.exe V5.06 update 3 (build 300)
Library Manager: ArmAr.exe V5.06 update 3 (build 300)
Hex Converter:   FromElf.exe V5.06 update 3 (build 300)
CPU DLL:         SARMCM3.DLL V5.21a
Dialog DLL:      DCM.DLL V1.13.8.0
Target DLL:      Segger\JL2CM3.dll V2.99.23.0
Dialog DLL:      TCM.DLL V1.14.14.0
 
<h2>Project:</h2>
D:\WORK\RM\主力考核\Infantry\F405_Chassis\User\Infantry_T.uvprojx
Project File Date:  09/26/2023

<h2>Output:</h2>
*** Using Compiler 'V5.06 update 3 (build 300)', folder: 'D:\WORK\SOFTWARES\MDK5\ARM\ARMCC\Bin'
Build target 'Target 1'
compiling ChassisTask.c...
..\Task\ChassisTask.h(39): warning:  #47-D: incompatible redefinition of macro "RM3508_R" (declared at line 10 of "..\Software\motor.h")
  #define RM3508_R 0.1231f
..\Task\ChassisTask.c(534): warning:  #1035-D: single-precision operand implicitly converted to double-precision
  			if (power_limit->capEnergy < power_limit->Min_capEnergy*1.2){	//??小??值之前都?呛愎???		
..\Task\ChassisTask.c(554): warning:  #1035-D: single-precision operand implicitly converted to double-precision
  			if (power_limit->remainEnergy < power_limit->Min_remainEnergy*1.3){	//??小??值之前都?呛愎???		
..\Task\ChassisTask.c(573): warning:  #1035-D: single-precision operand implicitly converted to double-precision
          if(super_power->CAP_AD_H+0.5 < super_power->actual_vol && power_limit->Min_capVol-0.5 < super_power->actual_vol)//当前??压???诜?????????小?牡??莸?压???芸???
..\Task\ChassisTask.c(573): warning:  #1035-D: single-precision operand implicitly converted to double-precision
          if(super_power->CAP_AD_H+0.5 < super_power->actual_vol && power_limit->Min_capVol-0.5 < super_power->actual_vol)//当前??压???诜?????????小?牡??莸?压???芸???
..\Task\ChassisTask.c(610): warning:  #940-D: missing return statement at end of non-void function "set_powersate"
  }
..\Task\ChassisTask.c(642): warning:  #1035-D: single-precision operand implicitly converted to double-precision
  			power_limit->M[i] = (-P.P*speed_now + P.I*(SumError_last+0.5*(-speed_now+P.LastError)))*RM3508_CURRENT_RATIO;
..\Task\ChassisTask.c(666): warning:  #177-D: variable "c" was declared but never referenced
  	double i_2=0, w_i=0, a, b, c;
..\Task\ChassisTask.c(716): warning:  #1035-D: single-precision operand implicitly converted to double-precision
  											(power_limit->actual_ina260_power - 
M3508_P0 - RM3508_R * (i_2+i_2_6020))/(w_i+w_i_6020));
..\Task\ChassisTask.c: 9 warnings, 0 errors
linking...
Program Size: Code=21772 RO-data=460 RW-data=496 ZI-data=25832  
FromELF: creating hex file...
".\Objects\HUST RM.axf" - 0 Error(s), 9 Warning(s).

<h2>Software Packages used:</h2>

Package Vendor: ARM
                http://www.keil.com/pack/ARM.CMSIS.5.6.0.pack
                ARM::CMSIS:DSP:Library:1.7.0
                CMSIS (Cortex Microcontroller Software Interface Standard)
   * Component: DSP Variant: Library Version: 1.7.0

<h2>Collection of Component include folders:</h2>
  D:\WORK\RM\主力考核\Infantry\F405_Chassis\User\RTE
  D:\WORK\SOFTWARES\MDK5\ARM\PACK\ARM\CMSIS\5.6.0\CMSIS\DSP\Include
  D:\WORK\SOFTWARES\MDK5\ARM\PACK\Keil\STM32F4xx_DFP\2.17.1\Drivers\CMSIS\Device\ST\STM32F4xx\Include

<h2>Collection of Component Files used:</h2>

   * Component: ARM::CMSIS:DSP:Library:1.7.0
      Include file:  CMSIS\DSP\Include\arm_math.h
      Library file:  CMSIS\DSP\Lib\ARM\arm_cortexM4lf_math.lib
Build Time Elapsed:  00:00:02
</pre>
</body>
</html>
