<html>
<body>
<pre>
<h1>µVision Build Log</h1>
<h2>Tool Versions:</h2>
IDE-Version: ¦ÌVision V5.21.1.0
Copyright (C) 2016 ARM Ltd and ARM Germany GmbH. All rights reserved.
License Information: 1 1, 1, LIC=ATTQ1-CTNC6-2ZMW4-F9URX-GK9D5-QVBTP
 
Tool Versions:
Toolchain:       MDK-ARM Plus  Version: 5.21a
Toolchain Path:  D:\WORK\SOFTWARES\MDK5\ARM\ARMCC\Bin
C Compiler:      Armcc.exe V5.06 update 3 (build 300)
Assembler:       Armasm.exe V5.06 update 3 (build 300)
Linker/Locator:  ArmLink.exe V5.06 update 3 (build 300)
Library Manager: ArmAr.exe V5.06 update 3 (build 300)
Hex Converter:   FromElf.exe V5.06 update 3 (build 300)
CPU DLL:         SARMCM3.DLL V5.21a
Dialog DLL:      DCM.DLL V1.13.8.0
Target DLL:      Segger\JL2CM3.dll V2.99.23.0
Dialog DLL:      TCM.DLL V1.14.14.0
 
<h2>Project:</h2>
D:\WORK\RM\Task\Infantry\Gimbal\Project\Gimbal_S.uvprojx
Project File Date:  10/02/2023

<h2>Output:</h2>
*** Using Compiler 'V5.06 update 3 (build 300)', folder: 'D:\WORK\SOFTWARES\MDK5\ARM\ARMCC\Bin'
Build target 'Gimbal_S'
compiling tim4.c...
compiling SteeringEngine.c...
compiling can1.c...
compiling can2.c...
compiling sys.c...
compiling laser.c...
compiling FrictionWheel.c...
compiling main.c...
compiling gpio.c...
compiling MicroSw.c...
compiling usart1.c...
compiling usart3.c...
compiling counter.c...
compiling Start_Task.c...
compiling GimbalEstimateTask.c...
compiling filters.c...
compiling SDCardTask.c...
compiling CPU_Task.c...
compiling algorithmOfCRC.c...
compiling TD.c...
compiling bsp_spi_sdcard.c...
compiling queueData.c...
compiling croutine.c...
compiling GimbalTask.c...
..\Task\GimbalTask.c(9): warning:  #550-D: variable "Gimbal_high_water" was set but never used
      uint32_t Gimbal_high_water;
..\Task\GimbalTask.c: 1 warning, 0 errors
compiling event_groups.c...
compiling list.c...
compiling queue.c...
compiling port.c...
compiling timers.c...
compiling heap_4.c...
compiling IMU.c...
compiling RemoteCtrl.c...
compiling Gimbal.c...
compiling ins.c...
..\INS\ins.c(156): warning:  #177-D: function "IMU_Param_Correction" was declared but never referenced
  static void IMU_Param_Correction(IMU_Param_t *param, float gyro[3], float accel[3])
..\INS\ins.c: 1 warning, 0 errors
compiling tasks.c...
compiling Shoot.c...
compiling CanRing.c...
compiling motor.c...
compiling Usart.c...
linking...
Program Size: Code=28948 RO-data=640 RW-data=492 ZI-data=18220  
"..\OBJ\Gimbal_S.axf" - 0 Error(s), 2 Warning(s).

<h2>Collection of Component include folders:</h2>
  D:\WORK\RM\Task\Infantry\Gimbal\Project\RTE
  D:\WORK\SOFTWARES\MDK5\ARM\PACK\Keil\STM32F4xx_DFP\2.17.1\Drivers\CMSIS\Device\ST\STM32F4xx\Include

<h2>Collection of Component Files used:</h2>
Build Time Elapsed:  00:00:08
</pre>
</body>
</html>
