<html>
<body>
<pre>
<h1>礦ision Build Log</h1>
<h2>Tool Versions:</h2>
IDE-Version: μVision V5.29.0.0
Copyright (C) 2019 ARM Ltd and ARM Germany GmbH. All rights reserved.
License Information: aaa aaa, aa, LIC=PE7DL-0BQRS-MMY9I-TH7PI-G89H6-1XFQK
 
Tool Versions:
Toolchain:       MDK-ARM Plus  Version: 5.29.0.0
Toolchain Path:  E:\Keil5\ARM\ARMCC\Bin
C Compiler:      Armcc.exe V5.06 update 6 (build 750)
Assembler:       Armasm.exe V5.06 update 6 (build 750)
Linker/Locator:  ArmLink.exe V5.06 update 6 (build 750)
Library Manager: ArmAr.exe V5.06 update 6 (build 750)
Hex Converter:   FromElf.exe V5.06 update 6 (build 750)
CPU DLL:         SARMCM3.DLL V5.29.0.0
Dialog DLL:      DCM.DLL V1.17.3.0
Target DLL:      Segger\JL2CM3.dll V2.99.15.0
Dialog DLL:      TCM.DLL V1.36.5.0
 
<h2>Project:</h2>
C:\Users\HP\Desktop\pubu\infantry_2023_07_29\F405_Gimbal\Project\HUST-RM-Master.uvprojx
Project File Date:  07/25/2023

<h2>Output:</h2>
*** Using Compiler 'V5.06 update 6 (build 750)', folder: 'E:\Keil5\ARM\ARMCC\Bin'
Build target 'HUST-RM-Master'
compiling ActionTask.c...
..\Task\ActionTask.c(399): warning:  #1035-D: single-precision operand implicitly converted to double-precision
  			if(ctrl_interval<0.5){//连击两次的间隔小于500ms
..\Task\ActionTask.c(405): warning:  #1035-D: single-precision operand implicitly converted to double-precision
  		}else if(ctrl_interval>1.0){
..\Task\ActionTask.c(354): warning:  #177-D: variable "waitb"  was declared but never referenced
  	static int waitb = 0;
..\Task\ActionTask.c: 3 warnings, 0 errors
linking...
Program Size: Code=69176 RO-data=3848 RW-data=1140 ZI-data=28748  
"..\OBJ\HUST-RM-Master.axf" - 0 Error(s), 3 Warning(s).

<h2>Software Packages used:</h2>

Package Vendor: Keil
                http://www.keil.com/pack/Keil.STM32F4xx_DFP.2.15.0.pack
                Keil.STM32F4xx_DFP.2.15.0
                STMicroelectronics STM32F4 Series Device Support, Drivers and Examples

<h2>Collection of Component include folders:</h2>
  .\RTE\_HUST-RM-Master
  C:\Users\HP\AppData\Local\Arm\Packs\Keil\STM32F4xx_DFP\2.15.0\Drivers\CMSIS\Device\ST\STM32F4xx\Include

<h2>Collection of Component Files used:</h2>
Build Time Elapsed:  00:00:02
</pre>
</body>
</html>
