Component: ARM Compiler 5.06 update 3 (build 300) Tool: armlink [4d35c9]

==============================================================================

Section Cross References

    main.o(i.BSP_Init) refers to microsw.o(i.MicroSwConfigration) for MicroSwConfigration
    main.o(i.BSP_Init) refers to sys.o(i.delay_ms) for delay_ms
    main.o(i.BSP_Init) refers to steeringengine.o(i.SteeringEngine_Configuration) for SteeringEngine_Configuration
    main.o(i.BSP_Init) refers to can1.o(i.CAN1_Configuration) for CAN1_Configuration
    main.o(i.BSP_Init) refers to can2.o(i.CAN2_Configuration) for CAN2_Configuration
    main.o(i.BSP_Init) refers to steeringengine.o(i.SteeringEngine_Set) for SteeringEngine_Set
    main.o(i.BSP_Init) refers to counter.o(i.COUNTER_Configuration) for COUNTER_Configuration
    main.o(i.BSP_Init) refers to main.o(.bss) for Infantry
    main.o(i.Infantry_Init) refers to main.o(.bss) for Infantry
    main.o(i.Robot_Init) refers to main.o(i.Infantry_Init) for Infantry_Init
    main.o(i.Robot_Init) refers to ins.o(i.INS_Init) for INS_Init
    main.o(i.Robot_Init) refers to icm20602.o(i.ICM20602_init) for ICM20602_init
    main.o(i.Robot_Init) refers to gimbalestimatetask.o(.bss) for IMUData
    main.o(i.main) refers to main.o(i.Infantry_Init) for Infantry_Init
    main.o(i.main) refers to main.o(i.BSP_Init) for BSP_Init
    main.o(i.main) refers to main.o(i.Robot_Init) for Robot_Init
    main.o(i.main) refers to start_task.o(i.startTast) for startTast
    main.o(i.main) refers to tasks.o(i.vTaskStartScheduler) for vTaskStartScheduler
    stm32f4xx_it.o(i.SysTick_Handler) refers to port.o(i.xPortSysTickHandler) for xPortSysTickHandler
    system_stm32f4xx.o(i.SystemCoreClockUpdate) refers to system_stm32f4xx.o(.data) for SystemCoreClock
    system_stm32f4xx.o(i.SystemInit) refers to system_stm32f4xx.o(i.SetSysClock) for SetSysClock
    startup_stm32f40_41xxx.o(RESET) refers to startup_stm32f40_41xxx.o(STACK) for __initial_sp
    startup_stm32f40_41xxx.o(RESET) refers to startup_stm32f40_41xxx.o(.text) for Reset_Handler
    startup_stm32f40_41xxx.o(RESET) refers to stm32f4xx_it.o(i.NMI_Handler) for NMI_Handler
    startup_stm32f40_41xxx.o(RESET) refers to stm32f4xx_it.o(i.HardFault_Handler) for HardFault_Handler
    startup_stm32f40_41xxx.o(RESET) refers to stm32f4xx_it.o(i.MemManage_Handler) for MemManage_Handler
    startup_stm32f40_41xxx.o(RESET) refers to stm32f4xx_it.o(i.BusFault_Handler) for BusFault_Handler
    startup_stm32f40_41xxx.o(RESET) refers to stm32f4xx_it.o(i.UsageFault_Handler) for UsageFault_Handler
    startup_stm32f40_41xxx.o(RESET) refers to port.o(.emb_text) for SVC_Handler
    startup_stm32f40_41xxx.o(RESET) refers to stm32f4xx_it.o(i.DebugMon_Handler) for DebugMon_Handler
    startup_stm32f40_41xxx.o(RESET) refers to stm32f4xx_it.o(i.SysTick_Handler) for SysTick_Handler
    startup_stm32f40_41xxx.o(RESET) refers to can1.o(i.CAN1_RX0_IRQHandler) for CAN1_RX0_IRQHandler
    startup_stm32f40_41xxx.o(RESET) refers to can1.o(i.CAN1_RX1_IRQHandler) for CAN1_RX1_IRQHandler
    startup_stm32f40_41xxx.o(RESET) refers to tim4.o(i.TIM4_IRQHandler) for TIM4_IRQHandler
    startup_stm32f40_41xxx.o(RESET) refers to usart3.o(i.USART3_IRQHandler) for USART3_IRQHandler
    startup_stm32f40_41xxx.o(RESET) refers to os_tick.o(i.TIM7_IRQHandler) for TIM7_IRQHandler
    startup_stm32f40_41xxx.o(RESET) refers to frictionwheel.o(i.DMA2_Stream1_IRQHandler) for DMA2_Stream1_IRQHandler
    startup_stm32f40_41xxx.o(RESET) refers to can2.o(i.CAN2_RX0_IRQHandler) for CAN2_RX0_IRQHandler
    startup_stm32f40_41xxx.o(RESET) refers to can2.o(i.CAN2_RX1_IRQHandler) for CAN2_RX1_IRQHandler
    startup_stm32f40_41xxx.o(.text) refers to system_stm32f4xx.o(i.SystemInit) for SystemInit
    startup_stm32f40_41xxx.o(.text) refers to entry.o(.ARM.Collect$$$$00000000) for __main
    stm32f4xx_adc.o(i.ADC_DeInit) refers to stm32f4xx_rcc.o(i.RCC_APB2PeriphResetCmd) for RCC_APB2PeriphResetCmd
    stm32f4xx_can.o(i.CAN_DeInit) refers to stm32f4xx_rcc.o(i.RCC_APB1PeriphResetCmd) for RCC_APB1PeriphResetCmd
    stm32f4xx_can.o(i.CAN_GetITStatus) refers to stm32f4xx_can.o(i.CheckITStatus) for CheckITStatus
    stm32f4xx_dac.o(i.DAC_DeInit) refers to stm32f4xx_rcc.o(i.RCC_APB1PeriphResetCmd) for RCC_APB1PeriphResetCmd
    stm32f4xx_flash.o(i.FLASH_EraseAllBank1Sectors) refers to stm32f4xx_flash.o(i.FLASH_WaitForLastOperation) for FLASH_WaitForLastOperation
    stm32f4xx_flash.o(i.FLASH_EraseAllBank2Sectors) refers to stm32f4xx_flash.o(i.FLASH_WaitForLastOperation) for FLASH_WaitForLastOperation
    stm32f4xx_flash.o(i.FLASH_EraseAllSectors) refers to stm32f4xx_flash.o(i.FLASH_WaitForLastOperation) for FLASH_WaitForLastOperation
    stm32f4xx_flash.o(i.FLASH_EraseSector) refers to stm32f4xx_flash.o(i.FLASH_WaitForLastOperation) for FLASH_WaitForLastOperation
    stm32f4xx_flash.o(i.FLASH_OB_Launch) refers to stm32f4xx_flash.o(i.FLASH_WaitForLastOperation) for FLASH_WaitForLastOperation
[...]
    ..\User\stm32f4xx_it.c                   0x00000000   Number         0  stm32f4xx_it.o ABSOLUTE
    ..\User\sys.c                            0x00000000   Number         0  sys.o ABSOLUTE
    ..\User\system_stm32f4xx.c               0x00000000   Number         0  system_stm32f4xx.o ABSOLUTE
    ..\\Algorithm\\TD.c                      0x00000000   Number         0  td.o ABSOLUTE
    ..\\Algorithm\\algorithmOfCRC.c          0x00000000   Number         0  algorithmofcrc.o ABSOLUTE
    ..\\Algorithm\\filters.c                 0x00000000   Number         0  filters.o ABSOLUTE
    ..\\Algorithm\\myMath.c                  0x00000000   Number         0  mymath.o ABSOLUTE
    ..\\Algorithm\\pid.c                     0x00000000   Number         0  pid.o ABSOLUTE
    ..\\Algorithm\\queueData.c               0x00000000   Number         0  queuedata.o ABSOLUTE
    ..\\FastMathFunctions\\arm_cos_f32.c     0x00000000   Number         0  arm_cos_f32.o ABSOLUTE
    ..\\FastMathFunctions\\arm_sin_f32.c     0x00000000   Number         0  arm_sin_f32.o ABSOLUTE
    ..\\FreeRTOS\\port\\MemMang\\heap_4.c    0x00000000   Number         0  heap_4.o ABSOLUTE
    ..\\FreeRTOS\\port\\RVDS\\ARM_CM4F\\port.c 0x00000000   Number         0  port.o ABSOLUTE
    ..\\FreeRTOS\\src\\croutine.c            0x00000000   Number         0  croutine.o ABSOLUTE
    ..\\FreeRTOS\\src\\event_groups.c        0x00000000   Number         0  event_groups.o ABSOLUTE
    ..\\FreeRTOS\\src\\list.c                0x00000000   Number         0  list.o ABSOLUTE
    ..\\FreeRTOS\\src\\queue.c               0x00000000   Number         0  queue.o ABSOLUTE
    ..\\FreeRTOS\\src\\tasks.c               0x00000000   Number         0  tasks.o ABSOLUTE
    ..\\FreeRTOS\\src\\timers.c              0x00000000   Number         0  timers.o ABSOLUTE
    ..\\INS\\GimbalEstimateTask.c            0x00000000   Number         0  gimbalestimatetask.o ABSOLUTE
    ..\\INS\\QuaternionEKF.c                 0x00000000   Number         0  quaternionekf.o ABSOLUTE
    ..\\INS\\RtosTaskCheck.c                 0x00000000   Number         0  rtostaskcheck.o ABSOLUTE
    ..\\INS\\icm20602.c                      0x00000000   Number         0  icm20602.o ABSOLUTE
    ..\\INS\\ins.c                           0x00000000   Number         0  ins.o ABSOLUTE
    ..\\INS\\kalman_filter.c                 0x00000000   Number         0  kalman_filter.o ABSOLUTE
    ..\\Library\\src\\misc.c                 0x00000000   Number         0  misc.o ABSOLUTE
    ..\\Library\\src\\stm32f4xx_adc.c        0x00000000   Number         0  stm32f4xx_adc.o ABSOLUTE
    ..\\Library\\src\\stm32f4xx_can.c        0x00000000   Number         0  stm32f4xx_can.o ABSOLUTE
    ..\\Library\\src\\stm32f4xx_crc.c        0x00000000   Number         0  stm32f4xx_crc.o ABSOLUTE
    ..\\Library\\src\\stm32f4xx_dac.c        0x00000000   Number         0  stm32f4xx_dac.o ABSOLUTE
    ..\\Library\\src\\stm32f4xx_dbgmcu.c     0x00000000   Number         0  stm32f4xx_dbgmcu.o ABSOLUTE
    ..\\Library\\src\\stm32f4xx_dma.c        0x00000000   Number         0  stm32f4xx_dma.o ABSOLUTE
    ..\\Library\\src\\stm32f4xx_exti.c       0x00000000   Number         0  stm32f4xx_exti.o ABSOLUTE
    ..\\Library\\src\\stm32f4xx_flash.c      0x00000000   Number         0  stm32f4xx_flash.o ABSOLUTE
    ..\\Library\\src\\stm32f4xx_flash_ramfunc.c 0x00000000   Number         0  stm32f4xx_flash_ramfunc.o ABSOLUTE
    ..\\Library\\src\\stm32f4xx_gpio.c       0x00000000   Number         0  stm32f4xx_gpio.o ABSOLUTE
    ..\\Library\\src\\stm32f4xx_i2c.c        0x00000000   Number         0  stm32f4xx_i2c.o ABSOLUTE
    ..\\Library\\src\\stm32f4xx_iwdg.c       0x00000000   Number         0  stm32f4xx_iwdg.o ABSOLUTE
    ..\\Library\\src\\stm32f4xx_rcc.c        0x00000000   Number         0  stm32f4xx_rcc.o ABSOLUTE
    ..\\Library\\src\\stm32f4xx_rng.c        0x00000000   Number         0  stm32f4xx_rng.o ABSOLUTE
    ..\\Library\\src\\stm32f4xx_rtc.c        0x00000000   Number         0  stm32f4xx_rtc.o ABSOLUTE
    ..\\Library\\src\\stm32f4xx_spi.c        0x00000000   Number         0  stm32f4xx_spi.o ABSOLUTE
    ..\\Library\\src\\stm32f4xx_syscfg.c     0x00000000   Number         0  stm32f4xx_syscfg.o ABSOLUTE
    ..\\Library\\src\\stm32f4xx_tim.c        0x00000000   Number         0  stm32f4xx_tim.o ABSOLUTE
    ..\\Library\\src\\stm32f4xx_usart.c      0x00000000   Number         0  stm32f4xx_usart.o ABSOLUTE
    ..\\Library\\src\\stm32f4xx_wwdg.c       0x00000000   Number         0  stm32f4xx_wwdg.o ABSOLUTE
    ..\\MatrixFunctions\\arm_mat_add_f32.c   0x00000000   Number         0  arm_mat_add_f32.o ABSOLUTE
    ..\\MatrixFunctions\\arm_mat_init_f32.c  0x00000000   Number         0  arm_mat_init_f32.o ABSOLUTE
    ..\\MatrixFunctions\\arm_mat_inverse_f32.c 0x00000000   Number         0  arm_mat_inverse_f32.o ABSOLUTE
    ..\\MatrixFunctions\\arm_mat_mult_f32.c  0x00000000   Number         0  arm_mat_mult_f32.o ABSOLUTE
    ..\\MatrixFunctions\\arm_mat_sub_f32.c   0x00000000   Number         0  arm_mat_sub_f32.o ABSOLUTE
    ..\\MatrixFunctions\\arm_mat_trans_f32.c 0x00000000   Number         0  arm_mat_trans_f32.o ABSOLUTE
    ..\\Mylib\\FrictionWheel.c               0x00000000   Number         0  frictionwheel.o ABSOLUTE
    ..\\Mylib\\MicroSw.c                     0x00000000   Number         0  microsw.o ABSOLUTE
    ..\\Mylib\\SteeringEngine.c              0x00000000   Number         0  steeringengine.o ABSOLUTE
    ..\\Mylib\\can1.c                        0x00000000   Number         0  can1.o ABSOLUTE
    ..\\Mylib\\can2.c                        0x00000000   Number         0  can2.o ABSOLUTE
    ..\\Mylib\\counter.c                     0x00000000   Number         0  counter.o ABSOLUTE
    ..\\Mylib\\gpio.c                        0x00000000   Number         0  gpio.o ABSOLUTE
    ..\\Mylib\\iwdg.c                        0x00000000   Number         0  iwdg.o ABSOLUTE
    ..\\Mylib\\laser.c                       0x00000000   Number         0  laser.o ABSOLUTE
    ..\\Mylib\\tim4.c                        0x00000000   Number         0  tim4.o ABSOLUTE
    ..\\Mylib\\usart1.c                      0x00000000   Number         0  usart1.o ABSOLUTE
    ..\\Mylib\\usart3.c                      0x00000000   Number         0  usart3.o ABSOLUTE
    ..\\RTOS_Test\\CPU_Task.c                0x00000000   Number         0  cpu_task.o ABSOLUTE
    ..\\RTOS_Test\\os_tick.c                 0x00000000   Number         0  os_tick.o ABSOLUTE
    ..\\SD\\SDCardTask.c                     0x00000000   Number         0  sdcardtask.o ABSOLUTE
    ..\\SD\\bsp_spi_sdcard.c                 0x00000000   Number         0  bsp_spi_sdcard.o ABSOLUTE
    ..\\SD\\diskio.c                         0x00000000   Number         0  diskio.o ABSOLUTE
    ..\\Software\\CanRing.c                  0x00000000   Number         0  canring.o ABSOLUTE
    ..\\Software\\Gimbal.c                   0x00000000   Number         0  gimbal.o ABSOLUTE
    ..\\Software\\RemoteCtrl.c               0x00000000   Number         0  remotectrl.o ABSOLUTE
    ..\\Software\\Usart.c                    0x00000000   Number         0  usart.o ABSOLUTE
    ..\\Software\\motor.c                    0x00000000   Number         0  motor.o ABSOLUTE
    ..\\Task\\GimbalTask.c                   0x00000000   Number         0  gimbaltask.o ABSOLUTE
    ..\\Task\\Start_Task.c                   0x00000000   Number         0  start_task.o ABSOLUTE
    ..\\User\\main.c                         0x00000000   Number         0  main.o ABSOLUTE
    ..\\User\\stm32f4xx_it.c                 0x00000000   Number         0  stm32f4xx_it.o ABSOLUTE
    ..\\User\\sys.c                          0x00000000   Number         0  sys.o ABSOLUTE
    ..\\User\\system_stm32f4xx.c             0x00000000   Number         0  system_stm32f4xx.o ABSOLUTE
    cdcmple.s                                0x00000000   Number         0  cdcmple.o ABSOLUTE
    cdrcmple.s                               0x00000000   Number         0  cdrcmple.o ABSOLUTE
    dc.s                                     0x00000000   Number         0  dc.o ABSOLUTE
    handlers.s                               0x00000000   Number         0  handlers.o ABSOLUTE
    init.s                                   0x00000000   Number         0  init.o ABSOLUTE
    RESET                                    0x08000000   Section      392  startup_stm32f40_41xxx.o(RESET)
    .ARM.Collect$$$$00000000                 0x08000188   Section        0  entry.o(.ARM.Collect$$$$00000000)
    .ARM.Collect$$$$00000001                 0x08000188   Section        4  entry2.o(.ARM.Collect$$$$00000001)
    .ARM.Collect$$$$00000004                 0x0800018c   Section        4  entry5.o(.ARM.Collect$$$$00000004)
    .ARM.Collect$$$$00000008                 0x08000190   Section        0  entry7b.o(.ARM.Collect$$$$00000008)
    .ARM.Collect$$$$0000000A                 0x08000190   Section        0  entry8b.o(.ARM.Collect$$$$0000000A)
    .ARM.Collect$$$$0000000B                 0x08000190   Section        8  entry9a.o(.ARM.Collect$$$$0000000B)
    .ARM.Collect$$$$0000000D                 0x08000198   Section        0  entry10a.o(.ARM.Collect$$$$0000000D)
    .ARM.Collect$$$$0000000F                 0x08000198   Section        0  entry11a.o(.ARM.Collect$$$$0000000F)
    .ARM.Collect$$$$00002712                 0x08000198   Section        4  entry2.o(.ARM.Collect$$$$00002712)
    __lit__00000000                          0x08000198   Data           4  entry2.o(.ARM.Collect$$$$00002712)
    .emb_text                                0x0800019c   Section      182  port.o(.emb_text)
    $v0                                      0x0800019c   Number         0  port.o(.emb_text)
    .text                                    0x08000254   Section       36  startup_stm32f40_41xxx.o(.text)
    $v0                                      0x08000254   Number         0  startup_stm32f40_41xxx.o(.text)
    .text                                    0x08000278   Section        0  arm_mat_add_f32.o(.text)
    .text                                    0x08000378   Section        0  arm_mat_init_f32.o(.text)
    .text                                    0x08000380   Section        0  arm_mat_inverse_f32.o(.text)
    .text                                    0x08000880   Section        0  arm_mat_mult_f32.o(.text)
    .text                                    0x08000978   Section        0  arm_mat_sub_f32.o(.text)
    .text                                    0x08000a78   Section        0  arm_mat_trans_f32.o(.text)
    .text                                    0x08000b10   Section        0  memcpya.o(.text)
    .text                                    0x08000b34   Section        0  memseta.o(.text)
    .text                                    0x08000b58   Section        0  iusefp.o(.text)
    .text                                    0x08000b58   Section       36  init.o(.text)
    .text                                    0x08000b7c   Section        0  __dczerorl2.o(.text)
    i.BSP_Init                               0x08000bd4   Section        0  main.o(i.BSP_Init)
    i.BusFault_Handler                       0x08000c1c   Section        0  stm32f4xx_it.o(i.BusFault_Handler)
    i.CAN1_Configuration                     0x08000c20   Section        0  can1.o(i.CAN1_Configuration)
    i.CAN1_RX0_IRQHandler                    0x08000d90   Section        0  can1.o(i.CAN1_RX0_IRQHandler)
    i.CAN1_RX1_IRQHandler                    0x08000dd0   Section        0  can1.o(i.CAN1_RX1_IRQHandler)
    i.CAN2_Configuration                     0x08000e10   Section        0  can2.o(i.CAN2_Configuration)
    i.CAN2_RX0_IRQHandler                    0x08000f7c   Section        0  can2.o(i.CAN2_RX0_IRQHandler)
    i.CAN2_RX1_IRQHandler                    0x08000fbc   Section        0  can2.o(i.CAN2_RX1_IRQHandler)
    i.CAN_ClearITPendingBit                  0x08000ffc   Section        0  stm32f4xx_can.o(i.CAN_ClearITPendingBit)
    i.CAN_DeInit                             0x080010a4   Section        0  stm32f4xx_can.o(i.CAN_DeInit)
    i.CAN_FilterInit                         0x080010dc   Section        0  stm32f4xx_can.o(i.CAN_FilterInit)
    i.CAN_GetITStatus                        0x080011e4   Section        0  stm32f4xx_can.o(i.CAN_GetITStatus)
    i.CAN_ITConfig                           0x08001304   Section        0  stm32f4xx_can.o(i.CAN_ITConfig)
    i.CAN_Init                               0x08001316   Section        0  stm32f4xx_can.o(i.CAN_Init)
    i.CAN_Receive                            0x0800142a   Section        0  stm32f4xx_can.o(i.CAN_Receive)
    i.CAN_StructInit                         0x0800151a   Section        0  stm32f4xx_can.o(i.CAN_StructInit)
    i.COUNTER_Configuration                  0x0800153c   Section        0  counter.o(i.COUNTER_Configuration)
    i.Calibrate_IMU_Offset                   0x08001588   Section        0  icm20602.o(i.Calibrate_IMU_Offset)
    i.CheckITStatus                          0x08001920   Section        0  stm32f4xx_can.o(i.CheckITStatus)
    CheckITStatus                            0x08001921   Thumb Code    18  stm32f4xx_can.o(i.CheckITStatus)
    i.DMA2_Stream1_IRQHandler                0x08001934   Section        0  frictionwheel.o(i.DMA2_Stream1_IRQHandler)
    i.DMA_ClearITPendingBit                  0x080019a4   Section        0  stm32f4xx_dma.o(i.DMA_ClearITPendingBit)
    i.DMA_Cmd                                0x080019d8   Section        0  stm32f4xx_dma.o(i.DMA_Cmd)
    i.DMA_DeInit                             0x080019f0   Section        0  stm32f4xx_dma.o(i.DMA_DeInit)
    i.DMA_GetFlagStatus                      0x08001b48   Section        0  stm32f4xx_dma.o(i.DMA_GetFlagStatus)
    i.DMA_ITConfig                           0x08001b8c   Section        0  stm32f4xx_dma.o(i.DMA_ITConfig)
    i.DMA_Init                               0x08001bc8   Section        0  stm32f4xx_dma.o(i.DMA_Init)
    i.DebugMon_Handler                       0x08001c20   Section        0  stm32f4xx_it.o(i.DebugMon_Handler)
    i.Delay                                  0x08001c22   Section        0  counter.o(i.Delay)
    i.GPIO_Init                              0x08001c40   Section        0  stm32f4xx_gpio.o(i.GPIO_Init)
    i.GPIO_PinAFConfig                       0x08001cd0   Section        0  stm32f4xx_gpio.o(i.GPIO_PinAFConfig)
    i.GetTime_s                              0x08001d18   Section        0  counter.o(i.GetTime_s)
    i.HardFault_Handler                      0x08001d5c   Section        0  stm32f4xx_it.o(i.HardFault_Handler)
    i.ICM20602_init                          0x08001d60   Section        0  icm20602.o(i.ICM20602_init)
    i.ICM_20602_Decode                       0x08001d70   Section        0  icm20602.o(i.ICM_20602_Decode)
    i.IMU_QuaternionEKF_F_Linearization_P_Fading 0x08001dfc   Section        0  quaternionekf.o(i.IMU_QuaternionEKF_F_Linearization_P_Fading)
    IMU_QuaternionEKF_F_Linearization_P_Fading 0x08001dfd   Thumb Code   540  quaternionekf.o(i.IMU_QuaternionEKF_F_Linearization_P_Fading)
    i.IMU_QuaternionEKF_Init                 0x08002034   Section        0  quaternionekf.o(i.IMU_QuaternionEKF_Init)
    i.IMU_QuaternionEKF_Observe              0x08002164   Section        0  quaternionekf.o(i.IMU_QuaternionEKF_Observe)
    IMU_QuaternionEKF_Observe                0x08002165   Thumb Code    40  quaternionekf.o(i.IMU_QuaternionEKF_Observe)
    i.IMU_QuaternionEKF_SetH                 0x08002198   Section        0  quaternionekf.o(i.IMU_QuaternionEKF_SetH)
    IMU_QuaternionEKF_SetH                   0x08002199   Thumb Code   274  quaternionekf.o(i.IMU_QuaternionEKF_SetH)
    i.IMU_QuaternionEKF_xhatUpdate           0x080022c0   Section        0  quaternionekf.o(i.IMU_QuaternionEKF_xhatUpdate)
    IMU_QuaternionEKF_xhatUpdate             0x080022c1   Thumb Code  1284  quaternionekf.o(i.IMU_QuaternionEKF_xhatUpdate)
    i.INS_Init                               0x080027c8   Section        0  ins.o(i.INS_Init)
    i.Infantry_Init                          0x08002850   Section        0  main.o(i.Infantry_Init)
    i.Kalman_Filter_Init                     0x080028c4   Section        0  kalman_filter.o(i.Kalman_Filter_Init)
    i.MemManage_Handler                      0x08002fd0   Section        0  stm32f4xx_it.o(i.MemManage_Handler)
    i.MicroSwConfigration                    0x08002fd4   Section        0  microsw.o(i.MicroSwConfigration)
    i.NMI_Handler                            0x08003004   Section        0  stm32f4xx_it.o(i.NMI_Handler)
    i.NVIC_Init                              0x08003008   Section        0  misc.o(i.NVIC_Init)
    i.RCC_AHB1PeriphClockCmd                 0x08003080   Section        0  stm32f4xx_rcc.o(i.RCC_AHB1PeriphClockCmd)
    i.RCC_APB1PeriphClockCmd                 0x080030a0   Section        0  stm32f4xx_rcc.o(i.RCC_APB1PeriphClockCmd)
    i.RCC_APB1PeriphResetCmd                 0x080030c0   Section        0  stm32f4xx_rcc.o(i.RCC_APB1PeriphResetCmd)
    i.RCC_GetClocksFreq                      0x080030e0   Section        0  stm32f4xx_rcc.o(i.RCC_GetClocksFreq)
    i.Robot_Init                             0x080031c8   Section        0  main.o(i.Robot_Init)
    i.SetSysClock                            0x080031e4   Section        0  system_stm32f4xx.o(i.SetSysClock)
    SetSysClock                              0x080031e5   Thumb Code   220  system_stm32f4xx.o(i.SetSysClock)
    i.SteeringEngine_Configuration           0x080032d0   Section        0  steeringengine.o(i.SteeringEngine_Configuration)
    i.SteeringEngine_Set                     0x08003388   Section        0  steeringengine.o(i.SteeringEngine_Set)
    i.SysTick_Handler                        0x080033c8   Section        0  stm32f4xx_it.o(i.SysTick_Handler)
    i.SysTimeUpdate                          0x080033d0   Section        0  counter.o(i.SysTimeUpdate)
    i.SystemInit                             0x08003464   Section        0  system_stm32f4xx.o(i.SystemInit)
    i.TIM4_IRQHandler                        0x080034cc   Section        0  tim4.o(i.TIM4_IRQHandler)
    i.TIM7_IRQHandler                        0x080034e8   Section        0  os_tick.o(i.TIM7_IRQHandler)
    i.TIM_ARRPreloadConfig                   0x08003510   Section        0  stm32f4xx_tim.o(i.TIM_ARRPreloadConfig)
    i.TIM_ClearFlag                          0x08003528   Section        0  stm32f4xx_tim.o(i.TIM_ClearFlag)
    i.TIM_ClearITPendingBit                  0x0800352e   Section        0  stm32f4xx_tim.o(i.TIM_ClearITPendingBit)
    i.TIM_Cmd                                0x08003534   Section        0  stm32f4xx_tim.o(i.TIM_Cmd)
    i.TIM_CtrlPWMOutputs                     0x0800354c   Section        0  stm32f4xx_tim.o(i.TIM_CtrlPWMOutputs)
    i.TIM_DMACmd                             0x0800356a   Section        0  stm32f4xx_tim.o(i.TIM_DMACmd)
    i.TIM_GetITStatus                        0x0800357c   Section        0  stm32f4xx_tim.o(i.TIM_GetITStatus)
    i.TIM_ITConfig                           0x0800359e   Section        0  stm32f4xx_tim.o(i.TIM_ITConfig)
    i.TIM_OC4Init                            0x080035b0   Section        0  stm32f4xx_tim.o(i.TIM_OC4Init)
    i.TIM_OC4PreloadConfig                   0x08003628   Section        0  stm32f4xx_tim.o(i.TIM_OC4PreloadConfig)
    i.TIM_SetCompare3                        0x08003642   Section        0  stm32f4xx_tim.o(i.TIM_SetCompare3)
    i.TIM_SetCompare4                        0x08003646   Section        0  stm32f4xx_tim.o(i.TIM_SetCompare4)
    i.TIM_TimeBaseInit                       0x0800364c   Section        0  stm32f4xx_tim.o(i.TIM_TimeBaseInit)
    i.USART3_Configuration                   0x080036d0   Section        0  usart3.o(i.USART3_Configuration)
    i.USART3_IRQHandler                      0x080037fc   Section        0  usart3.o(i.USART3_IRQHandler)
    i.USART_Cmd                              0x08003864   Section        0  stm32f4xx_usart.o(i.USART_Cmd)
    i.USART_DMACmd                           0x0800387c   Section        0  stm32f4xx_usart.o(i.USART_DMACmd)
    i.USART_GetITStatus                      0x0800388e   Section        0  stm32f4xx_usart.o(i.USART_GetITStatus)
    i.USART_ITConfig                         0x080038e2   Section        0  stm32f4xx_usart.o(i.USART_ITConfig)
    i.USART_Init                             0x0800392c   Section        0  stm32f4xx_usart.o(i.USART_Init)
    i.UsageFault_Handler                     0x08003a00   Section        0  stm32f4xx_it.o(i.UsageFault_Handler)
    i.__hardfp_acosf                         0x08003a04   Section        0  acosf.o(i.__hardfp_acosf)
    i.__hardfp_sqrtf                         0x08003b1c   Section        0  sqrtf.o(i.__hardfp_sqrtf)
    i.__mathlib_flt_infnan                   0x08003b56   Section        0  funder.o(i.__mathlib_flt_infnan)
    i.__mathlib_flt_invalid                  0x08003b5c   Section        0  funder.o(i.__mathlib_flt_invalid)
    i.__scatterload_copy                     0x08003b6c   Section       14  handlers.o(i.__scatterload_copy)
    i.__scatterload_null                     0x08003b7a   Section        2  handlers.o(i.__scatterload_null)
    i.__scatterload_zeroinit                 0x08003b7c   Section       14  handlers.o(i.__scatterload_zeroinit)
    i.__set_errno                            0x08003b8c   Section        0  errno.o(i.__set_errno)
    i.delay_ms                               0x08003b98   Section        0  sys.o(i.delay_ms)
    i.gimUpdate                              0x08003bb6   Section        0  gimbal.o(i.gimUpdate)
    i.gimbalInit                             0x08003bc8   Section        0  gimbal.o(i.gimbalInit)
    i.gimbalTask                             0x08003bd4   Section        0  gimbaltask.o(i.gimbalTask)
    i.invSqrt                                0x08003c08   Section        0  quaternionekf.o(i.invSqrt)
    invSqrt                                  0x08003c09   Thumb Code    56  quaternionekf.o(i.invSqrt)
    i.main                                   0x08003c44   Section        0  main.o(i.main)
    i.malloc                                 0x08003c5c   Section        0  malloc.o(i.malloc)
    i.prvAddCurrentTaskToDelayedList         0x08003cc8   Section        0  tasks.o(i.prvAddCurrentTaskToDelayedList)
    prvAddCurrentTaskToDelayedList           0x08003cc9   Thumb Code   124  tasks.o(i.prvAddCurrentTaskToDelayedList)
    i.prvAddNewTaskToReadyList               0x08003d60   Section        0  tasks.o(i.prvAddNewTaskToReadyList)
    prvAddNewTaskToReadyList                 0x08003d61   Thumb Code   156  tasks.o(i.prvAddNewTaskToReadyList)
    i.prvCheckTasksWaitingTermination        0x08003e18   Section        0  tasks.o(i.prvCheckTasksWaitingTermination)
    prvCheckTasksWaitingTermination          0x08003e19   Thumb Code    86  tasks.o(i.prvCheckTasksWaitingTermination)
    i.prvDeleteTCB                           0x08003e7c   Section        0  tasks.o(i.prvDeleteTCB)
    prvDeleteTCB                             0x08003e7d   Thumb Code    18  tasks.o(i.prvDeleteTCB)
    i.prvHeapInit                            0x08003e90   Section        0  heap_4.o(i.prvHeapInit)
    prvHeapInit                              0x08003e91   Thumb Code    98  heap_4.o(i.prvHeapInit)
    i.prvIdleTask                            0x08003f0c   Section        0  tasks.o(i.prvIdleTask)
    prvIdleTask                              0x08003f0d   Thumb Code    32  tasks.o(i.prvIdleTask)
    i.prvInitialiseNewTask                   0x08003f34   Section        0  tasks.o(i.prvInitialiseNewTask)
    prvInitialiseNewTask                     0x08003f35   Thumb Code   144  tasks.o(i.prvInitialiseNewTask)
    i.prvInitialiseTaskLists                 0x08003fc4   Section        0  tasks.o(i.prvInitialiseTaskLists)
    prvInitialiseTaskLists                   0x08003fc5   Thumb Code    70  tasks.o(i.prvInitialiseTaskLists)
    i.prvInsertBlockIntoFreeList             0x0800402c   Section        0  heap_4.o(i.prvInsertBlockIntoFreeList)
    prvInsertBlockIntoFreeList               0x0800402d   Thumb Code    96  heap_4.o(i.prvInsertBlockIntoFreeList)
    i.prvResetNextTaskUnblockTime            0x08004094   Section        0  tasks.o(i.prvResetNextTaskUnblockTime)
    prvResetNextTaskUnblockTime              0x08004095   Thumb Code    42  tasks.o(i.prvResetNextTaskUnblockTime)
    i.prvTaskCheckFreeStackSpace             0x080040c8   Section        0  tasks.o(i.prvTaskCheckFreeStackSpace)
    prvTaskCheckFreeStackSpace               0x080040c9   Thumb Code    22  tasks.o(i.prvTaskCheckFreeStackSpace)
    i.prvTaskExitError                       0x080040de   Section        0  port.o(i.prvTaskExitError)
    prvTaskExitError                         0x080040df   Thumb Code    22  port.o(i.prvTaskExitError)
    i.pushCanMsg                             0x080040f4   Section        0  canring.o(i.pushCanMsg)
    i.pvPortMalloc                           0x08004158   Section        0  heap_4.o(i.pvPortMalloc)
    i.pxPortInitialiseStack                  0x08004228   Section        0  port.o(i.pxPortInitialiseStack)
    i.remoteCtrlInit                         0x08004254   Section        0  remotectrl.o(i.remoteCtrlInit)
    i.sqrtf                                  0x08004278   Section        0  sqrtf.o(i.sqrtf)
    i.startTast                              0x080042b8   Section        0  start_task.o(i.startTast)
    i.start_task                             0x080042e4   Section        0  start_task.o(i.start_task)
    i.updateRC                               0x08004328   Section        0  remotectrl.o(i.updateRC)
    i.usartIfInit                            0x080044a4   Section        0  usart.o(i.usartIfInit)
    i.uxListRemove                           0x080044ce   Section        0  list.o(i.uxListRemove)
    i.uxTaskGetStackHighWaterMark            0x080044f8   Section        0  tasks.o(i.uxTaskGetStackHighWaterMark)
    i.vListInitialise                        0x08004520   Section        0  list.o(i.vListInitialise)
    i.vListInitialiseItem                    0x0800453a   Section        0  list.o(i.vListInitialiseItem)
    i.vListInsert                            0x08004540   Section        0  list.o(i.vListInsert)
    i.vListInsertEnd                         0x08004574   Section        0  list.o(i.vListInsertEnd)
    i.vPortEnterCritical                     0x0800458c   Section        0  port.o(i.vPortEnterCritical)
    i.vPortExitCritical                      0x080045b0   Section        0  port.o(i.vPortExitCritical)
    i.vPortFree                              0x080045d0   Section        0  heap_4.o(i.vPortFree)
    i.vPortSetupTimerInterrupt               0x08004618   Section        0  port.o(i.vPortSetupTimerInterrupt)
    i.vTaskDelay                             0x08004638   Section        0  tasks.o(i.vTaskDelay)
    i.vTaskDelayUntil                        0x0800466c   Section        0  tasks.o(i.vTaskDelayUntil)
    i.vTaskDelete                            0x080046e0   Section        0  tasks.o(i.vTaskDelete)
    i.vTaskStartScheduler                    0x080047ac   Section        0  tasks.o(i.vTaskStartScheduler)
    i.vTaskSuspendAll                        0x08004818   Section        0  tasks.o(i.vTaskSuspendAll)
    i.vTaskSwitchContext                     0x08004828   Section        0  tasks.o(i.vTaskSwitchContext)
    i.xPortStartScheduler                    0x080048c8   Section        0  port.o(i.xPortStartScheduler)
    i.xPortSysTickHandler                    0x08004910   Section        0  port.o(i.xPortSysTickHandler)
    i.xTaskCreate                            0x08004944   Section        0  tasks.o(i.xTaskCreate)
    i.xTaskGetTickCount                      0x080049a4   Section        0  tasks.o(i.xTaskGetTickCount)
    i.xTaskIncrementTick                     0x080049b0   Section        0  tasks.o(i.xTaskIncrementTick)
    i.xTaskResumeAll                         0x08004acc   Section        0  tasks.o(i.xTaskResumeAll)
    .constdata                               0x08004bb4   Section      144  quaternionekf.o(.constdata)
    .data                                    0x20000000   Section       20  system_stm32f4xx.o(.data)
    .data                                    0x20000014   Section       16  stm32f4xx_rcc.o(.data)
    APBAHBPrescTable                         0x20000014   Data          16  stm32f4xx_rcc.o(.data)
    .data                                    0x20000024   Section        8  steeringengine.o(.data)
    .data                                    0x2000002c   Section        8  usart3.o(.data)
    DATA_LENGTH                              0x20000030   Data           4  usart3.o(.data)
    .data                                    0x20000034   Section        4  os_tick.o(.data)
    .data                                    0x20000038   Section       24  counter.o(.data)
    CNT_TEMP1                                0x20000040   Data           8  counter.o(.data)
    CNT_TEMP2                                0x20000048   Data           8  counter.o(.data)
    .data                                    0x20000050   Section        4  start_task.o(.data)
    StartTask_Handler                        0x20000050   Data           4  start_task.o(.data)
    .data                                    0x20000054   Section       72  tasks.o(.data)
    pxDelayedTaskList                        0x20000058   Data           4  tasks.o(.data)
    pxOverflowDelayedTaskList                0x2000005c   Data           4  tasks.o(.data)
    uxDeletedTasksWaitingCleanUp             0x20000060   Data           4  tasks.o(.data)
    uxCurrentNumberOfTasks                   0x20000064   Data           4  tasks.o(.data)
    xTickCount                               0x20000068   Data           4  tasks.o(.data)
    uxTopReadyPriority                       0x2000006c   Data           4  tasks.o(.data)
    xSchedulerRunning                        0x20000070   Data           4  tasks.o(.data)
    uxPendedTicks                            0x20000074   Data           4  tasks.o(.data)
    xYieldPending                            0x20000078   Data           4  tasks.o(.data)
    xNumOfOverflows                          0x2000007c   Data           4  tasks.o(.data)
    uxTaskNumber                             0x20000080   Data           4  tasks.o(.data)
    xNextTaskUnblockTime                     0x20000084   Data           4  tasks.o(.data)
    xIdleTaskHandle                          0x20000088   Data           4  tasks.o(.data)
    uxSchedulerSuspended                     0x2000008c   Data           4  tasks.o(.data)
    ulTaskSwitchedInTime                     0x20000090   Data           4  tasks.o(.data)
    ulTotalRunTime                           0x20000094   Data           4  tasks.o(.data)
    .data                                    0x2000009c   Section       24  heap_4.o(.data)
    xStart                                   0x2000009c   Data           8  heap_4.o(.data)
    pxEnd                                    0x200000a4   Data           4  heap_4.o(.data)
    xFreeBytesRemaining                      0x200000a8   Data           4  heap_4.o(.data)
    xMinimumEverFreeBytesRemaining           0x200000ac   Data           4  heap_4.o(.data)
    xBlockAllocatedBit                       0x200000b0   Data           4  heap_4.o(.data)
    .data                                    0x200000b4   Section        4  port.o(.data)
    uxCriticalNesting                        0x200000b4   Data           4  port.o(.data)
    .data                                    0x200000b8   Section        6  icm20602.o(.data)
    startTime                                0x200000b8   Data           4  icm20602.o(.data)
    CaliTimes                                0x200000bc   Data           2  icm20602.o(.data)
    .data                                    0x200000be   Section        4  kalman_filter.o(.data)
    .data                                    0x200000c4   Section      212  quaternionekf.o(.data)
    halfgxdt                                 0x20000154   Data           4  quaternionekf.o(.data)
    halfgydt                                 0x20000158   Data           4  quaternionekf.o(.data)
    halfgzdt                                 0x2000015c   Data           4  quaternionekf.o(.data)
    accelInvNorm                             0x20000160   Data           4  quaternionekf.o(.data)
    q0                                       0x20000164   Data           4  quaternionekf.o(.data)
    q1                                       0x20000168   Data           4  quaternionekf.o(.data)
    q2                                       0x2000016c   Data           4  quaternionekf.o(.data)
    q3                                       0x20000170   Data           4  quaternionekf.o(.data)
    qInvNorm                                 0x20000174   Data           4  quaternionekf.o(.data)
    doubleq0                                 0x20000178   Data           4  quaternionekf.o(.data)
    doubleq1                                 0x2000017c   Data           4  quaternionekf.o(.data)
    doubleq2                                 0x20000180   Data           4  quaternionekf.o(.data)
    doubleq3                                 0x20000184   Data           4  quaternionekf.o(.data)
    q0                                       0x20000188   Data           4  quaternionekf.o(.data)
    q1                                       0x2000018c   Data           4  quaternionekf.o(.data)
    q2                                       0x20000190   Data           4  quaternionekf.o(.data)
    q3                                       0x20000194   Data           4  quaternionekf.o(.data)
    .data                                    0x20000198   Section        4  mvars.o(.data)
    .data                                    0x2000019c   Section        4  mvars.o(.data)
    .data                                    0x200001a0   Section        4  errno.o(.data)
    _errno                                   0x200001a0   Data           4  errno.o(.data)
    .bss                                     0x200001a4   Section       52  main.o(.bss)
    .bss                                     0x200001d8   Section      248  can1.o(.bss)
    .bss                                     0x200002d0   Section      248  can2.o(.bss)
    .bss                                     0x200003c8   Section       16  usart3.o(.bss)
    .bss                                     0x200003d8   Section       12  counter.o(.bss)
    .bss                                     0x200003e4   Section       48  start_task.o(.bss)
    .bss                                     0x20000414   Section       56  gimbalestimatetask.o(.bss)
    .bss                                     0x2000044c   Section       60  gimbaltask.o(.bss)
    .bss                                     0x20000488   Section      740  tasks.o(.bss)
    pxReadyTasksLists                        0x20000488   Data         640  tasks.o(.bss)
    xDelayedTaskList1                        0x20000708   Data          20  tasks.o(.bss)
    xDelayedTaskList2                        0x2000071c   Data          20  tasks.o(.bss)
    xPendingReadyList                        0x20000730   Data          20  tasks.o(.bss)
    xTasksWaitingTermination                 0x20000744   Data          20  tasks.o(.bss)
    xSuspendedTaskList                       0x20000758   Data          20  tasks.o(.bss)
    .bss                                     0x2000076c   Section    10240  heap_4.o(.bss)
    ucHeap                                   0x2000076c   Data       10240  heap_4.o(.bss)
    .bss                                     0x20002f6c   Section      188  ins.o(.bss)
    .bss                                     0x20003028   Section      624  quaternionekf.o(.bss)
    HEAP                                     0x20003298   Section     4096  startup_stm32f40_41xxx.o(HEAP)
    STACK                                    0x20004298   Section     1024  startup_stm32f40_41xxx.o(STACK)

    Global Symbols

    Symbol Name                              Value     Ov Type        Size  Object(Section)

    BuildAttributes$$THM_ISAv4$E$P$D$K$B$S$7EM$VFPi3$EXTD16$VFPS$VFMA$PE$A:L22UL41UL21$X:L11$S22US41US21$IEEE1$IW$USESV6$~STKCKD$USESV7$~SHL$OTIME$ROPI$IEEEX$EBA8$MICROLIB$REQ8$PRES8$EABIv2 0x00000000   Number         0  anon$$obj.o ABSOLUTE
    __ARM_use_no_argv                        0x00000000   Number         0  main.o ABSOLUTE
    _printf_a                                0x00000000   Number         0  stubs.o ABSOLUTE
    _printf_c                                0x00000000   Number         0  stubs.o ABSOLUTE
    _printf_charcount                        0x00000000   Number         0  stubs.o ABSOLUTE
    _printf_d                                0x00000000   Number         0  stubs.o ABSOLUTE
    _printf_e                                0x00000000   Number         0  stubs.o ABSOLUTE
    _printf_f                                0x00000000   Number         0  stubs.o ABSOLUTE
    _printf_flags                            0x00000000   Number         0  stubs.o ABSOLUTE
    _printf_fp_dec                           0x00000000   Number         0  stubs.o ABSOLUTE
    _printf_fp_hex                           0x00000000   Number         0  stubs.o ABSOLUTE
    _printf_g                                0x00000000   Number         0  stubs.o ABSOLUTE
    _printf_i                                0x00000000   Number         0  stubs.o ABSOLUTE
    _printf_int_dec                          0x00000000   Number         0  stubs.o ABSOLUTE
    _printf_l                                0x00000000   Number         0  stubs.o ABSOLUTE
    _printf_lc                               0x00000000   Number         0  stubs.o ABSOLUTE
    _printf_ll                               0x00000000   Number         0  stubs.o ABSOLUTE
    _printf_lld                              0x00000000   Number         0  stubs.o ABSOLUTE
    _printf_lli                              0x00000000   Number         0  stubs.o ABSOLUTE
    _printf_llo                              0x00000000   Number         0  stubs.o ABSOLUTE
    _printf_llu                              0x00000000   Number         0  stubs.o ABSOLUTE
    _printf_llx                              0x00000000   Number         0  stubs.o ABSOLUTE
    _printf_longlong_dec                     0x00000000   Number         0  stubs.o ABSOLUTE
    _printf_longlong_hex                     0x00000000   Number         0  stubs.o ABSOLUTE
    _printf_longlong_oct                     0x00000000   Number         0  stubs.o ABSOLUTE
    _printf_ls                               0x00000000   Number         0  stubs.o ABSOLUTE
    _printf_mbtowc                           0x00000000   Number         0  stubs.o ABSOLUTE
    _printf_n                                0x00000000   Number         0  stubs.o ABSOLUTE
    _printf_o                                0x00000000   Number         0  stubs.o ABSOLUTE
    _printf_p                                0x00000000   Number         0  stubs.o ABSOLUTE
    _printf_percent                          0x00000000   Number         0  stubs.o ABSOLUTE
    _printf_pre_padding                      0x00000000   Number         0  stubs.o ABSOLUTE
    _printf_return_value                     0x00000000   Number         0  stubs.o ABSOLUTE
    _printf_s                                0x00000000   Number         0  stubs.o ABSOLUTE
    _printf_sizespec                         0x00000000   Number         0  stubs.o ABSOLUTE
    _printf_str                              0x00000000   Number         0  stubs.o ABSOLUTE
    _printf_truncate_signed                  0x00000000   Number         0  stubs.o ABSOLUTE
    _printf_truncate_unsigned                0x00000000   Number         0  stubs.o ABSOLUTE
    _printf_u                                0x00000000   Number         0  stubs.o ABSOLUTE
    _printf_wc                               0x00000000   Number         0  stubs.o ABSOLUTE
    _printf_wctomb                           0x00000000   Number         0  stubs.o ABSOLUTE
    _printf_widthprec                        0x00000000   Number         0  stubs.o ABSOLUTE
    _printf_x                                0x00000000   Number         0  stubs.o ABSOLUTE
    __cpp_initialize__aeabi_                  - Undefined Weak Reference
    __cxa_finalize                            - Undefined Weak Reference
    _clock_init                               - Undefined Weak Reference
    _microlib_exit                            - Undefined Weak Reference
    __Vectors_Size                           0x00000188   Number         0  startup_stm32f40_41xxx.o ABSOLUTE
    __Vectors                                0x08000000   Data           4  startup_stm32f40_41xxx.o(RESET)
    __Vectors_End                            0x08000188   Data           0  startup_stm32f40_41xxx.o(RESET)
    __main                                   0x08000189   Thumb Code     0  entry.o(.ARM.Collect$$$$00000000)
    _main_stk                                0x08000189   Thumb Code     0  entry2.o(.ARM.Collect$$$$00000001)
    _main_scatterload                        0x0800018d   Thumb Code     0  entry5.o(.ARM.Collect$$$$00000004)
    __main_after_scatterload                 0x08000191   Thumb Code     0  entry5.o(.ARM.Collect$$$$00000004)
    _main_clock                              0x08000191   Thumb Code     0  entry7b.o(.ARM.Collect$$$$00000008)
    _main_cpp_init                           0x08000191   Thumb Code     0  entry8b.o(.ARM.Collect$$$$0000000A)
    _main_init                               0x08000191   Thumb Code     0  entry9a.o(.ARM.Collect$$$$0000000B)
    __rt_final_cpp                           0x08000199   Thumb Code     0  entry10a.o(.ARM.Collect$$$$0000000D)
    __rt_final_exit                          0x08000199   Thumb Code     0  entry11a.o(.ARM.Collect$$$$0000000F)
    SVC_Handler                              0x0800019d   Thumb Code    28  port.o(.emb_text)
    __asm___6_port_c_39a90d8d__prvStartFirstTask 0x080001bd   Thumb Code    28  port.o(.emb_text)
    __asm___6_port_c_39a90d8d__prvEnableVFP  0x080001dd   Thumb Code    16  port.o(.emb_text)
    PendSV_Handler                           0x080001f1   Thumb Code    88  port.o(.emb_text)
    vPortGetIPSR                             0x0800024d   Thumb Code     6  port.o(.emb_text)
    Reset_Handler                            0x08000255   Thumb Code     8  startup_stm32f40_41xxx.o(.text)
    ADC_IRQHandler                           0x0800026f   Thumb Code     0  startup_stm32f40_41xxx.o(.text)
    CAN1_SCE_IRQHandler                      0x0800026f   Thumb Code     0  startup_stm32f40_41xxx.o(.text)
    CAN1_TX_IRQHandler                       0x0800026f   Thumb Code     0  startup_stm32f40_41xxx.o(.text)
    CAN2_SCE_IRQHandler                      0x0800026f   Thumb Code     0  startup_stm32f40_41xxx.o(.text)
    CAN2_TX_IRQHandler                       0x0800026f   Thumb Code     0  startup_stm32f40_41xxx.o(.text)
    CRYP_IRQHandler                          0x0800026f   Thumb Code     0  startup_stm32f40_41xxx.o(.text)
    DCMI_IRQHandler                          0x0800026f   Thumb Code     0  startup_stm32f40_41xxx.o(.text)
    DMA1_Stream0_IRQHandler                  0x0800026f   Thumb Code     0  startup_stm32f40_41xxx.o(.text)
    DMA1_Stream1_IRQHandler                  0x0800026f   Thumb Code     0  startup_stm32f40_41xxx.o(.text)
    DMA1_Stream2_IRQHandler                  0x0800026f   Thumb Code     0  startup_stm32f40_41xxx.o(.text)
    DMA1_Stream3_IRQHandler                  0x0800026f   Thumb Code     0  startup_stm32f40_41xxx.o(.text)
    DMA1_Stream4_IRQHandler                  0x0800026f   Thumb Code     0  startup_stm32f40_41xxx.o(.text)
    DMA1_Stream5_IRQHandler                  0x0800026f   Thumb Code     0  startup_stm32f40_41xxx.o(.text)
    DMA1_Stream6_IRQHandler                  0x0800026f   Thumb Code     0  startup_stm32f40_41xxx.o(.text)
    DMA1_Stream7_IRQHandler                  0x0800026f   Thumb Code     0  startup_stm32f40_41xxx.o(.text)
    DMA2_Stream0_IRQHandler                  0x0800026f   Thumb Code     0  startup_stm32f40_41xxx.o(.text)
    DMA2_Stream2_IRQHandler                  0x0800026f   Thumb Code     0  startup_stm32f40_41xxx.o(.text)
    DMA2_Stream3_IRQHandler                  0x0800026f   Thumb Code     0  startup_stm32f40_41xxx.o(.text)
    DMA2_Stream4_IRQHandler                  0x0800026f   Thumb Code     0  startup_stm32f40_41xxx.o(.text)
    DMA2_Stream5_IRQHandler                  0x0800026f   Thumb Code     0  startup_stm32f40_41xxx.o(.text)
    DMA2_Stream6_IRQHandler                  0x0800026f   Thumb Code     0  startup_stm32f40_41xxx.o(.text)
    DMA2_Stream7_IRQHandler                  0x0800026f   Thumb Code     0  startup_stm32f40_41xxx.o(.text)
    ETH_IRQHandler                           0x0800026f   Thumb Code     0  startup_stm32f40_41xxx.o(.text)
    ETH_WKUP_IRQHandler                      0x0800026f   Thumb Code     0  startup_stm32f40_41xxx.o(.text)
    EXTI0_IRQHandler                         0x0800026f   Thumb Code     0  startup_stm32f40_41xxx.o(.text)
    EXTI15_10_IRQHandler                     0x0800026f   Thumb Code     0  startup_stm32f40_41xxx.o(.text)
    EXTI1_IRQHandler                         0x0800026f   Thumb Code     0  startup_stm32f40_41xxx.o(.text)
    EXTI2_IRQHandler                         0x0800026f   Thumb Code     0  startup_stm32f40_41xxx.o(.text)
    EXTI3_IRQHandler                         0x0800026f   Thumb Code     0  startup_stm32f40_41xxx.o(.text)
    EXTI4_IRQHandler                         0x0800026f   Thumb Code     0  startup_stm32f40_41xxx.o(.text)
    EXTI9_5_IRQHandler                       0x0800026f   Thumb Code     0  startup_stm32f40_41xxx.o(.text)
    FLASH_IRQHandler                         0x0800026f   Thumb Code     0  startup_stm32f40_41xxx.o(.text)
    FPU_IRQHandler                           0x0800026f   Thumb Code     0  startup_stm32f40_41xxx.o(.text)
    FSMC_IRQHandler                          0x0800026f   Thumb Code     0  startup_stm32f40_41xxx.o(.text)
    HASH_RNG_IRQHandler                      0x0800026f   Thumb Code     0  startup_stm32f40_41xxx.o(.text)
    I2C1_ER_IRQHandler                       0x0800026f   Thumb Code     0  startup_stm32f40_41xxx.o(.text)
    I2C1_EV_IRQHandler                       0x0800026f   Thumb Code     0  startup_stm32f40_41xxx.o(.text)
    I2C2_ER_IRQHandler                       0x0800026f   Thumb Code     0  startup_stm32f40_41xxx.o(.text)
    I2C2_EV_IRQHandler                       0x0800026f   Thumb Code     0  startup_stm32f40_41xxx.o(.text)
    I2C3_ER_IRQHandler                       0x0800026f   Thumb Code     0  startup_stm32f40_41xxx.o(.text)
    I2C3_EV_IRQHandler                       0x0800026f   Thumb Code     0  startup_stm32f40_41xxx.o(.text)
    OTG_FS_IRQHandler                        0x0800026f   Thumb Code     0  startup_stm32f40_41xxx.o(.text)
    OTG_FS_WKUP_IRQHandler                   0x0800026f   Thumb Code     0  startup_stm32f40_41xxx.o(.text)
    OTG_HS_EP1_IN_IRQHandler                 0x0800026f   Thumb Code     0  startup_stm32f40_41xxx.o(.text)
    OTG_HS_EP1_OUT_IRQHandler                0x0800026f   Thumb Code     0  startup_stm32f40_41xxx.o(.text)
    OTG_HS_IRQHandler                        0x0800026f   Thumb Code     0  startup_stm32f40_41xxx.o(.text)
    OTG_HS_WKUP_IRQHandler                   0x0800026f   Thumb Code     0  startup_stm32f40_41xxx.o(.text)
    PVD_IRQHandler                           0x0800026f   Thumb Code     0  startup_stm32f40_41xxx.o(.text)
    RCC_IRQHandler                           0x0800026f   Thumb Code     0  startup_stm32f40_41xxx.o(.text)
    RTC_Alarm_IRQHandler                     0x0800026f   Thumb Code     0  startup_stm32f40_41xxx.o(.text)
    RTC_WKUP_IRQHandler                      0x0800026f   Thumb Code     0  startup_stm32f40_41xxx.o(.text)
    SDIO_IRQHandler                          0x0800026f   Thumb Code     0  startup_stm32f40_41xxx.o(.text)
    SPI1_IRQHandler                          0x0800026f   Thumb Code     0  startup_stm32f40_41xxx.o(.text)
    SPI2_IRQHandler                          0x0800026f   Thumb Code     0  startup_stm32f40_41xxx.o(.text)
    SPI3_IRQHandler                          0x0800026f   Thumb Code     0  startup_stm32f40_41xxx.o(.text)
    TAMP_STAMP_IRQHandler                    0x0800026f   Thumb Code     0  startup_stm32f40_41xxx.o(.text)
    TIM1_BRK_TIM9_IRQHandler                 0x0800026f   Thumb Code     0  startup_stm32f40_41xxx.o(.text)
    TIM1_CC_IRQHandler                       0x0800026f   Thumb Code     0  startup_stm32f40_41xxx.o(.text)
    TIM1_TRG_COM_TIM11_IRQHandler            0x0800026f   Thumb Code     0  startup_stm32f40_41xxx.o(.text)
    TIM1_UP_TIM10_IRQHandler                 0x0800026f   Thumb Code     0  startup_stm32f40_41xxx.o(.text)
    TIM2_IRQHandler                          0x0800026f   Thumb Code     0  startup_stm32f40_41xxx.o(.text)
    TIM3_IRQHandler                          0x0800026f   Thumb Code     0  startup_stm32f40_41xxx.o(.text)
    TIM5_IRQHandler                          0x0800026f   Thumb Code     0  startup_stm32f40_41xxx.o(.text)
    TIM6_DAC_IRQHandler                      0x0800026f   Thumb Code     0  startup_stm32f40_41xxx.o(.text)
    TIM8_BRK_TIM12_IRQHandler                0x0800026f   Thumb Code     0  startup_stm32f40_41xxx.o(.text)
    TIM8_CC_IRQHandler                       0x0800026f   Thumb Code     0  startup_stm32f40_41xxx.o(.text)
    TIM8_TRG_COM_TIM14_IRQHandler            0x0800026f   Thumb Code     0  startup_stm32f40_41xxx.o(.text)
    TIM8_UP_TIM13_IRQHandler                 0x0800026f   Thumb Code     0  startup_stm32f40_41xxx.o(.text)
    UART4_IRQHandler                         0x0800026f   Thumb Code     0  startup_stm32f40_41xxx.o(.text)
    UART5_IRQHandler                         0x0800026f   Thumb Code     0  startup_stm32f40_41xxx.o(.text)
    USART1_IRQHandler                        0x0800026f   Thumb Code     0  startup_stm32f40_41xxx.o(.text)
    USART2_IRQHandler                        0x0800026f   Thumb Code     0  startup_stm32f40_41xxx.o(.text)
    USART6_IRQHandler                        0x0800026f   Thumb Code     0  startup_stm32f40_41xxx.o(.text)
    WWDG_IRQHandler                          0x0800026f   Thumb Code     0  startup_stm32f40_41xxx.o(.text)
    arm_mat_add_f32                          0x08000279   Thumb Code   256  arm_mat_add_f32.o(.text)
    arm_mat_init_f32                         0x08000379   Thumb Code     8  arm_mat_init_f32.o(.text)
    arm_mat_inverse_f32                      0x08000381   Thumb Code  1280  arm_mat_inverse_f32.o(.text)
    arm_mat_mult_f32                         0x08000881   Thumb Code   242  arm_mat_mult_f32.o(.text)
    arm_mat_sub_f32                          0x08000979   Thumb Code   256  arm_mat_sub_f32.o(.text)
    arm_mat_trans_f32                        0x08000a79   Thumb Code   152  arm_mat_trans_f32.o(.text)
    __aeabi_memcpy                           0x08000b11   Thumb Code    36  memcpya.o(.text)
    __aeabi_memcpy4                          0x08000b11   Thumb Code     0  memcpya.o(.text)
    __aeabi_memcpy8                          0x08000b11   Thumb Code     0  memcpya.o(.text)
    __aeabi_memset                           0x08000b35   Thumb Code    14  memseta.o(.text)
    __aeabi_memset4                          0x08000b35   Thumb Code     0  memseta.o(.text)
    __aeabi_memset8                          0x08000b35   Thumb Code     0  memseta.o(.text)
    __aeabi_memclr                           0x08000b43   Thumb Code     4  memseta.o(.text)
    __aeabi_memclr4                          0x08000b43   Thumb Code     0  memseta.o(.text)
    __aeabi_memclr8                          0x08000b43   Thumb Code     0  memseta.o(.text)
    _memset$wrapper                          0x08000b47   Thumb Code    18  memseta.o(.text)
    __I$use$fp                               0x08000b59   Thumb Code     0  iusefp.o(.text)
    __scatterload                            0x08000b59   Thumb Code    28  init.o(.text)
    __scatterload_rt2                        0x08000b59   Thumb Code     0  init.o(.text)
    __decompress                             0x08000b7d   Thumb Code     0  __dczerorl2.o(.text)
    __decompress1                            0x08000b7d   Thumb Code    86  __dczerorl2.o(.text)
    BSP_Init                                 0x08000bd5   Thumb Code    68  main.o(i.BSP_Init)
    BusFault_Handler                         0x08000c1d   Thumb Code     4  stm32f4xx_it.o(i.BusFault_Handler)
    CAN1_Configuration                       0x08000c21   Thumb Code   360  can1.o(i.CAN1_Configuration)
    CAN1_RX0_IRQHandler                      0x08000d91   Thumb Code    54  can1.o(i.CAN1_RX0_IRQHandler)
    CAN1_RX1_IRQHandler                      0x08000dd1   Thumb Code    54  can1.o(i.CAN1_RX1_IRQHandler)
    CAN2_Configuration                       0x08000e11   Thumb Code   354  can2.o(i.CAN2_Configuration)
    CAN2_RX0_IRQHandler                      0x08000f7d   Thumb Code    54  can2.o(i.CAN2_RX0_IRQHandler)
    CAN2_RX1_IRQHandler                      0x08000fbd   Thumb Code    54  can2.o(i.CAN2_RX1_IRQHandler)
    CAN_ClearITPendingBit                    0x08000ffd   Thumb Code   162  stm32f4xx_can.o(i.CAN_ClearITPendingBit)
    CAN_DeInit                               0x080010a5   Thumb Code    50  stm32f4xx_can.o(i.CAN_DeInit)
    CAN_FilterInit                           0x080010dd   Thumb Code   258  stm32f4xx_can.o(i.CAN_FilterInit)
    CAN_GetITStatus                          0x080011e5   Thumb Code   284  stm32f4xx_can.o(i.CAN_GetITStatus)
    CAN_ITConfig                             0x08001305   Thumb Code    18  stm32f4xx_can.o(i.CAN_ITConfig)
    CAN_Init                                 0x08001317   Thumb Code   276  stm32f4xx_can.o(i.CAN_Init)
    CAN_Receive                              0x0800142b   Thumb Code   240  stm32f4xx_can.o(i.CAN_Receive)
    CAN_StructInit                           0x0800151b   Thumb Code    32  stm32f4xx_can.o(i.CAN_StructInit)
    COUNTER_Configuration                    0x0800153d   Thumb Code    66  counter.o(i.COUNTER_Configuration)
    Calibrate_IMU_Offset                     0x08001589   Thumb Code   878  icm20602.o(i.Calibrate_IMU_Offset)
    DMA2_Stream1_IRQHandler                  0x08001935   Thumb Code    94  frictionwheel.o(i.DMA2_Stream1_IRQHandler)
    DMA_ClearITPendingBit                    0x080019a5   Thumb Code    38  stm32f4xx_dma.o(i.DMA_ClearITPendingBit)
    DMA_Cmd                                  0x080019d9   Thumb Code    22  stm32f4xx_dma.o(i.DMA_Cmd)
    DMA_DeInit                               0x080019f1   Thumb Code   324  stm32f4xx_dma.o(i.DMA_DeInit)
    DMA_GetFlagStatus                        0x08001b49   Thumb Code    54  stm32f4xx_dma.o(i.DMA_GetFlagStatus)
    DMA_ITConfig                             0x08001b8d   Thumb Code    58  stm32f4xx_dma.o(i.DMA_ITConfig)
    DMA_Init                                 0x08001bc9   Thumb Code    82  stm32f4xx_dma.o(i.DMA_Init)
    DebugMon_Handler                         0x08001c21   Thumb Code     2  stm32f4xx_it.o(i.DebugMon_Handler)
    Delay                                    0x08001c23   Thumb Code    30  counter.o(i.Delay)
    GPIO_Init                                0x08001c41   Thumb Code   144  stm32f4xx_gpio.o(i.GPIO_Init)
    GPIO_PinAFConfig                         0x08001cd1   Thumb Code    70  stm32f4xx_gpio.o(i.GPIO_PinAFConfig)
    GetTime_s                                0x08001d19   Thumb Code    54  counter.o(i.GetTime_s)
    HardFault_Handler                        0x08001d5d   Thumb Code     4  stm32f4xx_it.o(i.HardFault_Handler)
    ICM20602_init                            0x08001d61   Thumb Code    16  icm20602.o(i.ICM20602_init)
    ICM_20602_Decode                         0x08001d71   Thumb Code   118  icm20602.o(i.ICM_20602_Decode)
    IMU_QuaternionEKF_Init                   0x08002035   Thumb Code   264  quaternionekf.o(i.IMU_QuaternionEKF_Init)
    INS_Init                                 0x080027c9   Thumb Code   110  ins.o(i.INS_Init)
    Infantry_Init                            0x08002851   Thumb Code   110  main.o(i.Infantry_Init)
    Kalman_Filter_Init                       0x080028c5   Thumb Code  1800  kalman_filter.o(i.Kalman_Filter_Init)
    MemManage_Handler                        0x08002fd1   Thumb Code     4  stm32f4xx_it.o(i.MemManage_Handler)
    MicroSwConfigration                      0x08002fd5   Thumb Code    44  microsw.o(i.MicroSwConfigration)
    NMI_Handler                              0x08003005   Thumb Code     2  stm32f4xx_it.o(i.NMI_Handler)
    NVIC_Init                                0x08003009   Thumb Code   106  misc.o(i.NVIC_Init)
    RCC_AHB1PeriphClockCmd                   0x08003081   Thumb Code    26  stm32f4xx_rcc.o(i.RCC_AHB1PeriphClockCmd)
    RCC_APB1PeriphClockCmd                   0x080030a1   Thumb Code    26  stm32f4xx_rcc.o(i.RCC_APB1PeriphClockCmd)
    RCC_APB1PeriphResetCmd                   0x080030c1   Thumb Code    26  stm32f4xx_rcc.o(i.RCC_APB1PeriphResetCmd)
    RCC_GetClocksFreq                        0x080030e1   Thumb Code   214  stm32f4xx_rcc.o(i.RCC_GetClocksFreq)
    Robot_Init                               0x080031c9   Thumb Code    20  main.o(i.Robot_Init)
    SteeringEngine_Configuration             0x080032d1   Thumb Code   172  steeringengine.o(i.SteeringEngine_Configuration)
    SteeringEngine_Set                       0x08003389   Thumb Code    46  steeringengine.o(i.SteeringEngine_Set)
    SysTick_Handler                          0x080033c9   Thumb Code     8  stm32f4xx_it.o(i.SysTick_Handler)
    SysTimeUpdate                            0x080033d1   Thumb Code   130  counter.o(i.SysTimeUpdate)
    SystemInit                               0x08003465   Thumb Code    88  system_stm32f4xx.o(i.SystemInit)
    TIM4_IRQHandler                          0x080034cd   Thumb Code    22  tim4.o(i.TIM4_IRQHandler)
    TIM7_IRQHandler                          0x080034e9   Thumb Code    32  os_tick.o(i.TIM7_IRQHandler)
    TIM_ARRPreloadConfig                     0x08003511   Thumb Code    24  stm32f4xx_tim.o(i.TIM_ARRPreloadConfig)
    TIM_ClearFlag                            0x08003529   Thumb Code     6  stm32f4xx_tim.o(i.TIM_ClearFlag)
    TIM_ClearITPendingBit                    0x0800352f   Thumb Code     6  stm32f4xx_tim.o(i.TIM_ClearITPendingBit)
    TIM_Cmd                                  0x08003535   Thumb Code    24  stm32f4xx_tim.o(i.TIM_Cmd)
    TIM_CtrlPWMOutputs                       0x0800354d   Thumb Code    30  stm32f4xx_tim.o(i.TIM_CtrlPWMOutputs)
    TIM_DMACmd                               0x0800356b   Thumb Code    18  stm32f4xx_tim.o(i.TIM_DMACmd)
    TIM_GetITStatus                          0x0800357d   Thumb Code    34  stm32f4xx_tim.o(i.TIM_GetITStatus)
    TIM_ITConfig                             0x0800359f   Thumb Code    18  stm32f4xx_tim.o(i.TIM_ITConfig)
    TIM_OC4Init                              0x080035b1   Thumb Code   112  stm32f4xx_tim.o(i.TIM_OC4Init)
    TIM_OC4PreloadConfig                     0x08003629   Thumb Code    26  stm32f4xx_tim.o(i.TIM_OC4PreloadConfig)
    TIM_SetCompare3                          0x08003643   Thumb Code     4  stm32f4xx_tim.o(i.TIM_SetCompare3)
    TIM_SetCompare4                          0x08003647   Thumb Code     4  stm32f4xx_tim.o(i.TIM_SetCompare4)
    TIM_TimeBaseInit                         0x0800364d   Thumb Code   104  stm32f4xx_tim.o(i.TIM_TimeBaseInit)
    USART3_Configuration                     0x080036d1   Thumb Code   278  usart3.o(i.USART3_Configuration)
    USART3_IRQHandler                        0x080037fd   Thumb Code    86  usart3.o(i.USART3_IRQHandler)
    USART_Cmd                                0x08003865   Thumb Code    24  stm32f4xx_usart.o(i.USART_Cmd)
    USART_DMACmd                             0x0800387d   Thumb Code    18  stm32f4xx_usart.o(i.USART_DMACmd)
    USART_GetITStatus                        0x0800388f   Thumb Code    84  stm32f4xx_usart.o(i.USART_GetITStatus)
    USART_ITConfig                           0x080038e3   Thumb Code    74  stm32f4xx_usart.o(i.USART_ITConfig)
    USART_Init                               0x0800392d   Thumb Code   204  stm32f4xx_usart.o(i.USART_Init)
    UsageFault_Handler                       0x08003a01   Thumb Code     4  stm32f4xx_it.o(i.UsageFault_Handler)
    __hardfp_acosf                           0x08003a05   Thumb Code   234  acosf.o(i.__hardfp_acosf)
    __hardfp_sqrtf                           0x08003b1d   Thumb Code    58  sqrtf.o(i.__hardfp_sqrtf)
    __mathlib_flt_infnan                     0x08003b57   Thumb Code     6  funder.o(i.__mathlib_flt_infnan)
    __mathlib_flt_invalid                    0x08003b5d   Thumb Code    10  funder.o(i.__mathlib_flt_invalid)
    __scatterload_copy                       0x08003b6d   Thumb Code    14  handlers.o(i.__scatterload_copy)
    __scatterload_null                       0x08003b7b   Thumb Code     2  handlers.o(i.__scatterload_null)
    __scatterload_zeroinit                   0x08003b7d   Thumb Code    14  handlers.o(i.__scatterload_zeroinit)
    __set_errno                              0x08003b8d   Thumb Code     6  errno.o(i.__set_errno)
    delay_ms                                 0x08003b99   Thumb Code    30  sys.o(i.delay_ms)
    gimUpdate                                0x08003bb7   Thumb Code    18  gimbal.o(i.gimUpdate)
    gimbalInit                               0x08003bc9   Thumb Code    12  gimbal.o(i.gimbalInit)
    gimbalTask                               0x08003bd5   Thumb Code    46  gimbaltask.o(i.gimbalTask)
    main                                     0x08003c45   Thumb Code    24  main.o(i.main)
    malloc                                   0x08003c5d   Thumb Code    92  malloc.o(i.malloc)
    pushCanMsg                               0x080040f5   Thumb Code   100  canring.o(i.pushCanMsg)
    pvPortMalloc                             0x08004159   Thumb Code   188  heap_4.o(i.pvPortMalloc)
    pxPortInitialiseStack                    0x08004229   Thumb Code    38  port.o(i.pxPortInitialiseStack)
    remoteCtrlInit                           0x08004255   Thumb Code    28  remotectrl.o(i.remoteCtrlInit)
    sqrtf                                    0x08004279   Thumb Code    62  sqrtf.o(i.sqrtf)
    startTast                                0x080042b9   Thumb Code    24  start_task.o(i.startTast)
    start_task                               0x080042e5   Thumb Code    42  start_task.o(i.start_task)
    updateRC                                 0x08004329   Thumb Code   380  remotectrl.o(i.updateRC)
    usartIfInit                              0x080044a5   Thumb Code    42  usart.o(i.usartIfInit)
    uxListRemove                             0x080044cf   Thumb Code    40  list.o(i.uxListRemove)
    uxTaskGetStackHighWaterMark              0x080044f9   Thumb Code    34  tasks.o(i.uxTaskGetStackHighWaterMark)
    vListInitialise                          0x08004521   Thumb Code    26  list.o(i.vListInitialise)
    vListInitialiseItem                      0x0800453b   Thumb Code     6  list.o(i.vListInitialiseItem)
    vListInsert                              0x08004541   Thumb Code    52  list.o(i.vListInsert)
    vListInsertEnd                           0x08004575   Thumb Code    24  list.o(i.vListInsertEnd)
    vPortEnterCritical                       0x0800458d   Thumb Code    30  port.o(i.vPortEnterCritical)
    vPortExitCritical                        0x080045b1   Thumb Code    28  port.o(i.vPortExitCritical)
    vPortFree                                0x080045d1   Thumb Code    64  heap_4.o(i.vPortFree)
    vPortSetupTimerInterrupt                 0x08004619   Thumb Code    26  port.o(i.vPortSetupTimerInterrupt)
    vTaskDelay                               0x08004639   Thumb Code    46  tasks.o(i.vTaskDelay)
    vTaskDelayUntil                          0x0800466d   Thumb Code   106  tasks.o(i.vTaskDelayUntil)
    vTaskDelete                              0x080046e1   Thumb Code   166  tasks.o(i.vTaskDelete)
    vTaskStartScheduler                      0x080047ad   Thumb Code    76  tasks.o(i.vTaskStartScheduler)
    vTaskSuspendAll                          0x08004819   Thumb Code    12  tasks.o(i.vTaskSuspendAll)
    vTaskSwitchContext                       0x08004829   Thumb Code   128  tasks.o(i.vTaskSwitchContext)
    xPortStartScheduler                      0x080048c9   Thumb Code    58  port.o(i.xPortStartScheduler)
    xPortSysTickHandler                      0x08004911   Thumb Code    46  port.o(i.xPortSysTickHandler)
    xTaskCreate                              0x08004945   Thumb Code    96  tasks.o(i.xTaskCreate)
    xTaskGetTickCount                        0x080049a5   Thumb Code     6  tasks.o(i.xTaskGetTickCount)
    xTaskIncrementTick                       0x080049b1   Thumb Code   238  tasks.o(i.xTaskIncrementTick)
    xTaskResumeAll                           0x08004acd   Thumb Code   196  tasks.o(i.xTaskResumeAll)
    IMU_QuaternionEKF_F                      0x08004bb4   Data         144  quaternionekf.o(.constdata)
    Region$$Table$$Base                      0x08004c44   Number         0  anon$$obj.o(Region$$Table)
    Region$$Table$$Limit                     0x08004c64   Number         0  anon$$obj.o(Region$$Table)
    SystemCoreClock                          0x20000000   Data           4  system_stm32f4xx.o(.data)
    AHBPrescTable                            0x20000004   Data          16  system_stm32f4xx.o(.data)
    magazineState                            0x20000024   Data           1  steeringengine.o(.data)
    mag_place                                0x20000028   Data           4  steeringengine.o(.data)
    Remote_Receive_Flag                      0x2000002c   Data           1  usart3.o(.data)
    CPU_RunTime                              0x20000034   Data           4  os_tick.o(.data)
    LastCNT32                                0x20000038   Data           4  counter.o(.data)
    pxCurrentTCB                             0x20000054   Data           4  tasks.o(.data)
    NotifyValue                              0x20000098   Data           4  tasks.o(.data)
    sizeof_float                             0x200000be   Data           2  kalman_filter.o(.data)
    sizeof_double                            0x200000c0   Data           2  kalman_filter.o(.data)
    IMU_QuaternionEKF_P                      0x200000c4   Data         144  quaternionekf.o(.data)
    __microlib_freelist                      0x20000198   Data           4  mvars.o(.data)
    __microlib_freelist_initialised          0x2000019c   Data           4  mvars.o(.data)
    Infantry                                 0x200001a4   Data          52  main.o(.bss)
    can1_rx0                                 0x200001d8   Data         124  can1.o(.bss)
    can1_rx1                                 0x20000254   Data         124  can1.o(.bss)
    can2_rx0                                 0x200002d0   Data         124  can2.o(.bss)
    can2_rx1                                 0x2000034c   Data         124  can2.o(.bss)
    usart3_if                                0x200003c8   Data          16  usart3.o(.bss)
    SysTime                                  0x200003d8   Data          12  counter.o(.bss)
    User_Tasks                               0x200003e4   Data          48  start_task.o(.bss)
    IMUReceive                               0x20000414   Data          12  gimbalestimatetask.o(.bss)
    IMUData                                  0x20000420   Data          44  gimbalestimatetask.o(.bss)
    gimbal                                   0x2000044c   Data          60  gimbaltask.o(.bss)
    INS                                      0x20002f6c   Data         160  ins.o(.bss)
    IMU_Param                                0x2000300c   Data          28  ins.o(.bss)
    QEKF_INS                                 0x20003028   Data         480  quaternionekf.o(.bss)
    IMU_QuaternionEKF_K                      0x20003208   Data          72  quaternionekf.o(.bss)
    IMU_QuaternionEKF_H                      0x20003250   Data          72  quaternionekf.o(.bss)
    __heap_base                              0x20003298   Data           0  startup_stm32f40_41xxx.o(HEAP)
    __heap_limit                             0x20004298   Data           0  startup_stm32f40_41xxx.o(HEAP)
    __initial_sp                             0x20004698   Data           0  startup_stm32f40_41xxx.o(STACK)



==============================================================================

Memory Map of the image

  Image Entry point : 0x08000189

  Load Region LR_IROM1 (Base: 0x08000000, Size: 0x00004e08, Max: 0x00100000, ABSOLUTE, COMPRESSED[0x00004c98])

    Execution Region ER_IROM1 (Base: 0x08000000, Size: 0x00004c64, Max: 0x00100000, ABSOLUTE)

    Base Addr    Size         Type   Attr      Idx    E Section Name        Object

    0x08000000   0x00000188   Data   RO          402    RESET               startup_stm32f40_41xxx.o
    0x08000188   0x00000000   Code   RO         6974  * .ARM.Collect$$$$00000000  mc_w.l(entry.o)
    0x08000188   0x00000004   Code   RO         7308    .ARM.Collect$$$$00000001  mc_w.l(entry2.o)
    0x0800018c   0x00000004   Code   RO         7311    .ARM.Collect$$$$00000004  mc_w.l(entry5.o)
    0x08000190   0x00000000   Code   RO         7313    .ARM.Collect$$$$00000008  mc_w.l(entry7b.o)
    0x08000190   0x00000000   Code   RO         7315    .ARM.Collect$$$$0000000A  mc_w.l(entry8b.o)
    0x08000190   0x00000008   Code   RO         7316    .ARM.Collect$$$$0000000B  mc_w.l(entry9a.o)
    0x08000198   0x00000000   Code   RO         7318    .ARM.Collect$$$$0000000D  mc_w.l(entry10a.o)
    0x08000198   0x00000000   Code   RO         7320    .ARM.Collect$$$$0000000F  mc_w.l(entry11a.o)
    0x08000198   0x00000004   Code   RO         7309    .ARM.Collect$$$$00002712  mc_w.l(entry2.o)
    0x0800019c   0x000000b6   Code   RO         5582    .emb_text           port.o
    0x08000252   0x00000002   PAD
    0x08000254   0x00000024   Code   RO          403    .text               startup_stm32f40_41xxx.o
    0x08000278   0x00000100   Code   RO         6790    .text               arm_cortexM4lf_math.lib(arm_mat_add_f32.o)
    0x08000378   0x00000008   Code   RO         6810    .text               arm_cortexM4lf_math.lib(arm_mat_init_f32.o)
    0x08000380   0x00000500   Code   RO         6830    .text               arm_cortexM4lf_math.lib(arm_mat_inverse_f32.o)
    0x08000880   0x000000f8   Code   RO         6850    .text               arm_cortexM4lf_math.lib(arm_mat_mult_f32.o)
    0x08000978   0x00000100   Code   RO         6870    .text               arm_cortexM4lf_math.lib(arm_mat_sub_f32.o)
    0x08000a78   0x00000098   Code   RO         6890    .text               arm_cortexM4lf_math.lib(arm_mat_trans_f32.o)
    0x08000b10   0x00000024   Code   RO         6979    .text               mc_w.l(memcpya.o)
    0x08000b34   0x00000024   Code   RO         6981    .text               mc_w.l(memseta.o)
    0x08000b58   0x00000000   Code   RO         7342    .text               mc_w.l(iusefp.o)
    0x08000b58   0x00000024   Code   RO         7351    .text               mc_w.l(init.o)
    0x08000b7c   0x00000056   Code   RO         7363    .text               mc_w.l(__dczerorl2.o)
    0x08000bd2   0x00000002   PAD
    0x08000bd4   0x00000048   Code   RO            3    i.BSP_Init          main.o
    0x08000c1c   0x00000004   Code   RO          306    i.BusFault_Handler  stm32f4xx_it.o
    0x08000c20   0x00000170   Code   RO         3748    i.CAN1_Configuration  can1.o
    0x08000d90   0x00000040   Code   RO         3749    i.CAN1_RX0_IRQHandler  can1.o
    0x08000dd0   0x00000040   Code   RO         3750    i.CAN1_RX1_IRQHandler  can1.o
    0x08000e10   0x0000016c   Code   RO         3786    i.CAN2_Configuration  can2.o
    0x08000f7c   0x00000040   Code   RO         3787    i.CAN2_RX0_IRQHandler  can2.o
    0x08000fbc   0x00000040   Code   RO         3788    i.CAN2_RX1_IRQHandler  can2.o
    0x08000ffc   0x000000a8   Code   RO          729    i.CAN_ClearITPendingBit  stm32f4xx_can.o
    0x080010a4   0x00000038   Code   RO          731    i.CAN_DeInit        stm32f4xx_can.o
    0x080010dc   0x00000108   Code   RO          733    i.CAN_FilterInit    stm32f4xx_can.o
    0x080011e4   0x00000120   Code   RO          735    i.CAN_GetITStatus   stm32f4xx_can.o
    0x08001304   0x00000012   Code   RO          739    i.CAN_ITConfig      stm32f4xx_can.o
    0x08001316   0x00000114   Code   RO          740    i.CAN_Init          stm32f4xx_can.o
    0x0800142a   0x000000f0   Code   RO          743    i.CAN_Receive       stm32f4xx_can.o
    0x0800151a   0x00000020   Code   RO          746    i.CAN_StructInit    stm32f4xx_can.o
    0x0800153a   0x00000002   PAD
    0x0800153c   0x0000004c   Code   RO         4094    i.COUNTER_Configuration  counter.o
    0x08001588   0x00000398   Code   RO         5972    i.Calibrate_IMU_Offset  icm20602.o
    0x08001920   0x00000012   Code   RO          751    i.CheckITStatus     stm32f4xx_can.o
    0x08001932   0x00000002   PAD
    0x08001934   0x00000070   Code   RO         3824    i.DMA2_Stream1_IRQHandler  frictionwheel.o
    0x080019a4   0x00000034   Code   RO         1060    i.DMA_ClearITPendingBit  stm32f4xx_dma.o
    0x080019d8   0x00000016   Code   RO         1061    i.DMA_Cmd           stm32f4xx_dma.o
    0x080019ee   0x00000002   PAD
    0x080019f0   0x00000158   Code   RO         1062    i.DMA_DeInit        stm32f4xx_dma.o
    0x08001b48   0x00000044   Code   RO         1070    i.DMA_GetFlagStatus  stm32f4xx_dma.o
    0x08001b8c   0x0000003a   Code   RO         1072    i.DMA_ITConfig      stm32f4xx_dma.o
    0x08001bc6   0x00000002   PAD
    0x08001bc8   0x00000058   Code   RO         1073    i.DMA_Init          stm32f4xx_dma.o
    0x08001c20   0x00000002   Code   RO          307    i.DebugMon_Handler  stm32f4xx_it.o
    0x08001c22   0x0000001e   Code   RO         4095    i.Delay             counter.o
    0x08001c40   0x00000090   Code   RO         1536    i.GPIO_Init         stm32f4xx_gpio.o
    0x08001cd0   0x00000046   Code   RO         1537    i.GPIO_PinAFConfig  stm32f4xx_gpio.o
    0x08001d16   0x00000002   PAD
    0x08001d18   0x00000044   Code   RO         4100    i.GetTime_s         counter.o
    0x08001d5c   0x00000004   Code   RO          308    i.HardFault_Handler  stm32f4xx_it.o
    0x08001d60   0x00000010   Code   RO         5973    i.ICM20602_init     icm20602.o
    0x08001d70   0x0000008c   Code   RO         5974    i.ICM_20602_Decode  icm20602.o
    0x08001dfc   0x00000238   Code   RO         6157    i.IMU_QuaternionEKF_F_Linearization_P_Fading  quaternionekf.o
    0x08002034   0x00000130   Code   RO         6158    i.IMU_QuaternionEKF_Init  quaternionekf.o
    0x08002164   0x00000034   Code   RO         6159    i.IMU_QuaternionEKF_Observe  quaternionekf.o
    0x08002198   0x00000128   Code   RO         6160    i.IMU_QuaternionEKF_SetH  quaternionekf.o
    0x080022c0   0x00000508   Code   RO         6162    i.IMU_QuaternionEKF_xhatUpdate  quaternionekf.o
    0x080027c8   0x00000088   Code   RO         6013    i.INS_Init          ins.o
    0x08002850   0x00000074   Code   RO            4    i.Infantry_Init     main.o
    0x080028c4   0x0000070c   Code   RO         6085    i.Kalman_Filter_Init  kalman_filter.o
    0x08002fd0   0x00000004   Code   RO          309    i.MemManage_Handler  stm32f4xx_it.o
    0x08002fd4   0x00000030   Code   RO         3879    i.MicroSwConfigration  microsw.o
    0x08003004   0x00000002   Code   RO          310    i.NMI_Handler       stm32f4xx_it.o
    0x08003006   0x00000002   PAD
    0x08003008   0x00000078   Code   RO          441    i.NVIC_Init         misc.o
    0x08003080   0x00000020   Code   RO         1910    i.RCC_AHB1PeriphClockCmd  stm32f4xx_rcc.o
    0x080030a0   0x00000020   Code   RO         1919    i.RCC_APB1PeriphClockCmd  stm32f4xx_rcc.o
    0x080030c0   0x00000020   Code   RO         1921    i.RCC_APB1PeriphResetCmd  stm32f4xx_rcc.o
    0x080030e0   0x000000e8   Code   RO         1931    i.RCC_GetClocksFreq  stm32f4xx_rcc.o
    0x080031c8   0x0000001c   Code   RO            5    i.Robot_Init        main.o
    0x080031e4   0x000000ec   Code   RO          365    i.SetSysClock       system_stm32f4xx.o
    0x080032d0   0x000000b8   Code   RO         3899    i.SteeringEngine_Configuration  steeringengine.o
    0x08003388   0x00000040   Code   RO         3900    i.SteeringEngine_Set  steeringengine.o
    0x080033c8   0x00000008   Code   RO          311    i.SysTick_Handler   stm32f4xx_it.o
    0x080033d0   0x00000094   Code   RO         4102    i.SysTimeUpdate     counter.o
    0x08003464   0x00000068   Code   RO          367    i.SystemInit        system_stm32f4xx.o
    0x080034cc   0x0000001c   Code   RO         3929    i.TIM4_IRQHandler   tim4.o
    0x080034e8   0x00000028   Code   RO         4056    i.TIM7_IRQHandler   os_tick.o
    0x08003510   0x00000018   Code   RO         2726    i.TIM_ARRPreloadConfig  stm32f4xx_tim.o
    0x08003528   0x00000006   Code   RO         2732    i.TIM_ClearFlag     stm32f4xx_tim.o
    0x0800352e   0x00000006   Code   RO         2733    i.TIM_ClearITPendingBit  stm32f4xx_tim.o
    0x08003534   0x00000018   Code   RO         2738    i.TIM_Cmd           stm32f4xx_tim.o
    0x0800354c   0x0000001e   Code   RO         2740    i.TIM_CtrlPWMOutputs  stm32f4xx_tim.o
    0x0800356a   0x00000012   Code   RO         2741    i.TIM_DMACmd        stm32f4xx_tim.o
    0x0800357c   0x00000022   Code   RO         2759    i.TIM_GetITStatus   stm32f4xx_tim.o
    0x0800359e   0x00000012   Code   RO         2763    i.TIM_ITConfig      stm32f4xx_tim.o
    0x080035b0   0x00000078   Code   RO         2782    i.TIM_OC4Init       stm32f4xx_tim.o
    0x08003628   0x0000001a   Code   RO         2784    i.TIM_OC4PreloadConfig  stm32f4xx_tim.o
    0x08003642   0x00000004   Code   RO         2802    i.TIM_SetCompare3   stm32f4xx_tim.o
    0x08003646   0x00000004   Code   RO         2803    i.TIM_SetCompare4   stm32f4xx_tim.o
    0x0800364a   0x00000002   PAD
    0x0800364c   0x00000084   Code   RO         2810    i.TIM_TimeBaseInit  stm32f4xx_tim.o
    0x080036d0   0x0000012c   Code   RO         4021    i.USART3_Configuration  usart3.o
    0x080037fc   0x00000068   Code   RO         4022    i.USART3_IRQHandler  usart3.o
    0x08003864   0x00000018   Code   RO         3288    i.USART_Cmd         stm32f4xx_usart.o
    0x0800387c   0x00000012   Code   RO         3289    i.USART_DMACmd      stm32f4xx_usart.o
    0x0800388e   0x00000054   Code   RO         3292    i.USART_GetITStatus  stm32f4xx_usart.o
    0x080038e2   0x0000004a   Code   RO         3294    i.USART_ITConfig    stm32f4xx_usart.o
    0x0800392c   0x000000d4   Code   RO         3295    i.USART_Init        stm32f4xx_usart.o
    0x08003a00   0x00000004   Code   RO          312    i.UsageFault_Handler  stm32f4xx_it.o
    0x08003a04   0x00000118   Code   RO         6908    i.__hardfp_acosf    m_wm.l(acosf.o)
    0x08003b1c   0x0000003a   Code   RO         6962    i.__hardfp_sqrtf    m_wm.l(sqrtf.o)
    0x08003b56   0x00000006   Code   RO         7295    i.__mathlib_flt_infnan  m_wm.l(funder.o)
    0x08003b5c   0x00000010   Code   RO         7297    i.__mathlib_flt_invalid  m_wm.l(funder.o)
    0x08003b6c   0x0000000e   Code   RO         7357    i.__scatterload_copy  mc_w.l(handlers.o)
    0x08003b7a   0x00000002   Code   RO         7358    i.__scatterload_null  mc_w.l(handlers.o)
    0x08003b7c   0x0000000e   Code   RO         7359    i.__scatterload_zeroinit  mc_w.l(handlers.o)
    0x08003b8a   0x00000002   PAD
    0x08003b8c   0x0000000c   Code   RO         7337    i.__set_errno       mc_w.l(errno.o)
    0x08003b98   0x0000001e   Code   RO          409    i.delay_ms          sys.o
    0x08003bb6   0x00000012   Code   RO         6564    i.gimUpdate         gimbal.o
    0x08003bc8   0x0000000c   Code   RO         6565    i.gimbalInit        gimbal.o
    0x08003bd4   0x00000034   Code   RO         4802    i.gimbalTask        gimbaltask.o
    0x08003c08   0x0000003c   Code   RO         6163    i.invSqrt           quaternionekf.o
    0x08003c44   0x00000018   Code   RO            6    i.main              main.o
    0x08003c5c   0x0000006c   Code   RO         7251    i.malloc            mc_w.l(malloc.o)
    0x08003cc8   0x00000098   Code   RO         5158    i.prvAddCurrentTaskToDelayedList  tasks.o
    0x08003d60   0x000000b8   Code   RO         5159    i.prvAddNewTaskToReadyList  tasks.o
    0x08003e18   0x00000064   Code   RO         5160    i.prvCheckTasksWaitingTermination  tasks.o
    0x08003e7c   0x00000012   Code   RO         5161    i.prvDeleteTCB      tasks.o
    0x08003e8e   0x00000002   PAD
    0x08003e90   0x0000007c   Code   RO         5525    i.prvHeapInit       heap_4.o
    0x08003f0c   0x00000028   Code   RO         5162    i.prvIdleTask       tasks.o
    0x08003f34   0x00000090   Code   RO         5163    i.prvInitialiseNewTask  tasks.o
    0x08003fc4   0x00000068   Code   RO         5164    i.prvInitialiseTaskLists  tasks.o
    0x0800402c   0x00000068   Code   RO         5526    i.prvInsertBlockIntoFreeList  heap_4.o
    0x08004094   0x00000034   Code   RO         5166    i.prvResetNextTaskUnblockTime  tasks.o
    0x080040c8   0x00000016   Code   RO         5167    i.prvTaskCheckFreeStackSpace  tasks.o
    0x080040de   0x00000016   Code   RO         5583    i.prvTaskExitError  port.o
    0x080040f4   0x00000064   Code   RO         6627    i.pushCanMsg        canring.o
    0x08004158   0x000000d0   Code   RO         5527    i.pvPortMalloc      heap_4.o
    0x08004228   0x0000002c   Code   RO         5584    i.pxPortInitialiseStack  port.o
    0x08004254   0x00000024   Code   RO         6590    i.remoteCtrlInit    remotectrl.o
    0x08004278   0x0000003e   Code   RO         6964    i.sqrtf             m_wm.l(sqrtf.o)
    0x080042b6   0x00000002   PAD
    0x080042b8   0x0000002c   Code   RO         4645    i.startTast         start_task.o
    0x080042e4   0x00000044   Code   RO         4646    i.start_task        start_task.o
    0x08004328   0x0000017c   Code   RO         6592    i.updateRC          remotectrl.o
    0x080044a4   0x0000002a   Code   RO         6692    i.usartIfInit       usart.o
    0x080044ce   0x00000028   Code   RO         4945    i.uxListRemove      list.o
    0x080044f6   0x00000002   PAD
    0x080044f8   0x00000028   Code   RO         5172    i.uxTaskGetStackHighWaterMark  tasks.o
    0x08004520   0x0000001a   Code   RO         4946    i.vListInitialise   list.o
    0x0800453a   0x00000006   Code   RO         4947    i.vListInitialiseItem  list.o
    0x08004540   0x00000034   Code   RO         4948    i.vListInsert       list.o
    0x08004574   0x00000018   Code   RO         4949    i.vListInsertEnd    list.o
    0x0800458c   0x00000024   Code   RO         5586    i.vPortEnterCritical  port.o
    0x080045b0   0x00000020   Code   RO         5587    i.vPortExitCritical  port.o
    0x080045d0   0x00000048   Code   RO         5528    i.vPortFree         heap_4.o
    0x08004618   0x00000020   Code   RO         5588    i.vPortSetupTimerInterrupt  port.o
    0x08004638   0x00000034   Code   RO         5178    i.vTaskDelay        tasks.o
    0x0800466c   0x00000074   Code   RO         5179    i.vTaskDelayUntil   tasks.o
    0x080046e0   0x000000cc   Code   RO         5180    i.vTaskDelete       tasks.o
    0x080047ac   0x0000006c   Code   RO         5193    i.vTaskStartScheduler  tasks.o
    0x08004818   0x00000010   Code   RO         5195    i.vTaskSuspendAll   tasks.o
    0x08004828   0x000000a0   Code   RO         5196    i.vTaskSwitchContext  tasks.o
    0x080048c8   0x00000048   Code   RO         5589    i.xPortStartScheduler  port.o
    0x08004910   0x00000034   Code   RO         5590    i.xPortSysTickHandler  port.o
    0x08004944   0x00000060   Code   RO         5198    i.xTaskCreate       tasks.o
    0x080049a4   0x0000000c   Code   RO         5202    i.xTaskGetTickCount  tasks.o
    0x080049b0   0x0000011c   Code   RO         5204    i.xTaskIncrementTick  tasks.o
    0x08004acc   0x000000e8   Code   RO         5209    i.xTaskResumeAll    tasks.o
    0x08004bb4   0x00000090   Data   RO         6165    .constdata          quaternionekf.o
    0x08004c44   0x00000020   Data   RO         7355    Region$$Table       anon$$obj.o


    Execution Region RW_IRAM1 (Base: 0x20000000, Size: 0x00004698, Max: 0x00020000, ABSOLUTE, COMPRESSED[0x00000034])

    Base Addr    Size         Type   Attr      Idx    E Section Name        Object

    0x20000000   0x00000014   Data   RW          368    .data               system_stm32f4xx.o
    0x20000014   0x00000010   Data   RW         1963    .data               stm32f4xx_rcc.o
    0x20000024   0x00000008   Data   RW         3901    .data               steeringengine.o
    0x2000002c   0x00000008   Data   RW         4024    .data               usart3.o
    0x20000034   0x00000004   Data   RW         4057    .data               os_tick.o
    0x20000038   0x00000018   Data   RW         4104    .data               counter.o
    0x20000050   0x00000004   Data   RW         4648    .data               start_task.o
    0x20000054   0x00000048   Data   RW         5212    .data               tasks.o
    0x2000009c   0x00000018   Data   RW         5533    .data               heap_4.o
    0x200000b4   0x00000004   Data   RW         5591    .data               port.o
    0x200000b8   0x00000006   Data   RW         5975    .data               icm20602.o
    0x200000be   0x00000004   Data   RW         6093    .data               kalman_filter.o
    0x200000c2   0x00000002   PAD
    0x200000c4   0x000000d4   Data   RW         6166    .data               quaternionekf.o
    0x20000198   0x00000004   Data   RW         7333    .data               mc_w.l(mvars.o)
    0x2000019c   0x00000004   Data   RW         7334    .data               mc_w.l(mvars.o)
    0x200001a0   0x00000004   Data   RW         7338    .data               mc_w.l(errno.o)
    0x200001a4   0x00000034   Zero   RW            7    .bss                main.o
    0x200001d8   0x000000f8   Zero   RW         3751    .bss                can1.o
    0x200002d0   0x000000f8   Zero   RW         3789    .bss                can2.o
    0x200003c8   0x00000010   Zero   RW         4023    .bss                usart3.o
    0x200003d8   0x0000000c   Zero   RW         4103    .bss                counter.o
    0x200003e4   0x00000030   Zero   RW         4647    .bss                start_task.o
    0x20000414   0x00000038   Zero   RW         4704    .bss                gimbalestimatetask.o
    0x2000044c   0x0000003c   Zero   RW         4803    .bss                gimbaltask.o
    0x20000488   0x000002e4   Zero   RW         5211    .bss                tasks.o
    0x2000076c   0x00002800   Zero   RW         5532    .bss                heap_4.o
    0x20002f6c   0x000000bc   Zero   RW         6017    .bss                ins.o
    0x20003028   0x00000270   Zero   RW         6164    .bss                quaternionekf.o
    0x20003298   0x00001000   Zero   RW          401    HEAP                startup_stm32f40_41xxx.o
    0x20004298   0x00000400   Zero   RW          400    STACK               startup_stm32f40_41xxx.o


==============================================================================

Image component sizes


      Code (inc. data)   RO Data    RW Data    ZI Data      Debug   Object Name

       496         28          0          0        248       2117   can1.o
       492         30          0          0        248       2093   can2.o
       100          0          0          0          0        849   canring.o
       322         42          0         24         12       2712   counter.o
       112         18          0          0          0        534   frictionwheel.o
        30          0          0          0          0       1293   gimbal.o
         0          0          0          0         56       1247   gimbalestimatetask.o
        52          6          0          0         60       1078   gimbaltask.o
       508         62          0         24      10240       3807   heap_4.o
      1076         64          0          6          0       4063   icm20602.o
       136         26          0          0        188       2290   ins.o
      1804         12          0          4          0       3606   kalman_filter.o
       148          0          0          0          0       3182   list.o
       240         18          0          0         52     334924   main.o
        48          4          0          0          0        510   microsw.o
       120         14          0          0          0        980   misc.o
        40          8          0          4          0       1004   os_tick.o
       472         58          0          4          0       9416   port.o
      2568        160        144        212        624       7595   quaternionekf.o
       416          8          0          0          0       1488   remotectrl.o
       112         46          0          4         48       2074   start_task.o
        36          8        392          0       5120        820   startup_stm32f40_41xxx.o
       248         30          0          8          0       1574   steeringengine.o
      1360         22          0          0          0       6677   stm32f4xx_can.o
       632         54          0          0          0       5029   stm32f4xx_dma.o
       214          0          0          0          0       1735   stm32f4xx_gpio.o
        28          0          0          0          0       3199   stm32f4xx_it.o
       328         36          0         16          0       4539   stm32f4xx_rcc.o
       446         36          0          0          0       8228   stm32f4xx_tim.o
       412          8          0          0          0       4225   stm32f4xx_usart.o
        30          0          0          0          0        579   sys.o
       340         32          0         20          0       1753   system_stm32f4xx.o
      2136        338          0         72        740      25115   tasks.o
        28          6          0          0          0        470   tim4.o
        42          0          0          0          0       1306   usart.o
       404         40          0          8         16       1551   usart3.o
         0          0          0          0          0       1496   user_lib.o

    ----------------------------------------------------------------------
     15996       1214        568        408      17652     455158   Object Totals
         0          0         32          0          0          0   (incl. Generated)
        20          0          0          2          0          0   (incl. Padding)

    ----------------------------------------------------------------------

      Code (inc. data)   RO Data    RW Data    ZI Data      Debug   Library Member Name

         0          0          0          0          0      15188   arm_cos_f32.o
       256          0          0          0          0       1426   arm_mat_add_f32.o
         8          0          0          0          0        779   arm_mat_init_f32.o
      1280         10          0          0          0       2726   arm_mat_inverse_f32.o
       248          6          0          0          0       1371   arm_mat_mult_f32.o
       256          0          0          0          0       1426   arm_mat_sub_f32.o
       152          0          0          0          0       1172   arm_mat_trans_f32.o
       280         46          0          0          0        176   acosf.o
        22          6          0          0          0        232   funder.o
       120          0          0          0          0        272   sqrtf.o
        86          0          0          0          0          0   __dczerorl2.o
         0          0          0          0          0          0   entry.o
         0          0          0          0          0          0   entry10a.o
         0          0          0          0          0          0   entry11a.o
         8          4          0          0          0          0   entry2.o
         4          0          0          0          0          0   entry5.o
         0          0          0          0          0          0   entry7b.o
         0          0          0          0          0          0   entry8b.o
         8          4          0          0          0          0   entry9a.o
        12          6          0          4          0         68   errno.o
        30          0          0          0          0          0   handlers.o
        36          8          0          0          0         68   init.o
         0          0          0          0          0          0   iusefp.o
       108         16          0          0          0         84   malloc.o
        36          0          0          0          0         68   memcpya.o
        36          0          0          0          0        108   memseta.o
         0          0          0          8          0          0   mvars.o

    ----------------------------------------------------------------------
      2992        106          0         12          0      25164   Library Totals
         6          0          0          0          0          0   (incl. Padding)

    ----------------------------------------------------------------------

      Code (inc. data)   RO Data    RW Data    ZI Data      Debug   Library Name

      2200         16          0          0          0      24088   arm_cortexM4lf_math.lib
       422         52          0          0          0        680   m_wm.l
       364         38          0         12          0        396   mc_w.l

    ----------------------------------------------------------------------
      2992        106          0         12          0      25164   Library Totals

    ----------------------------------------------------------------------

==============================================================================


      Code (inc. data)   RO Data    RW Data    ZI Data      Debug   

     18988       1320        568        420      17652     467502   Grand Totals
     18988       1320        568         52      17652     467502   ELF Image Totals (compressed)
     18988       1320        568         52          0          0   ROM Totals

==============================================================================

    Total RO  Size (Code + RO Data)                19556 (  19.10kB)
    Total RW  Size (RW Data + ZI Data)             18072 (  17.65kB)
    Total ROM Size (Code + RO Data + RW Data)      19608 (  19.15kB)

==============================================================================

