Component: ARM Compiler 5.06 update 3 (build 300) Tool: armlink [4d35c9]

==============================================================================

Section Cross References

    main.o(i.BSP_Init) refers to usart3.o(i.USART3_Configuration) for USART3_Configuration
    main.o(i.BSP_Init) refers to tools.o(i.delay_ms) for delay_ms
    main.o(i.BSP_Init) refers to pc_uart.o(i.PC_UART_Configuration) for PC_UART_Configuration
    main.o(i.BSP_Init) refers to microsw.o(i.MicroSwConfigration) for MicroSwConfigration
    main.o(i.BSP_Init) refers to steeringengine.o(i.SteeringEngine_Configuration) for SteeringEngine_Configuration
    main.o(i.BSP_Init) refers to can1.o(i.CAN1_Configuration) for CAN1_Configuration
    main.o(i.BSP_Init) refers to can2.o(i.CAN2_Configuration) for CAN2_Configuration
    main.o(i.BSP_Init) refers to steeringengine.o(i.SteeringEngine_Set) for SteeringEngine_Set
    main.o(i.BSP_Init) refers to counter.o(i.COUNTER_Configuration) for COUNTER_Configuration
    main.o(i.BSP_Init) refers to main.o(.bss) for Infantry
    main.o(i.Infantry_Init) refers to main.o(.bss) for Infantry
    main.o(i.Offline_Check_task) refers to start_task.o(i.Robot_Stop) for Robot_Stop
    main.o(i.Offline_Check_task) refers to start_task.o(i.Robot_Recover) for Robot_Recover
    main.o(i.Offline_Check_task) refers to start_task.o(i.Shoot_Stop) for Shoot_Stop
    main.o(i.Offline_Check_task) refers to start_task.o(i.Shoot_Recover) for Shoot_Recover
    main.o(i.Offline_Check_task) refers to datareceivetask.o(i.RC_Rst) for RC_Rst
    main.o(i.Offline_Check_task) refers to datareceivetask.o(i.F105_Rst) for F105_Rst
    main.o(i.Offline_Check_task) refers to iwdg.o(i.IWDG_Feed) for IWDG_Feed
    main.o(i.Offline_Check_task) refers to tasks.o(i.vTaskDelay) for vTaskDelay
    main.o(i.Offline_Check_task) refers to tasks.o(i.uxTaskGetStackHighWaterMark) for uxTaskGetStackHighWaterMark
    main.o(i.Offline_Check_task) refers to datareceivetask.o(.bss) for Robot_Disconnect
    main.o(i.Offline_Check_task) refers to gimbaltask.o(.data) for ControlMode
    main.o(i.Offline_Check_task) refers to main.o(.data) for Judge_Lost
    main.o(i.Robot_Init) refers to zerochecktask.o(i.ZeroCheck_Init) for ZeroCheck_Init
    main.o(i.Robot_Init) refers to main.o(i.Infantry_Init) for Infantry_Init
    main.o(i.Robot_Init) refers to chassistask.o(i.Pid_ChassisPosition_Init) for Pid_ChassisPosition_Init
    main.o(i.Robot_Init) refers to gimbaltask.o(i.PidGimbalMotor_Init) for PidGimbalMotor_Init
    main.o(i.Robot_Init) refers to shoottask.o(i.Pid_BodanMotor_Init) for Pid_BodanMotor_Init
    main.o(i.Robot_Init) refers to shoottask.o(i.Pid_Friction_Init) for Pid_Friction_Init
    main.o(i.Robot_Init) refers to debug.o(i.checkIMUOn) for checkIMUOn
    main.o(i.Robot_Init) refers to ins.o(i.INS_Init) for INS_Init
    main.o(i.Robot_Init) refers to icm20602.o(i.ICM20602_init) for ICM20602_init
    main.o(i.Robot_Init) refers to debug.o(.bss) for global_debugger
    main.o(i.Robot_Init) refers to gimbalestimatetask.o(.bss) for IMUData
    main.o(i.main) refers to main.o(i.Infantry_Init) for Infantry_Init
    main.o(i.main) refers to main.o(i.BSP_Init) for BSP_Init
    main.o(i.main) refers to main.o(i.Robot_Init) for Robot_Init
    main.o(i.main) refers to start_task.o(i.startTast) for startTast
    main.o(i.main) refers to tasks.o(i.vTaskStartScheduler) for vTaskStartScheduler
    stm32f4xx_it.o(i.SysTick_Handler) refers to port.o(i.xPortSysTickHandler) for xPortSysTickHandler
    system_stm32f4xx.o(i.SystemCoreClockUpdate) refers to system_stm32f4xx.o(.data) for SystemCoreClock
    system_stm32f4xx.o(i.SystemInit) refers to system_stm32f4xx.o(i.SetSysClock) for SetSysClock
    startup_stm32f40_41xxx.o(RESET) refers to startup_stm32f40_41xxx.o(STACK) for __initial_sp
    startup_stm32f40_41xxx.o(RESET) refers to startup_stm32f40_41xxx.o(.text) for Reset_Handler
    startup_stm32f40_41xxx.o(RESET) refers to stm32f4xx_it.o(i.NMI_Handler) for NMI_Handler
    startup_stm32f40_41xxx.o(RESET) refers to stm32f4xx_it.o(i.HardFault_Handler) for HardFault_Handler
    startup_stm32f40_41xxx.o(RESET) refers to stm32f4xx_it.o(i.MemManage_Handler) for MemManage_Handler
    startup_stm32f40_41xxx.o(RESET) refers to stm32f4xx_it.o(i.BusFault_Handler) for BusFault_Handler
    startup_stm32f40_41xxx.o(RESET) refers to stm32f4xx_it.o(i.UsageFault_Handler) for UsageFault_Handler
    startup_stm32f40_41xxx.o(RESET) refers to port.o(.emb_text) for SVC_Handler
    startup_stm32f40_41xxx.o(RESET) refers to stm32f4xx_it.o(i.DebugMon_Handler) for DebugMon_Handler
    startup_stm32f40_41xxx.o(RESET) refers to stm32f4xx_it.o(i.SysTick_Handler) for SysTick_Handler
    startup_stm32f40_41xxx.o(RESET) refers to usart4_gryo.o(i.DMA1_Stream2_IRQHandler) for DMA1_Stream2_IRQHandler
    startup_stm32f40_41xxx.o(RESET) refers to pc_uart.o(i.DMA1_Stream6_IRQHandler) for DMA1_Stream6_IRQHandler
[...]
    SysTimeUpdate                            0x0800bcb5   Thumb Code   130  counter.o(i.SysTimeUpdate)
    SystemInit                               0x0800bd49   Thumb Code    88  system_stm32f4xx.o(i.SystemInit)
    TIM4_IRQHandler                          0x0800bdb1   Thumb Code    22  tim4.o(i.TIM4_IRQHandler)
    TIM7_IRQHandler                          0x0800bdcd   Thumb Code    32  os_tick.o(i.TIM7_IRQHandler)
    TIM_ARRPreloadConfig                     0x0800bdf5   Thumb Code    24  stm32f4xx_tim.o(i.TIM_ARRPreloadConfig)
    TIM_ClearFlag                            0x0800be0d   Thumb Code     6  stm32f4xx_tim.o(i.TIM_ClearFlag)
    TIM_ClearITPendingBit                    0x0800be13   Thumb Code     6  stm32f4xx_tim.o(i.TIM_ClearITPendingBit)
    TIM_Cmd                                  0x0800be19   Thumb Code    24  stm32f4xx_tim.o(i.TIM_Cmd)
    TIM_CtrlPWMOutputs                       0x0800be31   Thumb Code    30  stm32f4xx_tim.o(i.TIM_CtrlPWMOutputs)
    TIM_DMACmd                               0x0800be4f   Thumb Code    18  stm32f4xx_tim.o(i.TIM_DMACmd)
    TIM_GetITStatus                          0x0800be61   Thumb Code    34  stm32f4xx_tim.o(i.TIM_GetITStatus)
    TIM_ITConfig                             0x0800be83   Thumb Code    18  stm32f4xx_tim.o(i.TIM_ITConfig)
    TIM_OC4Init                              0x0800be95   Thumb Code   112  stm32f4xx_tim.o(i.TIM_OC4Init)
    TIM_OC4PreloadConfig                     0x0800bf0d   Thumb Code    26  stm32f4xx_tim.o(i.TIM_OC4PreloadConfig)
    TIM_SetCompare3                          0x0800bf27   Thumb Code     4  stm32f4xx_tim.o(i.TIM_SetCompare3)
    TIM_SetCompare4                          0x0800bf2b   Thumb Code     4  stm32f4xx_tim.o(i.TIM_SetCompare4)
    TIM_TimeBaseInit                         0x0800bf31   Thumb Code   104  stm32f4xx_tim.o(i.TIM_TimeBaseInit)
    TX2_task                                 0x0800bfb5   Thumb Code    38  datasendtask.o(i.TX2_task)
    T_change                                 0x0800bfe5   Thumb Code   588  gimbaltask.o(i.T_change)
    TaskCheck                                0x0800c275   Thumb Code   414  rtostaskcheck.o(i.TaskCheck)
    USART2_IRQHandler                        0x0800c421   Thumb Code    72  pc_uart.o(i.USART2_IRQHandler)
    USART3_Configuration                     0x0800c47d   Thumb Code   276  usart3.o(i.USART3_Configuration)
    USART3_IRQHandler                        0x0800c5a5   Thumb Code    78  usart3.o(i.USART3_IRQHandler)
    USART_ClearFlag                          0x0800c605   Thumb Code    18  stm32f4xx_usart.o(i.USART_ClearFlag)
    USART_Cmd                                0x0800c617   Thumb Code    24  stm32f4xx_usart.o(i.USART_Cmd)
    USART_DMACmd                             0x0800c62f   Thumb Code    18  stm32f4xx_usart.o(i.USART_DMACmd)
    USART_DeInit                             0x0800c641   Thumb Code   206  stm32f4xx_usart.o(i.USART_DeInit)
    USART_GetFlagStatus                      0x0800c731   Thumb Code    26  stm32f4xx_usart.o(i.USART_GetFlagStatus)
    USART_GetITStatus                        0x0800c74b   Thumb Code    84  stm32f4xx_usart.o(i.USART_GetITStatus)
    USART_ITConfig                           0x0800c79f   Thumb Code    74  stm32f4xx_usart.o(i.USART_ITConfig)
    USART_Init                               0x0800c7e9   Thumb Code   204  stm32f4xx_usart.o(i.USART_Init)
    UsageFault_Handler                       0x0800c8bd   Thumb Code     4  stm32f4xx_it.o(i.UsageFault_Handler)
    Verify_CRC16_Check_Sum                   0x0800c8c1   Thumb Code    60  algorithmofcrc.o(i.Verify_CRC16_Check_Sum)
    YawCan1Send                              0x0800c901   Thumb Code   138  datasendtask.o(i.YawCan1Send)
    ZeroCheck                                0x0800c999   Thumb Code   186  zerochecktask.o(i.ZeroCheck)
    ZeroCheck_Init                           0x0800ca59   Thumb Code   204  zerochecktask.o(i.ZeroCheck_Init)
    ZeroCheck_cal                            0x0800cb5d   Thumb Code   406  zerochecktask.o(i.ZeroCheck_cal)
    __0sprintf$3                             0x0800cd3d   Thumb Code    34  printf3.o(i.__0sprintf$3)
    __1sprintf$3                             0x0800cd3d   Thumb Code     0  printf3.o(i.__0sprintf$3)
    __2sprintf                               0x0800cd3d   Thumb Code     0  printf3.o(i.__0sprintf$3)
    __ARM_fpclassify                         0x0800cd65   Thumb Code    48  fpclassify.o(i.__ARM_fpclassify)
    __ARM_fpclassifyf                        0x0800cd95   Thumb Code    38  fpclassifyf.o(i.__ARM_fpclassifyf)
    __hardfp_acosf                           0x0800cdbd   Thumb Code   234  acosf.o(i.__hardfp_acosf)
    __hardfp_asinf                           0x0800ced5   Thumb Code   258  asinf.o(i.__hardfp_asinf)
    __hardfp_atan2f                          0x0800d001   Thumb Code   502  atan2f.o(i.__hardfp_atan2f)
    __hardfp_cos                             0x0800d251   Thumb Code   180  cos.o(i.__hardfp_cos)
    __hardfp_round                           0x0800d319   Thumb Code   194  round.o(i.__hardfp_round)
    __hardfp_sin                             0x0800d3f9   Thumb Code   180  sin.o(i.__hardfp_sin)
    __hardfp_sqrtf                           0x0800d4c1   Thumb Code    58  sqrtf.o(i.__hardfp_sqrtf)
    __hardfp_tan                             0x0800d501   Thumb Code   108  tan.o(i.__hardfp_tan)
    __ieee754_rem_pio2                       0x0800d581   Thumb Code   938  rred.o(i.__ieee754_rem_pio2)
    __kernel_cos                             0x0800d9b9   Thumb Code   322  cos_i.o(i.__kernel_cos)
    __kernel_poly                            0x0800db29   Thumb Code   248  poly.o(i.__kernel_poly)
    __kernel_sin                             0x0800dc21   Thumb Code   280  sin_i.o(i.__kernel_sin)
    __kernel_tan                             0x0800dd51   Thumb Code   764  tan_i.o(i.__kernel_tan)
    __mathlib_dbl_infnan                     0x0800e0a1   Thumb Code    20  dunder.o(i.__mathlib_dbl_infnan)
    __mathlib_dbl_invalid                    0x0800e0b9   Thumb Code    24  dunder.o(i.__mathlib_dbl_invalid)
    __mathlib_dbl_underflow                  0x0800e0d9   Thumb Code    24  dunder.o(i.__mathlib_dbl_underflow)
    __mathlib_flt_infnan                     0x0800e0f9   Thumb Code     6  funder.o(i.__mathlib_flt_infnan)
    __mathlib_flt_infnan2                    0x0800e0ff   Thumb Code     6  funder.o(i.__mathlib_flt_infnan2)
    __mathlib_flt_invalid                    0x0800e105   Thumb Code    10  funder.o(i.__mathlib_flt_invalid)
    __mathlib_flt_underflow                  0x0800e115   Thumb Code    10  funder.o(i.__mathlib_flt_underflow)
    __scatterload_copy                       0x0800e125   Thumb Code    14  handlers.o(i.__scatterload_copy)
    __scatterload_null                       0x0800e133   Thumb Code     2  handlers.o(i.__scatterload_null)
    __scatterload_zeroinit                   0x0800e135   Thumb Code    14  handlers.o(i.__scatterload_zeroinit)
    __set_errno                              0x0800e145   Thumb Code     6  errno.o(i.__set_errno)
    checkIMUOn                               0x0800e315   Thumb Code    80  debug.o(i.checkIMUOn)
    clust2sect                               0x0800e419   Thumb Code    26  ff.o(i.clust2sect)
    decode_gyro                              0x0800e621   Thumb Code   768  mysensors.o(i.decode_gyro)
    delay_ms                                 0x0800e965   Thumb Code    30  tools.o(i.delay_ms)
    disk_initialize                          0x0800ec77   Thumb Code    42  diskio.o(i.disk_initialize)
    disk_ioctl                               0x0800eca1   Thumb Code   102  diskio.o(i.disk_ioctl)
    disk_read                                0x0800ed0d   Thumb Code    86  diskio.o(i.disk_read)
    disk_status                              0x0800ed63   Thumb Code    28  diskio.o(i.disk_status)
    disk_write                               0x0800ed7f   Thumb Code    92  diskio.o(i.disk_write)
    f_close                                  0x0800eddb   Thumb Code    32  ff.o(i.f_close)
    f_lseek                                  0x0800edfb   Thumb Code   410  ff.o(i.f_lseek)
    f_mount                                  0x0800ef95   Thumb Code    86  ff.o(i.f_mount)
    f_open                                   0x0800eff1   Thumb Code   374  ff.o(i.f_open)
    f_sync                                   0x0800f167   Thumb Code   176  ff.o(i.f_sync)
    f_write                                  0x0800f217   Thumb Code   524  ff.o(i.f_write)
    fabs                                     0x0800f423   Thumb Code    24  fabs.o(i.fabs)
    get_F                                    0x0800f8a5   Thumb Code   312  gimbaltask.o(i.get_F)
    get_fat                                  0x0800fa01   Thumb Code   318  ff.o(i.get_fat)
    get_fattime                              0x0800fb41   Thumb Code     4  diskio.o(i.get_fattime)
    main                                     0x0800fbed   Thumb Code    24  main.o(i.main)
    malloc                                   0x0800fc05   Thumb Code    92  malloc.o(i.malloc)
    put_fat                                  0x08010125   Thumb Code   392  ff.o(i.put_fat)
    pvPortMalloc                             0x080102ad   Thumb Code   188  heap_4.o(i.pvPortMalloc)
    pxPortInitialiseStack                    0x0801037d   Thumb Code    38  port.o(i.pxPortInitialiseStack)
    sqrtf                                    0x08010415   Thumb Code    62  sqrtf.o(i.sqrtf)
    startTast                                0x08010465   Thumb Code    24  start_task.o(i.startTast)
    start_task                               0x08010491   Thumb Code   242  start_task.o(i.start_task)
    ulTaskNotifyTake                         0x08010769   Thumb Code   112  tasks.o(i.ulTaskNotifyTake)
    uxListRemove                             0x080107e5   Thumb Code    40  list.o(i.uxListRemove)
    uxTaskGetStackHighWaterMark              0x0801080d   Thumb Code    34  tasks.o(i.uxTaskGetStackHighWaterMark)
    vListInitialise                          0x08010835   Thumb Code    26  list.o(i.vListInitialise)
    vListInitialiseItem                      0x0801084f   Thumb Code     6  list.o(i.vListInitialiseItem)
    vListInsert                              0x08010855   Thumb Code    52  list.o(i.vListInsert)
    vListInsertEnd                           0x08010889   Thumb Code    24  list.o(i.vListInsertEnd)
    vPortEnterCritical                       0x080108a1   Thumb Code    30  port.o(i.vPortEnterCritical)
    vPortExitCritical                        0x080108c5   Thumb Code    28  port.o(i.vPortExitCritical)
    vPortFree                                0x080108e5   Thumb Code    64  heap_4.o(i.vPortFree)
    vPortSetupTimerInterrupt                 0x0801092d   Thumb Code    26  port.o(i.vPortSetupTimerInterrupt)
    vTaskDelay                               0x0801094d   Thumb Code    46  tasks.o(i.vTaskDelay)
    vTaskDelayUntil                          0x08010981   Thumb Code   106  tasks.o(i.vTaskDelayUntil)
    vTaskDelete                              0x080109f5   Thumb Code   166  tasks.o(i.vTaskDelete)
    vTaskStartScheduler                      0x08010ac1   Thumb Code    76  tasks.o(i.vTaskStartScheduler)
    vTaskSuspendAll                          0x08010b2d   Thumb Code    12  tasks.o(i.vTaskSuspendAll)
    vTaskSwitchContext                       0x08010b3d   Thumb Code   128  tasks.o(i.vTaskSwitchContext)
    xPortStartScheduler                      0x08010c11   Thumb Code    58  port.o(i.xPortStartScheduler)
    xPortSysTickHandler                      0x08010c59   Thumb Code    46  port.o(i.xPortSysTickHandler)
    xTaskCreate                              0x08010c8d   Thumb Code    96  tasks.o(i.xTaskCreate)
    xTaskGenericNotify                       0x08010ced   Thumb Code   178  tasks.o(i.xTaskGenericNotify)
    xTaskGetTickCount                        0x08010db1   Thumb Code     6  tasks.o(i.xTaskGetTickCount)
    xTaskIncrementTick                       0x08010dbd   Thumb Code   238  tasks.o(i.xTaskIncrementTick)
    xTaskResumeAll                           0x08010ed9   Thumb Code   196  tasks.o(i.xTaskResumeAll)
    wCRC_Table                               0x08010fc0   Data         512  algorithmofcrc.o(.constdata)
    CRC8_INIT                                0x080111c0   Data           1  algorithmofcrc.o(.constdata)
    CRC8_TAB                                 0x080111c1   Data         256  algorithmofcrc.o(.constdata)
    xb                                       0x080112c4   Data          12  ins.o(.constdata)
    yb                                       0x080112d0   Data          12  ins.o(.constdata)
    zb                                       0x080112dc   Data          12  ins.o(.constdata)
    IMU_QuaternionEKF_F                      0x080112f4   Data         144  quaternionekf.o(.constdata)
    Region$$Table$$Base                      0x08011d20   Number         0  anon$$obj.o(Region$$Table)
    Region$$Table$$Limit                     0x08011d40   Number         0  anon$$obj.o(Region$$Table)
    run_time_check                           0x20000000   Data           4  main.o(.data)
    fric_flag                                0x20000004   Data           2  main.o(.data)
    Judge_Lost                               0x20000006   Data           1  main.o(.data)
    Offline_Check_high_water                 0x20000008   Data           4  main.o(.data)
    SystemCoreClock                          0x2000000c   Data           4  system_stm32f4xx.o(.data)
    AHBPrescTable                            0x20000010   Data          16  system_stm32f4xx.o(.data)
    magazineState                            0x20000030   Data           1  steeringengine.o(.data)
    mag_place                                0x20000034   Data           4  steeringengine.o(.data)
    Remote_Receive_Flag                      0x20000038   Data           1  usart3.o(.data)
    LastCNT32                                0x20000040   Data           4  counter.o(.data)
    CPU_RunTime                              0x20000058   Data           4  os_tick.o(.data)
    pc_pitch                                 0x2000005c   Data           4  pc_serial.o(.data)
    pc_yaw                                   0x20000060   Data           4  pc_serial.o(.data)
    PC_Shoot_flag                            0x20000064   Data           1  pc_serial.o(.data)
    last_shoot_flag                          0x20000065   Data           1  pc_serial.o(.data)
    SD_Type                                  0x20000066   Data           1  bsp_spi_sdcard.o(.data)
    CRC_INIT                                 0x20000068   Data           2  algorithmofcrc.o(.data)
    sss                                      0x2000006a   Data           2  algorithmofcrc.o(.data)
    ChassisAct_Init_Flag                     0x2000006c   Data           2  chassistask.o(.data)
    Theta                                    0x20000070   Data           4  chassistask.o(.data)
    SinTheTa                                 0x20000074   Data           4  chassistask.o(.data)
    CosTheTa                                 0x20000078   Data           4  chassistask.o(.data)
    TanTheTa                                 0x2000007c   Data           4  chassistask.o(.data)
    Theta0                                   0x20000080   Data           4  chassistask.o(.data)
    Speed_Theta                              0x20000084   Data           4  chassistask.o(.data)
    Theta_chassis                            0x20000088   Data           4  chassistask.o(.data)
    SelfProtect_Cross_Flag                   0x2000008c   Data           1  chassistask.o(.data)
    ResetPos                                 0x20000090   Data           4  chassistask.o(.data)
    Be_shooted_flag                          0x20000094   Data           2  chassistask.o(.data)
    LastChassisSpeed                         0x20000098   Data           4  chassistask.o(.data)
    LPF_FOLLOW                               0x2000009c   Data           4  chassistask.o(.data)
    LPF_FOLLOW_POS                           0x200000a0   Data           4  chassistask.o(.data)
    chassis                                  0x200000a4   Data           6  chassistask.o(.data)
    test_w                                   0x200000aa   Data           2  chassistask.o(.data)
    SP_Theta                                 0x200000ac   Data           4  chassistask.o(.data)
    CosSP_Theta                              0x200000b0   Data           4  chassistask.o(.data)
    SinSP_Theta                              0x200000b4   Data           4  chassistask.o(.data)
    TanSP_Theta                              0x200000b8   Data           4  chassistask.o(.data)
    bias_SP1                                 0x200000bc   Data           4  chassistask.o(.data)
    bias_SP2                                 0x200000c0   Data           4  chassistask.o(.data)
    SOLO_bias                                0x200000c4   Data           2  chassistask.o(.data)
    SOLO_bias_max                            0x200000c6   Data           2  chassistask.o(.data)
    H_pid                                    0x200000c8   Data           2  chassistask.o(.data)
    L_pid                                    0x200000ca   Data           2  chassistask.o(.data)
    H_P                                      0x200000cc   Data           4  chassistask.o(.data)
    Bias_Angle                               0x200000d0   Data           4  chassistask.o(.data)
    Chassis_high_water                       0x200000d4   Data           4  chassistask.o(.data)
    BodanReceive                             0x200000d8   Data           6  datareceivetask.o(.data)
    PitchMotor_ReceiveFlag                   0x200000de   Data           1  datareceivetask.o(.data)
    FrictionReceive                          0x200000e0   Data           4  datareceivetask.o(.data)
    PitchMotorReceive                        0x200000e4   Data           4  datareceivetask.o(.data)
    YawMotorReceive                          0x200000e8   Data           4  datareceivetask.o(.data)
    yaw_gyro_temp                            0x200000ec   Data           4  datareceivetask.o(.data)
    pitch_gyro_temp                          0x200000f0   Data           4  datareceivetask.o(.data)
    Chassis_ID                               0x200000f4   Data           1  datareceivetask.o(.data)
    crcNopass                                0x200000f6   Data           2  datareceivetask.o(.data)
    buffindex                                0x200000f8   Data           2  datareceivetask.o(.data)
    CoolBuffState                            0x200000fa   Data           1  datareceivetask.o(.data)
    error_cnt                                0x200000fc   Data           4  datareceivetask.o(.data)
    YawMotorSpeed                            0x20000100   Data           2  datareceivetask.o(.data)
    PitchMotorSpeed                          0x20000102   Data           2  datareceivetask.o(.data)
    temp1                                    0x20000104   Data           1  datareceivetask.o(.data)
    temp2                                    0x20000105   Data           1  datareceivetask.o(.data)
    temp3                                    0x20000106   Data           1  datareceivetask.o(.data)
    Heat_LimitTick                           0x20000108   Data           4  datareceivetask.o(.data)
    RC_high_water                            0x2000010c   Data           4  datareceivetask.o(.data)
    TX2_high_water                           0x20000110   Data           4  datasendtask.o(.data)
    LastWakeTime_PC                          0x20000114   Data           4  datasendtask.o(.data)
    Bodan_Pos                                0x20000118   Data           4  zerochecktask.o(.data)
    pitch_motor_temp                         0x2000011c   Data           4  zerochecktask.o(.data)
    pitch_lose_flag                          0x20000120   Data           1  zerochecktask.o(.data)
    MirocPosition                            0x20000124   Data           4  shoottask.o(.data)
    FrictionWheel_speed                      0x20000128   Data           2  shoottask.o(.data)
    BulletSpeed                              0x2000012a   Data           2  shoottask.o(.data)
    BodanMotorCurrent                        0x2000012c   Data           2  shoottask.o(.data)
    ShootAct_Init_Flag                       0x2000012e   Data           2  shoottask.o(.data)
    FrictionCurrent                          0x20000130   Data           4  shoottask.o(.data)
    Shoot_Init_flag                          0x20000134   Data           4  shoottask.o(.data)
    ShootCount                               0x20000138   Data           4  shoottask.o(.data)
    Onegrid                                  0x2000013c   Data           4  shoottask.o(.data)
    PullerSpeed                              0x20000140   Data           2  shoottask.o(.data)
    checkPullerSpeed                         0x20000142   Data           2  shoottask.o(.data)
    ShootCountTime_last                      0x20000144   Data           4  shoottask.o(.data)
    ShootCount_dt                            0x20000148   Data           4  shoottask.o(.data)
    ShootCount_Number                        0x2000014c   Data           4  shoottask.o(.data)
    HeatControlThreshold                     0x20000150   Data           4  shoottask.o(.data)
    curHeat                                  0x20000154   Data           4  shoottask.o(.data)
    Reverse_Flag                             0x20000158   Data           1  shoottask.o(.data)
    delay_time                               0x2000015c   Data           4  shoottask.o(.data)
    EnterAimTick                             0x20000160   Data           4  shoottask.o(.data)
    nowAimTick                               0x20000164   Data           4  shoottask.o(.data)
    shoot_test_flag                          0x20000168   Data           1  shoottask.o(.data)
    shoot_dt                                 0x2000016c   Data           4  shoottask.o(.data)
    Shoot_high_water                         0x20000170   Data           4  shoottask.o(.data)
    Shoot_Power                              0x20000174   Data           4  shoottask.o(.data)
    GimbalAct_Init_Flag                      0x20000180   Data           2  gimbaltask.o(.data)
    YawCurrent                               0x20000182   Data           2  gimbaltask.o(.data)
    PitchCurrent                             0x20000184   Data           2  gimbaltask.o(.data)
    GimbalYawPos                             0x20000188   Data           4  gimbaltask.o(.data)
    GimbalPitchPos                           0x2000018c   Data           4  gimbaltask.o(.data)
    GimbalLastPitchPos                       0x20000190   Data           4  gimbaltask.o(.data)
    DeltaGimbalPitchPos                      0x20000194   Data           4  gimbaltask.o(.data)
    Recent_Angle_Buff                        0x20000198   Data           4  gimbaltask.o(.data)
    Recent_Yaw_Angle_Armor                   0x2000019c   Data           4  gimbaltask.o(.data)
    Recent_Pitch_Angle_Armor                 0x200001a0   Data           4  gimbaltask.o(.data)
    pitchpos                                 0x200001a4   Data           4  gimbaltask.o(.data)
    ControlMode                              0x200001a8   Data           1  gimbaltask.o(.data)
    cnt_last                                 0x200001ac   Data           4  gimbaltask.o(.data)
    k_yaw                                    0x200001b0   Data           4  gimbaltask.o(.data)
    ch2_return_flag                          0x200001b4   Data           1  gimbaltask.o(.data)
    diudiao                                  0x200001b8   Data           4  gimbaltask.o(.data)
    yuzhi                                    0x200001c0   Data           8  gimbaltask.o(.data)
    yaw_freq                                 0x200001c8   Data           4  gimbaltask.o(.data)
    yaw_Amplite                              0x200001cc   Data           4  gimbaltask.o(.data)
    speed_limit                              0x200001d0   Data           4  gimbaltask.o(.data)
    Aim_Follow                               0x200001d4   Data           1  gimbaltask.o(.data)
    Inte_z                                   0x200001d8   Data           4  gimbaltask.o(.data)
    last_aim_yaw                             0x200001dc   Data           4  gimbaltask.o(.data)
    F_Change_flag                            0x200001e0   Data           2  gimbaltask.o(.data)
    Gimbal_direct                            0x200001e4   Data           4  gimbaltask.o(.data)
    T                                        0x200001e8   Data           4  gimbaltask.o(.data)
    T_cnt                                    0x200001ec   Data           4  gimbaltask.o(.data)
    T_Time_cnt                               0x200001f0   Data           4  gimbaltask.o(.data)
    F_cnt                                    0x200001f4   Data           4  gimbaltask.o(.data)
    F_cnt_last                               0x200001f8   Data           4  gimbaltask.o(.data)
    F                                        0x200001fc   Data           4  gimbaltask.o(.data)
    GimbalYawPos_last                        0x20000200   Data           4  gimbaltask.o(.data)
    GimbalPitchPos_last                      0x20000204   Data           4  gimbaltask.o(.data)
    Gimbal_high_water                        0x20000208   Data           4  gimbaltask.o(.data)
    GGGG                                     0x2000020c   Data           4  gimbaltask.o(.data)
    Mouse_Key_Flag                           0x20000214   Data           2  actiontask.o(.data)
    waitFlag                                 0x20000216   Data          20  actiontask.o(.data)
    SpeedMode                                0x2000022a   Data           2  actiontask.o(.data)
    ctrl_rising_flag                         0x2000022c   Data           2  actiontask.o(.data)
    pre_key_ctrl                             0x2000022e   Data           2  actiontask.o(.data)
    v_rising_flag                            0x20000230   Data           2  actiontask.o(.data)
    pre_key_v                                0x20000232   Data           2  actiontask.o(.data)
    c_rising_flag                            0x20000234   Data           2  actiontask.o(.data)
    pre_key_c                                0x20000236   Data           2  actiontask.o(.data)
    pre_key_e                                0x20000238   Data           2  actiontask.o(.data)
    e_rising_flag                            0x2000023a   Data           2  actiontask.o(.data)
    x_rising_flag                            0x2000023c   Data           2  actiontask.o(.data)
    pre_key_x                                0x2000023e   Data           2  actiontask.o(.data)
    Press_Key_x_Flag                         0x20000240   Data           2  actiontask.o(.data)
    pre_key_b                                0x20000242   Data           2  actiontask.o(.data)
    q_rising_flag                            0x20000244   Data           2  actiontask.o(.data)
    b_rising_flag                            0x20000246   Data           2  actiontask.o(.data)
    f_rising_flag                            0x20000248   Data           2  actiontask.o(.data)
    g_rising_flag                            0x2000024a   Data           2  actiontask.o(.data)
    pre_key_f                                0x2000024c   Data           2  actiontask.o(.data)
    mouse_Press_l_rising_flag                0x2000024e   Data           2  actiontask.o(.data)
    pre_mouse_l                              0x20000250   Data           2  actiontask.o(.data)
    r_rising_flag                            0x20000252   Data           2  actiontask.o(.data)
    pre_key_r                                0x20000254   Data           2  actiontask.o(.data)
    z_rising_flag                            0x20000256   Data           2  actiontask.o(.data)
    pre_key_z                                0x20000258   Data           2  actiontask.o(.data)
    Press_Key_z_Flag                         0x2000025a   Data           2  actiontask.o(.data)
    pre_key_q                                0x2000025c   Data           2  actiontask.o(.data)
    pre_key_g                                0x2000025e   Data           2  actiontask.o(.data)
    pre_v_rising_flag                        0x20000260   Data           2  actiontask.o(.data)
    v_high_flag                              0x20000262   Data           2  actiontask.o(.data)
    q_flag                                   0x20000264   Data           1  actiontask.o(.data)
    f_flag                                   0x20000265   Data           1  actiontask.o(.data)
    HighFreq_flag                            0x20000266   Data           1  actiontask.o(.data)
    k_slow                                   0x20000267   Data           1  actiontask.o(.data)
    prese_ctrl_timer                         0x20000268   Data           4  actiontask.o(.data)
    prese_ctrl_interval                      0x2000026c   Data           4  actiontask.o(.data)
    ctrl_interval                            0x20000270   Data           4  actiontask.o(.data)
    ctrl_prese_countinue_flag                0x20000274   Data           2  actiontask.o(.data)
    ctrl_mode                                0x20000276   Data           1  actiontask.o(.data)
    smallBuff_flag                           0x20000277   Data           1  actiontask.o(.data)
    Turning_flag                             0x20000278   Data           2  actiontask.o(.data)
    Graphic_Init_flag                        0x2000027a   Data           1  actiontask.o(.data)
    Budan                                    0x2000027b   Data           1  actiontask.o(.data)
    Buff_flag                                0x2000027c   Data           1  actiontask.o(.data)
    PC_Sendflag                              0x2000027e   Data           2  actiontask.o(.data)
    Buff_Yaw_Motor                           0x20000280   Data           4  actiontask.o(.data)
    Buff_Init                                0x20000284   Data           1  actiontask.o(.data)
    SteeringEngineDelay                      0x20000286   Data           2  actiontask.o(.data)
    k_onegrid                                0x20000288   Data           4  actiontask.o(.data)
    k_single                                 0x2000028c   Data           4  actiontask.o(.data)
    aaaa                                     0x20000290   Data           2  actiontask.o(.data)
    ARMOR_FLAG                               0x20000292   Data           1  actiontask.o(.data)
    Last_shift                               0x20000293   Data           1  actiontask.o(.data)
    shift_press_flag                         0x20000294   Data           1  actiontask.o(.data)
    shift_flag                               0x20000295   Data           1  actiontask.o(.data)
    pitchcurrent                             0x20000296   Data           2  actiontask.o(.data)
    ModeChoose_high_water                    0x20000298   Data           4  actiontask.o(.data)
    GimbalEstimate_high_water                0x200002a8   Data           4  gimbalestimatetask.o(.data)
    Control_high_water                       0x200002ac   Data           4  controltask.o(.data)
    time_last                                0x200002b0   Data           4  controltask.o(.data)
    dt_1                                     0x200002b4   Data           4  controltask.o(.data)
    DataFile                                 0x200002b8   Data          15  sdcardtask.o(.data)
    pxCurrentTCB                             0x200002c8   Data           4  tasks.o(.data)
    NotifyValue                              0x2000030c   Data           4  tasks.o(.data)
    overtime                                 0x2000032c   Data           4  debug.o(.data)
    otcnt                                    0x20000330   Data           4  debug.o(.data)
    Temp                                     0x20000334   Data           2  rtostaskcheck.o(.data)
    INS_Count                                0x20000340   Data           4  ins.o(.data)
    dt                                       0x20000344   Data           4  ins.o(.data)
    t                                        0x20000348   Data           4  ins.o(.data)
    ins_debug_mode                           0x2000034c   Data           1  ins.o(.data)
    RefTemp                                  0x20000350   Data           4  ins.o(.data)
    sizeof_float                             0x20000388   Data           2  kalman_filter.o(.data)
    sizeof_double                            0x2000038a   Data           2  kalman_filter.o(.data)
    IMU_QuaternionEKF_P                      0x2000038c   Data         144  quaternionekf.o(.data)
    __microlib_freelist                      0x20000468   Data           4  mvars.o(.data)
    __microlib_freelist_initialised          0x2000046c   Data           4  mvars.o(.data)
    Infantry                                 0x20000474   Data          52  main.o(.bss)
    sbus_rx_buffer                           0x200004a8   Data          18  usart3.o(.bss)
    F103REC_Buffer                           0x200004ba   Data          35  usart4_gryo.o(.bss)
    SysTime                                  0x200004e0   Data          12  counter.o(.bss)
    pc_recv_data                             0x200004ec   Data          11  pc_serial.o(.bss)
    pc_send_data                             0x200004f7   Data          11  pc_serial.o(.bss)
    PCbuffer                                 0x20000502   Data          11  pc_uart.o(.bss)
    SendToPC_Buff                            0x2000050d   Data          11  pc_uart.o(.bss)
    SDCardInfo                               0x20000518   Data          88  bsp_spi_sdcard.o(.bss)
    gyro                                     0x20000570   Data          52  mysensors.o(.bss)
    motors                                   0x200005a4   Data         112  mysensors.o(.bss)
    pidChassisPosition                       0x20000614   Data          80  chassistask.o(.bss)
    pidChassisPosition_Speed                 0x20000664   Data          80  chassistask.o(.bss)
    SOLO_pidChassisPosition                  0x200006b4   Data          80  chassistask.o(.bss)
    FF_w                                     0x20000704   Data          24  chassistask.o(.bss)
    RC_Ctl                                   0x2000071c   Data          54  datareceivetask.o(.bss)
    GyroReceive                              0x20000754   Data          24  datareceivetask.o(.bss)
    F105                                     0x2000076c   Data          10  datareceivetask.o(.bss)
    PC_Receive                               0x20000778   Data          20  datareceivetask.o(.bss)
    Robot_Disconnect                         0x2000078c   Data          36  datareceivetask.o(.bss)
    tempPC                                   0x200007b0   Data          11  datareceivetask.o(.bss)
    F405                                     0x200007bc   Data          14  datasendtask.o(.bss)
    Gimbal                                   0x200007cc   Data          48  zerochecktask.o(.bss)
    ZeroCheck_Pitch                          0x200007fc   Data          20  zerochecktask.o(.bss)
    ZeroCheck_Yaw                            0x20000810   Data          20  zerochecktask.o(.bss)
    ZeroCheck_Pitch_speed                    0x20000824   Data          20  zerochecktask.o(.bss)
    ZeroCheck_Yaw_speed                      0x20000838   Data          20  zerochecktask.o(.bss)
    ZeroCheck_BodanPos                       0x2000084c   Data          20  zerochecktask.o(.bss)
    ZeroCheck_BodanSpeed                     0x20000860   Data          20  zerochecktask.o(.bss)
    ZeroCheck_GyroYaw                        0x20000874   Data          20  zerochecktask.o(.bss)
    ZeroCheck_GyroPitch                      0x20000888   Data          20  zerochecktask.o(.bss)
    qFrictionSpeed                           0x200008a0   Data          16  shoottask.o(.bss)
    BufferFrictionSpeedQueen                 0x200008b0   Data         160  shoottask.o(.bss)
    PidBodanMotorPos                         0x20000950   Data          80  shoottask.o(.bss)
    PidBodanMotorSpeed                       0x200009a0   Data          80  shoottask.o(.bss)
    PidFrictionSpeed                         0x200009f0   Data         160  shoottask.o(.bss)
    FuzzyBodanMotorPos                       0x20000a90   Data         112  shoottask.o(.bss)
    Shoot                                    0x20000b00   Data          36  shoottask.o(.bss)
    inttoshort                               0x20000b24   Data          16  gimbaltask.o(.bss)
    PidPitchSpeed                            0x20000b34   Data          80  gimbaltask.o(.bss)
    PidPitchPos                              0x20000b84   Data          80  gimbaltask.o(.bss)
    PidYawSpeed                              0x20000bd4   Data          80  gimbaltask.o(.bss)
    PidYawPos                                0x20000c24   Data          80  gimbaltask.o(.bss)
    PidPitchAidPos                           0x20000c74   Data         160  gimbaltask.o(.bss)
    PidPitchAidSpeed                         0x20000d14   Data         160  gimbaltask.o(.bss)
    PidYawAidPos                             0x20000db4   Data         160  gimbaltask.o(.bss)
    PidYawAidSpeed                           0x20000e54   Data         160  gimbaltask.o(.bss)
    PidPitchBuffSpeed                        0x20000ef4   Data          80  gimbaltask.o(.bss)
    PidYawBuffSpeed                          0x20000f44   Data          80  gimbaltask.o(.bss)
    PitchPosFF                               0x20000f94   Data          40  gimbaltask.o(.bss)
    PitchSpeedFF                             0x20000fbc   Data          40  gimbaltask.o(.bss)
    YawPosFF                                 0x20000fe4   Data          40  gimbaltask.o(.bss)
    YawSpeedFF                               0x2000100c   Data          40  gimbaltask.o(.bss)
    Status                                   0x20001034   Data          20  actiontask.o(.bss)
    intshort                                 0x20001048   Data          16  actiontask.o(.bss)
    User_Tasks                               0x20001058   Data          48  start_task.o(.bss)
    IMUReceive                               0x20001088   Data          12  gimbalestimatetask.o(.bss)
    IMUData                                  0x20001094   Data          44  gimbalestimatetask.o(.bss)
    WriteBuffer                              0x200010c0   Data         128  sdcardtask.o(.bss)
    sd_status                                0x20001140   Data        8304  sdcardtask.o(.bss)
    Missing                                  0x200031b0   Data           9  sdcardtask.o(.bss)
    global_debugger                          0x20005ca0   Data         164  debug.o(.bss)
    Ozone                                    0x20005d44   Data          32  debug.o(.bss)
    TaskRunFlag                              0x20005d64   Data           9  rtostaskcheck.o(.bss)
    TaskRunTime                              0x20005d70   Data          36  rtostaskcheck.o(.bss)
    INS                                      0x20005d94   Data         160  ins.o(.bss)
    IMU_Param                                0x20005e34   Data          28  ins.o(.bss)
    QEKF_INS                                 0x20005e50   Data         480  quaternionekf.o(.bss)
    IMU_QuaternionEKF_K                      0x20006030   Data          72  quaternionekf.o(.bss)
    IMU_QuaternionEKF_H                      0x20006078   Data          72  quaternionekf.o(.bss)
    __heap_base                              0x200060c0   Data           0  startup_stm32f40_41xxx.o(HEAP)
    __heap_limit                             0x200070c0   Data           0  startup_stm32f40_41xxx.o(HEAP)
    __initial_sp                             0x200074c0   Data           0  startup_stm32f40_41xxx.o(STACK)



==============================================================================

Memory Map of the image

  Image Entry point : 0x08000189

  Load Region LR_IROM1 (Base: 0x08000000, Size: 0x000121b4, Max: 0x00100000, ABSOLUTE, COMPRESSED[0x00011de8])

    Execution Region ER_IROM1 (Base: 0x08000000, Size: 0x00011d40, Max: 0x00100000, ABSOLUTE)

    Base Addr    Size         Type   Attr      Idx    E Section Name        Object

    0x08000000   0x00000188   Data   RO          406    RESET               startup_stm32f40_41xxx.o
    0x08000188   0x00000000   Code   RO         7545  * .ARM.Collect$$$$00000000  mc_w.l(entry.o)
    0x08000188   0x00000004   Code   RO         7919    .ARM.Collect$$$$00000001  mc_w.l(entry2.o)
    0x0800018c   0x00000004   Code   RO         7922    .ARM.Collect$$$$00000004  mc_w.l(entry5.o)
    0x08000190   0x00000000   Code   RO         7924    .ARM.Collect$$$$00000008  mc_w.l(entry7b.o)
    0x08000190   0x00000000   Code   RO         7926    .ARM.Collect$$$$0000000A  mc_w.l(entry8b.o)
    0x08000190   0x00000008   Code   RO         7927    .ARM.Collect$$$$0000000B  mc_w.l(entry9a.o)
    0x08000198   0x00000000   Code   RO         7929    .ARM.Collect$$$$0000000D  mc_w.l(entry10a.o)
    0x08000198   0x00000000   Code   RO         7931    .ARM.Collect$$$$0000000F  mc_w.l(entry11a.o)
    0x08000198   0x00000004   Code   RO         7920    .ARM.Collect$$$$00002712  mc_w.l(entry2.o)
    0x0800019c   0x000000b6   Code   RO         6228    .emb_text           port.o
    0x08000252   0x00000002   PAD
    0x08000254   0x00000024   Code   RO          407    .text               startup_stm32f40_41xxx.o
    0x08000278   0x000000d8   Code   RO         7264    .text               arm_cortexM4lf_math.lib(arm_cos_f32.o)
    0x08000350   0x000000d8   Code   RO         7311    .text               arm_cortexM4lf_math.lib(arm_sin_f32.o)
    0x08000428   0x00000100   Code   RO         7333    .text               arm_cortexM4lf_math.lib(arm_mat_add_f32.o)
    0x08000528   0x00000008   Code   RO         7353    .text               arm_cortexM4lf_math.lib(arm_mat_init_f32.o)
    0x08000530   0x00000500   Code   RO         7373    .text               arm_cortexM4lf_math.lib(arm_mat_inverse_f32.o)
    0x08000a30   0x000000f8   Code   RO         7393    .text               arm_cortexM4lf_math.lib(arm_mat_mult_f32.o)
    0x08000b28   0x00000100   Code   RO         7413    .text               arm_cortexM4lf_math.lib(arm_mat_sub_f32.o)
    0x08000c28   0x00000098   Code   RO         7433    .text               arm_cortexM4lf_math.lib(arm_mat_trans_f32.o)
    0x08000cc0   0x00000062   Code   RO         7548    .text               mc_w.l(uldiv.o)
    0x08000d22   0x00000024   Code   RO         7550    .text               mc_w.l(memcpya.o)
    0x08000d46   0x00000024   Code   RO         7552    .text               mc_w.l(memseta.o)
    0x08000d6a   0x0000000e   Code   RO         7554    .text               mc_w.l(strlen.o)
    0x08000d78   0x0000014e   Code   RO         7849    .text               mf_w.l(dadd.o)
    0x08000ec6   0x000000e4   Code   RO         7851    .text               mf_w.l(dmul.o)
    0x08000faa   0x000000de   Code   RO         7853    .text               mf_w.l(ddiv.o)
    0x08001088   0x00000022   Code   RO         7855    .text               mf_w.l(dflti.o)
    0x080010aa   0x0000001a   Code   RO         7857    .text               mf_w.l(dfltui.o)
    0x080010c4   0x0000003e   Code   RO         7859    .text               mf_w.l(dfixi.o)
    0x08001102   0x00000026   Code   RO         7861    .text               mf_w.l(f2d.o)
    0x08001128   0x00000030   Code   RO         7863    .text               mf_w.l(cdcmple.o)
    0x08001158   0x00000030   Code   RO         7865    .text               mf_w.l(cdrcmple.o)
    0x08001188   0x00000038   Code   RO         7867    .text               mf_w.l(d2f.o)
    0x080011c0   0x0000002c   Code   RO         7936    .text               mc_w.l(uidiv.o)
    0x080011ec   0x0000001e   Code   RO         7938    .text               mc_w.l(llshl.o)
    0x0800120a   0x00000020   Code   RO         7940    .text               mc_w.l(llushr.o)
    0x0800122a   0x00000024   Code   RO         7942    .text               mc_w.l(llsshr.o)
    0x0800124e   0x00000000   Code   RO         7953    .text               mc_w.l(iusefp.o)
    0x0800124e   0x0000006e   Code   RO         7954    .text               mf_w.l(fepilogue.o)
    0x080012bc   0x000000ba   Code   RO         7956    .text               mf_w.l(depilogue.o)
    0x08001376   0x00000002   PAD
    0x08001378   0x00000088   Code   RO         7960    .text               mf_w.l(drnd.o)
    0x08001400   0x00000024   Code   RO         7968    .text               mc_w.l(init.o)
    0x08001424   0x00000056   Code   RO         7980    .text               mc_w.l(__dczerorl2.o)
    0x0800147a   0x00000002   PAD
    0x0800147c   0x00000030   Code   RO         4444    i.Append_CRC16_Check_Sum  algorithmofcrc.o
    0x080014ac   0x0000005c   Code   RO            3    i.BSP_Init          main.o
    0x08001508   0x00000098   Code   RO         4844    i.BodanCan1Send     datasendtask.o
    0x080015a0   0x00000040   Code   RO         4948    i.BodanMotorPos_Set  shoottask.o
    0x080015e0   0x000000a4   Code   RO         4949    i.BodanMotor_CurrentPid_Cal  shoottask.o
    0x08001684   0x0000015a   Code   RO         6715    i.BodyFrameToEarthFrame  ins.o
    0x080017de   0x00000004   Code   RO          310    i.BusFault_Handler  stm32f4xx_it.o
    0x080017e2   0x00000002   PAD
    0x080017e4   0x000001ac   Code   RO         3723    i.CAN1_Configuration  can1.o
    0x08001990   0x00000034   Code   RO         3724    i.CAN1_RX0_IRQHandler  can1.o
    0x080019c4   0x00000038   Code   RO         3725    i.CAN1_RX1_IRQHandler  can1.o
    0x080019fc   0x0000001c   Code   RO         3726    i.CAN1_TX_IRQHandler  can1.o
    0x08001a18   0x000001b4   Code   RO         3762    i.CAN2_Configuration  can2.o
    0x08001bcc   0x00000034   Code   RO         3763    i.CAN2_RX0_IRQHandler  can2.o
    0x08001c00   0x00000030   Code   RO         3764    i.CAN2_RX1_IRQHandler  can2.o
    0x08001c30   0x0000001c   Code   RO         3765    i.CAN2_TX_IRQHandler  can2.o
    0x08001c4c   0x000000a8   Code   RO          701    i.CAN_ClearITPendingBit  stm32f4xx_can.o
    0x08001cf4   0x00000038   Code   RO          703    i.CAN_DeInit        stm32f4xx_can.o
    0x08001d2c   0x00000108   Code   RO          705    i.CAN_FilterInit    stm32f4xx_can.o
    0x08001e34   0x00000120   Code   RO          707    i.CAN_GetITStatus   stm32f4xx_can.o
    0x08001f54   0x00000012   Code   RO          711    i.CAN_ITConfig      stm32f4xx_can.o
    0x08001f66   0x00000114   Code   RO          712    i.CAN_Init          stm32f4xx_can.o
    0x0800207a   0x000000f0   Code   RO          715    i.CAN_Receive       stm32f4xx_can.o
    0x0800216a   0x00000020   Code   RO          718    i.CAN_StructInit    stm32f4xx_can.o
    0x0800218a   0x00000126   Code   RO          720    i.CAN_Transmit      stm32f4xx_can.o
    0x080022b0   0x0000004c   Code   RO         4058    i.COUNTER_Configuration  counter.o
    0x080022fc   0x00000398   Code   RO         6678    i.Calibrate_IMU_Offset  icm20602.o
    0x08002694   0x00000068   Code   RO         4777    i.Can1Receive0      datareceivetask.o
    0x080026fc   0x000000e0   Code   RO         4778    i.Can1Receive1      datareceivetask.o
    0x080027dc   0x000000c0   Code   RO         4779    i.Can2Receive0      datareceivetask.o
    0x0800289c   0x00000070   Code   RO         4780    i.Can2Receive1      datareceivetask.o
    0x0800290c   0x0000008c   Code   RO         4845    i.ChassisCan1Send   datasendtask.o
    0x08002998   0x00000090   Code   RO         4703    i.ChassisPostionAngle_TranSform  chassistask.o
    0x08002a28   0x00000570   Code   RO         4704    i.Chassis_Act_Cal   chassistask.o
    0x08002f98   0x00000114   Code   RO         4705    i.Chassis_CurrentPid_Cal  chassistask.o
    0x080030ac   0x000003ac   Code   RO         4706    i.Chassis_Jump_Cal  chassistask.o
    0x08003458   0x00000054   Code   RO         4707    i.Chassis_Powerdown_Cal  chassistask.o
    0x080034ac   0x00000218   Code   RO         4708    i.Chassis_SelfProtect_Cal  chassistask.o
    0x080036c4   0x000004d8   Code   RO         4709    i.Chassis_Solo_Cal  chassistask.o
    0x08003b9c   0x00000028   Code   RO         4710    i.Chassis_task      chassistask.o
    0x08003bc4   0x00000012   Code   RO          723    i.CheckITStatus     stm32f4xx_can.o
    0x08003bd6   0x00000002   PAD
    0x08003bd8   0x00000030   Code   RO         5419    i.CloseSDCard       sdcardtask.o
    0x08003c08   0x00000050   Code   RO         5378    i.Control_task      controltask.o
    0x08003c58   0x00000048   Code   RO         4029    i.DMA1_Stream2_IRQHandler  usart4_gryo.o
    0x08003ca0   0x00000044   Code   RO         4219    i.DMA1_Stream6_IRQHandler  pc_uart.o
    0x08003ce4   0x00000070   Code   RO         3801    i.DMA2_Stream1_IRQHandler  frictionwheel.o
    0x08003d54   0x00000034   Code   RO         1034    i.DMA_ClearFlag     stm32f4xx_dma.o
    0x08003d88   0x00000034   Code   RO         1035    i.DMA_ClearITPendingBit  stm32f4xx_dma.o
    0x08003dbc   0x00000016   Code   RO         1036    i.DMA_Cmd           stm32f4xx_dma.o
    0x08003dd2   0x00000002   PAD
    0x08003dd4   0x00000158   Code   RO         1037    i.DMA_DeInit        stm32f4xx_dma.o
    0x08003f2c   0x00000014   Code   RO         1041    i.DMA_GetCmdStatus  stm32f4xx_dma.o
    0x08003f40   0x00000044   Code   RO         1045    i.DMA_GetFlagStatus  stm32f4xx_dma.o
    0x08003f84   0x00000064   Code   RO         1046    i.DMA_GetITStatus   stm32f4xx_dma.o
    0x08003fe8   0x0000003a   Code   RO         1047    i.DMA_ITConfig      stm32f4xx_dma.o
    0x08004022   0x00000002   PAD
    0x08004024   0x00000058   Code   RO         1048    i.DMA_Init          stm32f4xx_dma.o
    0x0800407c   0x00000004   Code   RO         1051    i.DMA_SetCurrDataCounter  stm32f4xx_dma.o
    0x08004080   0x00000002   Code   RO          311    i.DebugMon_Handler  stm32f4xx_it.o
    0x08004082   0x0000001e   Code   RO         4059    i.Delay             counter.o
    0x080040a0   0x0000015a   Code   RO         6716    i.EarthFrameToBodyFrame  ins.o
    0x080041fa   0x00000002   PAD
    0x080041fc   0x00000010   Code   RO         4781    i.F105_Rst          datareceivetask.o
    0x0800420c   0x000000d4   Code   RO         4846    i.F405Can1Send      datasendtask.o
    0x080042e0   0x000000b2   Code   RO         4392    i.FeedForward_Cal   pid.o
    0x08004392   0x0000006a   Code   RO         4393    i.FeedForward_Calc  pid.o
    0x080043fc   0x00000108   Code   RO         4847    i.FrictionCan2Send  datasendtask.o
    0x08004504   0x00000050   Code   RO         4950    i.FrictionSpeedChoose  shoottask.o
    0x08004554   0x000000c0   Code   RO         4951    i.FrictionWheel_CurrentPid_Cal  shoottask.o
    0x08004614   0x000000e8   Code   RO         4261    i.GPIO_Configuration  bsp_spi_sdcard.o
    0x080046fc   0x00000090   Code   RO         1511    i.GPIO_Init         stm32f4xx_gpio.o
    0x0800478c   0x00000046   Code   RO         1512    i.GPIO_PinAFConfig  stm32f4xx_gpio.o
    0x080047d2   0x00000004   Code   RO         1518    i.GPIO_ResetBits    stm32f4xx_gpio.o
    0x080047d6   0x00000004   Code   RO         1519    i.GPIO_SetBits      stm32f4xx_gpio.o
    0x080047da   0x00000002   PAD
    0x080047dc   0x00000030   Code   RO         4060    i.GetDeltaT         counter.o
    0x0800480c   0x00000044   Code   RO         4064    i.GetTime_s         counter.o
    0x08004850   0x00000034   Code   RO         4446    i.Get_CRC16_Check_Sum  algorithmofcrc.o
    0x08004884   0x00000044   Code   RO         5336    i.GimbalEstimate_task  gimbalestimatetask.o
    0x080048c8   0x00000130   Code   RO         5064    i.GimbalPos_Set     gimbaltask.o
    0x080049f8   0x000003d0   Code   RO         5065    i.Gimbal_Armor_Cal  gimbaltask.o
    0x08004dc8   0x00000364   Code   RO         5066    i.Gimbal_Buff_Cal   gimbaltask.o
    0x0800512c   0x00000588   Code   RO         5067    i.Gimbal_CurrentPid_Cal  gimbaltask.o
    0x080056b4   0x00000118   Code   RO         5068    i.Gimbal_FF_Init    gimbaltask.o
    0x080057cc   0x00000040   Code   RO         5379    i.Gimbal_Motor_Control  controltask.o
    0x0800580c   0x00000074   Code   RO         5069    i.Gimbal_Powerdown_Cal  gimbaltask.o
    0x08005880   0x000001b8   Code   RO         5070    i.Gimbal_SI_Cal     gimbaltask.o
    0x08005a38   0x00000260   Code   RO         5071    i.Gimbal_Test_Cal   gimbaltask.o
    0x08005c98   0x00000054   Code   RO         5072    i.Gimbal_task       gimbaltask.o
    0x08005cec   0x00000310   Code   RO         5073    i.GyroGimbal_Act_Cal  gimbaltask.o
    0x08005ffc   0x00000130   Code   RO         6784    i.H_K_R_Adjustment  kalman_filter.o
    0x0800612c   0x00000004   Code   RO          312    i.HardFault_Handler  stm32f4xx_it.o
    0x08006130   0x000000f8   Code   RO         4952    i.HeatControl       shoottask.o
    0x08006228   0x00000010   Code   RO         6679    i.ICM20602_init     icm20602.o
    0x08006238   0x0000008c   Code   RO         6680    i.ICM_20602_Decode  icm20602.o
    0x080062c4   0x00000374   Code   RO         6718    i.IMU_Param_Correction  ins.o
    0x08006638   0x00000238   Code   RO         6857    i.IMU_QuaternionEKF_F_Linearization_P_Fading  quaternionekf.o
    0x08006870   0x00000130   Code   RO         6858    i.IMU_QuaternionEKF_Init  quaternionekf.o
    0x080069a0   0x00000034   Code   RO         6859    i.IMU_QuaternionEKF_Observe  quaternionekf.o
    0x080069d4   0x00000128   Code   RO         6860    i.IMU_QuaternionEKF_SetH  quaternionekf.o
    0x08006afc   0x00000634   Code   RO         6861    i.IMU_QuaternionEKF_Update  quaternionekf.o
    0x08007130   0x00000508   Code   RO         6862    i.IMU_QuaternionEKF_xhatUpdate  quaternionekf.o
    0x08007638   0x00000088   Code   RO         6719    i.INS_Init          ins.o
    0x080076c0   0x00000344   Code   RO         6720    i.INS_Task          ins.o
    0x08007a04   0x00000008   Code   RO         3831    i.IWDG_Feed         iwdg.o
    0x08007a0c   0x00000010   Code   RO         1837    i.IWDG_ReloadCounter  stm32f4xx_iwdg.o
    0x08007a1c   0x00000074   Code   RO            4    i.Infantry_Init     main.o
    0x08007a90   0x0000070c   Code   RO         6785    i.Kalman_Filter_Init  kalman_filter.o
    0x0800819c   0x00000050   Code   RO         6786    i.Kalman_Filter_Measure  kalman_filter.o
    0x080081ec   0x00000068   Code   RO         6787    i.Kalman_Filter_P_Update  kalman_filter.o
    0x08008254   0x00000068   Code   RO         6788    i.Kalman_Filter_PminusUpdate  kalman_filter.o
    0x080082bc   0x000000d2   Code   RO         6789    i.Kalman_Filter_SetK  kalman_filter.o
    0x0800838e   0x00000002   PAD
    0x08008390   0x00000128   Code   RO         6790    i.Kalman_Filter_Update  kalman_filter.o
    0x080084b8   0x0000007c   Code   RO         6791    i.Kalman_Filter_xhatMinusUpdate  kalman_filter.o
    0x08008534   0x00000086   Code   RO         6792    i.Kalman_Filter_xhatUpdate  kalman_filter.o
    0x080085ba   0x00000036   Code   RO         6307    i.LossUpdate        debug.o
    0x080085f0   0x00000004   Code   RO          313    i.MemManage_Handler  stm32f4xx_it.o
    0x080085f4   0x00000030   Code   RO         3856    i.MicroSwConfigration  microsw.o
    0x08008624   0x000000d0   Code   RO         5420    i.MissingUpdate     sdcardtask.o
    0x080086f4   0x00000020   Code   RO         5167    i.ModeChoose_task   actiontask.o
    0x08008714   0x00000388   Code   RO         5074    i.MotorGimbal_Act_Cal  gimbaltask.o
    0x08008a9c   0x000006e4   Code   RO         5168    i.MouseKey_Act_Cal  actiontask.o
    0x08009180   0x00000098   Code   RO         5169    i.Mouse_Key_Process  actiontask.o
    0x08009218   0x00000002   Code   RO          314    i.NMI_Handler       stm32f4xx_it.o
    0x0800921a   0x00000002   PAD
    0x0800921c   0x00000078   Code   RO          413    i.NVIC_Init         misc.o
    0x08009294   0x000000ec   Code   RO            5    i.Offline_Check_task  main.o
    0x08009380   0x00000054   Code   RO         5421    i.OpenSDCard        sdcardtask.o
    0x080093d4   0x00000088   Code   RO         4159    i.PCReceive         pc_serial.o
    0x0800945c   0x00000018   Code   RO         4160    i.PCSolve           pc_serial.o
    0x08009474   0x000001e4   Code   RO         4220    i.PC_UART_Configuration  pc_uart.o
    0x08009658   0x00000280   Code   RO         4395    i.PID_Calc          pid.o
    0x080098d8   0x000002a8   Code   RO         5075    i.PidGimbalMotor_Init  gimbaltask.o
    0x08009b80   0x000000f4   Code   RO         4953    i.Pid_BodanMotor_Init  shoottask.o
    0x08009c74   0x000000b4   Code   RO         4711    i.Pid_ChassisPosition_Init  chassistask.o
    0x08009d28   0x000000e0   Code   RO         4954    i.Pid_Friction_Init  shoottask.o
    0x08009e08   0x00000098   Code   RO         4848    i.PitchCan2Send     datasendtask.o
    0x08009ea0   0x00000090   Code   RO         4955    i.Pluck_Speed_Choose  shoottask.o
    0x08009f30   0x0000005c   Code   RO         5170    i.Powerdown_Process  actiontask.o
    0x08009f8c   0x00000020   Code   RO         1885    i.RCC_AHB1PeriphClockCmd  stm32f4xx_rcc.o
    0x08009fac   0x00000020   Code   RO         1894    i.RCC_APB1PeriphClockCmd  stm32f4xx_rcc.o
    0x08009fcc   0x00000020   Code   RO         1896    i.RCC_APB1PeriphResetCmd  stm32f4xx_rcc.o
    0x08009fec   0x00000020   Code   RO         1899    i.RCC_APB2PeriphResetCmd  stm32f4xx_rcc.o
    0x0800a00c   0x000000e8   Code   RO         1906    i.RCC_GetClocksFreq  stm32f4xx_rcc.o
    0x0800a0f4   0x00000030   Code   RO         4782    i.RCReceive_task    datareceivetask.o
    0x0800a124   0x00000048   Code   RO         4783    i.RC_Rst            datareceivetask.o
    0x0800a16c   0x000001d4   Code   RO         4784    i.RemoteReceive     datareceivetask.o
    0x0800a340   0x00000090   Code   RO         5171    i.Remote_Process    actiontask.o
    0x0800a3d0   0x00000048   Code   RO            6    i.Robot_Init        main.o
    0x0800a418   0x00000014   Code   RO         5229    i.Robot_Recover     start_task.o
    0x0800a42c   0x00000024   Code   RO         5230    i.Robot_Stop        start_task.o
    0x0800a450   0x000000e8   Code   RO         5422    i.SDCard_task       sdcardtask.o
    0x0800a538   0x00000154   Code   RO         5423    i.SDLOG             sdcardtask.o
    0x0800a68c   0x00000074   Code   RO         4262    i.SD_DeInit         bsp_spi_sdcard.o
    0x0800a700   0x00000108   Code   RO         4263    i.SD_GetCIDRegister  bsp_spi_sdcard.o
    0x0800a808   0x00000234   Code   RO         4264    i.SD_GetCSDRegister  bsp_spi_sdcard.o
    0x0800aa3c   0x000000b0   Code   RO         4265    i.SD_GetCardInfo    bsp_spi_sdcard.o
    0x0800aaec   0x00000174   Code   RO         4266    i.SD_GetCardType    bsp_spi_sdcard.o
    0x0800ac60   0x0000004c   Code   RO         4267    i.SD_GetDataResponse  bsp_spi_sdcard.o
    0x0800acac   0x00000022   Code   RO         4268    i.SD_GetResponse    bsp_spi_sdcard.o
    0x0800acce   0x00000002   PAD
    0x0800acd0   0x0000004c   Code   RO         4270    i.SD_GoIdleState    bsp_spi_sdcard.o
    0x0800ad1c   0x0000005c   Code   RO         4271    i.SD_Init           bsp_spi_sdcard.o
    0x0800ad78   0x00000038   Code   RO         4273    i.SD_ReadByte       bsp_spi_sdcard.o
    0x0800adb0   0x000000b4   Code   RO         4274    i.SD_ReadMultiBlocks  bsp_spi_sdcard.o
    0x0800ae64   0x0000004a   Code   RO         4275    i.SD_SendCmd        bsp_spi_sdcard.o
    0x0800aeae   0x00000002   PAD
    0x0800aeb0   0x00000038   Code   RO         4277    i.SD_WriteByte      bsp_spi_sdcard.o
    0x0800aee8   0x000000c0   Code   RO         4278    i.SD_WriteMultiBlocks  bsp_spi_sdcard.o
    0x0800afa8   0x00000018   Code   RO         3565    i.SPI_Cmd           stm32f4xx_spi.o
    0x0800afc0   0x000000b0   Code   RO         3572    i.SPI_I2S_DeInit    stm32f4xx_spi.o
    0x0800b070   0x00000012   Code   RO         3573    i.SPI_I2S_GetFlagStatus  stm32f4xx_spi.o
    0x0800b082   0x00000006   Code   RO         3576    i.SPI_I2S_ReceiveData  stm32f4xx_spi.o
    0x0800b088   0x00000004   Code   RO         3577    i.SPI_I2S_SendData  stm32f4xx_spi.o
    0x0800b08c   0x0000003c   Code   RO         3578    i.SPI_Init          stm32f4xx_spi.o
    0x0800b0c8   0x0000001c   Code   RO         4161    i.SendtoPC          pc_serial.o
    0x0800b0e4   0x00000094   Code   RO         4162    i.SendtoPCPack      pc_serial.o
    0x0800b178   0x00000048   Code   RO         5172    i.SetInputMode      actiontask.o
    0x0800b1c0   0x000000ec   Code   RO          369    i.SetSysClock       system_stm32f4xx.o
    0x0800b2ac   0x0000015c   Code   RO         4956    i.ShootCount_Cal    shoottask.o
    0x0800b408   0x00000088   Code   RO         4957    i.Shoot_Check_Cal   shoottask.o
    0x0800b490   0x000001b8   Code   RO         4958    i.Shoot_Fire_Cal    shoottask.o
    0x0800b648   0x00000030   Code   RO         5380    i.Shoot_Motor_Control  controltask.o
    0x0800b678   0x00000044   Code   RO         4959    i.Shoot_Powerdown_Cal  shoottask.o
    0x0800b6bc   0x00000014   Code   RO         5231    i.Shoot_Recover     start_task.o
    0x0800b6d0   0x00000024   Code   RO         5232    i.Shoot_Stop        start_task.o
    0x0800b6f4   0x00000334   Code   RO         4961    i.Shoot_Tx2_Cal     shoottask.o
    0x0800ba28   0x0000002c   Code   RO         4962    i.Shoot_init        shoottask.o
    0x0800ba54   0x000000ac   Code   RO         4963    i.Shoot_task        shoottask.o
    0x0800bb00   0x000000b4   Code   RO         5173    i.Status_Act        actiontask.o
    0x0800bbb4   0x000000b8   Code   RO         3876    i.SteeringEngine_Configuration  steeringengine.o
    0x0800bc6c   0x00000040   Code   RO         3877    i.SteeringEngine_Set  steeringengine.o
    0x0800bcac   0x00000008   Code   RO          315    i.SysTick_Handler   stm32f4xx_it.o
    0x0800bcb4   0x00000094   Code   RO         4066    i.SysTimeUpdate     counter.o
    0x0800bd48   0x00000068   Code   RO          371    i.SystemInit        system_stm32f4xx.o
    0x0800bdb0   0x0000001c   Code   RO         3906    i.TIM4_IRQHandler   tim4.o
    0x0800bdcc   0x00000028   Code   RO         4131    i.TIM7_IRQHandler   os_tick.o
    0x0800bdf4   0x00000018   Code   RO         2701    i.TIM_ARRPreloadConfig  stm32f4xx_tim.o
    0x0800be0c   0x00000006   Code   RO         2707    i.TIM_ClearFlag     stm32f4xx_tim.o
    0x0800be12   0x00000006   Code   RO         2708    i.TIM_ClearITPendingBit  stm32f4xx_tim.o
    0x0800be18   0x00000018   Code   RO         2713    i.TIM_Cmd           stm32f4xx_tim.o
    0x0800be30   0x0000001e   Code   RO         2715    i.TIM_CtrlPWMOutputs  stm32f4xx_tim.o
    0x0800be4e   0x00000012   Code   RO         2716    i.TIM_DMACmd        stm32f4xx_tim.o
    0x0800be60   0x00000022   Code   RO         2734    i.TIM_GetITStatus   stm32f4xx_tim.o
    0x0800be82   0x00000012   Code   RO         2738    i.TIM_ITConfig      stm32f4xx_tim.o
    0x0800be94   0x00000078   Code   RO         2757    i.TIM_OC4Init       stm32f4xx_tim.o
    0x0800bf0c   0x0000001a   Code   RO         2759    i.TIM_OC4PreloadConfig  stm32f4xx_tim.o
    0x0800bf26   0x00000004   Code   RO         2777    i.TIM_SetCompare3   stm32f4xx_tim.o
    0x0800bf2a   0x00000004   Code   RO         2778    i.TIM_SetCompare4   stm32f4xx_tim.o
    0x0800bf2e   0x00000002   PAD
    0x0800bf30   0x00000084   Code   RO         2785    i.TIM_TimeBaseInit  stm32f4xx_tim.o
    0x0800bfb4   0x00000030   Code   RO         4849    i.TX2_task          datasendtask.o
    0x0800bfe4   0x00000290   Code   RO         5076    i.T_change          gimbaltask.o
    0x0800c274   0x000001ac   Code   RO         6352    i.TaskCheck         rtostaskcheck.o
    0x0800c420   0x0000005c   Code   RO         4221    i.USART2_IRQHandler  pc_uart.o
    0x0800c47c   0x00000128   Code   RO         3998    i.USART3_Configuration  usart3.o
    0x0800c5a4   0x00000060   Code   RO         3999    i.USART3_IRQHandler  usart3.o
    0x0800c604   0x00000012   Code   RO         3259    i.USART_ClearFlag   stm32f4xx_usart.o
    0x0800c616   0x00000018   Code   RO         3263    i.USART_Cmd         stm32f4xx_usart.o
    0x0800c62e   0x00000012   Code   RO         3264    i.USART_DMACmd      stm32f4xx_usart.o
    0x0800c640   0x000000f0   Code   RO         3265    i.USART_DeInit      stm32f4xx_usart.o
    0x0800c730   0x0000001a   Code   RO         3266    i.USART_GetFlagStatus  stm32f4xx_usart.o
    0x0800c74a   0x00000054   Code   RO         3267    i.USART_GetITStatus  stm32f4xx_usart.o
    0x0800c79e   0x0000004a   Code   RO         3269    i.USART_ITConfig    stm32f4xx_usart.o
    0x0800c7e8   0x000000d4   Code   RO         3270    i.USART_Init        stm32f4xx_usart.o
    0x0800c8bc   0x00000004   Code   RO          316    i.UsageFault_Handler  stm32f4xx_it.o
    0x0800c8c0   0x00000040   Code   RO         4448    i.Verify_CRC16_Check_Sum  algorithmofcrc.o
    0x0800c900   0x00000098   Code   RO         4851    i.YawCan1Send       datasendtask.o
    0x0800c998   0x000000c0   Code   RO         4911    i.ZeroCheck         zerochecktask.o
    0x0800ca58   0x00000104   Code   RO         4912    i.ZeroCheck_Init    zerochecktask.o
    0x0800cb5c   0x000001e0   Code   RO         4913    i.ZeroCheck_cal     zerochecktask.o
    0x0800cd3c   0x00000028   Code   RO         7651    i.__0sprintf$3      mc_w.l(printf3.o)
    0x0800cd64   0x00000030   Code   RO         7964    i.__ARM_fpclassify  m_wm.l(fpclassify.o)
    0x0800cd94   0x00000026   Code   RO         7886    i.__ARM_fpclassifyf  m_wm.l(fpclassifyf.o)
    0x0800cdba   0x00000002   PAD
    0x0800cdbc   0x00000118   Code   RO         7451    i.__hardfp_acosf    m_wm.l(acosf.o)
    0x0800ced4   0x0000012c   Code   RO         7463    i.__hardfp_asinf    m_wm.l(asinf.o)
    0x0800d000   0x00000250   Code   RO         7475    i.__hardfp_atan2f   m_wm.l(atan2f.o)
    0x0800d250   0x000000c8   Code   RO         7487    i.__hardfp_cos      m_wm.l(cos.o)
    0x0800d318   0x000000e0   Code   RO         7505    i.__hardfp_round    m_wm.l(round.o)
    0x0800d3f8   0x000000c8   Code   RO         7509    i.__hardfp_sin      m_wm.l(sin.o)
    0x0800d4c0   0x0000003a   Code   RO         7521    i.__hardfp_sqrtf    m_wm.l(sqrtf.o)
    0x0800d4fa   0x00000006   PAD
    0x0800d500   0x00000080   Code   RO         7533    i.__hardfp_tan      m_wm.l(tan.o)
    0x0800d580   0x00000438   Code   RO         7902    i.__ieee754_rem_pio2  m_wm.l(rred.o)
    0x0800d9b8   0x00000170   Code   RO         7869    i.__kernel_cos      m_wm.l(cos_i.o)
    0x0800db28   0x000000f8   Code   RO         7966    i.__kernel_poly     m_wm.l(poly.o)
    0x0800dc20   0x00000130   Code   RO         7907    i.__kernel_sin      m_wm.l(sin_i.o)
    0x0800dd50   0x00000350   Code   RO         7913    i.__kernel_tan      m_wm.l(tan_i.o)
    0x0800e0a0   0x00000014   Code   RO         7873    i.__mathlib_dbl_infnan  m_wm.l(dunder.o)
    0x0800e0b4   0x00000004   PAD
    0x0800e0b8   0x00000020   Code   RO         7875    i.__mathlib_dbl_invalid  m_wm.l(dunder.o)
    0x0800e0d8   0x00000020   Code   RO         7878    i.__mathlib_dbl_underflow  m_wm.l(dunder.o)
    0x0800e0f8   0x00000006   Code   RO         7889    i.__mathlib_flt_infnan  m_wm.l(funder.o)
    0x0800e0fe   0x00000006   Code   RO         7890    i.__mathlib_flt_infnan2  m_wm.l(funder.o)
    0x0800e104   0x00000010   Code   RO         7891    i.__mathlib_flt_invalid  m_wm.l(funder.o)
    0x0800e114   0x00000010   Code   RO         7894    i.__mathlib_flt_underflow  m_wm.l(funder.o)
    0x0800e124   0x0000000e   Code   RO         7974    i.__scatterload_copy  mc_w.l(handlers.o)
    0x0800e132   0x00000002   Code   RO         7975    i.__scatterload_null  mc_w.l(handlers.o)
    0x0800e134   0x0000000e   Code   RO         7976    i.__scatterload_zeroinit  mc_w.l(handlers.o)
    0x0800e142   0x00000002   PAD
    0x0800e144   0x0000000c   Code   RO         7948    i.__set_errno       mc_w.l(errno.o)
    0x0800e150   0x000001b8   Code   RO         7656    i._printf_core      mc_w.l(printf3.o)
    0x0800e308   0x0000000a   Code   RO         7658    i._sputc            mc_w.l(printf3.o)
    0x0800e312   0x00000002   PAD
    0x0800e314   0x00000060   Code   RO         6308    i.checkIMUOn        debug.o
    0x0800e374   0x00000090   Code   RO         6964    i.check_fs          ff.o
    0x0800e404   0x00000014   Code   RO         6965    i.chk_chr           ff.o
    0x0800e418   0x0000001a   Code   RO         6966    i.clust2sect        ff.o
    0x0800e432   0x000000d6   Code   RO         6967    i.create_chain      ff.o
    0x0800e508   0x00000118   Code   RO         6968    i.create_name       ff.o
    0x0800e620   0x00000344   Code   RO         4498    i.decode_gyro       mysensors.o
    0x0800e964   0x0000001e   Code   RO         6377    i.delay_ms          tools.o
    0x0800e982   0x0000005c   Code   RO         6969    i.dir_alloc         ff.o
    0x0800e9de   0x0000005c   Code   RO         6970    i.dir_find          ff.o
    0x0800ea3a   0x0000013a   Code   RO         6971    i.dir_next          ff.o
    0x0800eb74   0x0000003a   Code   RO         6973    i.dir_register      ff.o
    0x0800ebae   0x000000c8   Code   RO         6975    i.dir_sdi           ff.o
    0x0800ec76   0x0000002a   Code   RO         6916    i.disk_initialize   diskio.o
    0x0800eca0   0x0000006c   Code   RO         6917    i.disk_ioctl        diskio.o
    0x0800ed0c   0x00000056   Code   RO         6918    i.disk_read         diskio.o
    0x0800ed62   0x0000001c   Code   RO         6919    i.disk_status       diskio.o
    0x0800ed7e   0x0000005c   Code   RO         6920    i.disk_write        diskio.o
    0x0800edda   0x00000020   Code   RO         6977    i.f_close           ff.o
    0x0800edfa   0x0000019a   Code   RO         6981    i.f_lseek           ff.o
    0x0800ef94   0x0000005c   Code   RO         6984    i.f_mount           ff.o
    0x0800eff0   0x00000176   Code   RO         6985    i.f_open            ff.o
    0x0800f166   0x000000b0   Code   RO         6994    i.f_sync            ff.o
    0x0800f216   0x0000020c   Code   RO         6998    i.f_write           ff.o
    0x0800f422   0x00000018   Code   RO         7501    i.fabs              m_wm.l(fabs.o)
    0x0800f43a   0x00000002   PAD
    0x0800f43c   0x000003d8   Code   RO         6999    i.find_volume       ff.o
    0x0800f814   0x00000090   Code   RO         7000    i.follow_path       ff.o
    0x0800f8a4   0x0000015c   Code   RO         5077    i.get_F             gimbaltask.o
    0x0800fa00   0x0000013e   Code   RO         7001    i.get_fat           ff.o
    0x0800fb3e   0x00000002   PAD
    0x0800fb40   0x00000008   Code   RO         6921    i.get_fattime       diskio.o
    0x0800fb48   0x00000048   Code   RO         7003    i.get_ldnumber      ff.o
    0x0800fb90   0x0000003c   Code   RO         6863    i.invSqrt           quaternionekf.o
    0x0800fbcc   0x00000020   Code   RO         7004    i.ld_clust          ff.o
    0x0800fbec   0x00000018   Code   RO            7    i.main              main.o
    0x0800fc04   0x0000006c   Code   RO         7822    i.malloc            mc_w.l(malloc.o)
    0x0800fc70   0x00000026   Code   RO         7005    i.mem_cmp           ff.o
    0x0800fc96   0x0000001a   Code   RO         7006    i.mem_cpy           ff.o
    0x0800fcb0   0x00000014   Code   RO         7007    i.mem_set           ff.o
    0x0800fcc4   0x00000034   Code   RO         7008    i.move_window       ff.o
    0x0800fcf8   0x00000098   Code   RO         5804    i.prvAddCurrentTaskToDelayedList  tasks.o
    0x0800fd90   0x000000b8   Code   RO         5805    i.prvAddNewTaskToReadyList  tasks.o
    0x0800fe48   0x00000064   Code   RO         5806    i.prvCheckTasksWaitingTermination  tasks.o
    0x0800feac   0x00000012   Code   RO         5807    i.prvDeleteTCB      tasks.o
    0x0800febe   0x00000002   PAD
    0x0800fec0   0x0000007c   Code   RO         6171    i.prvHeapInit       heap_4.o
    0x0800ff3c   0x00000028   Code   RO         5808    i.prvIdleTask       tasks.o
    0x0800ff64   0x00000090   Code   RO         5809    i.prvInitialiseNewTask  tasks.o
    0x0800fff4   0x00000068   Code   RO         5810    i.prvInitialiseTaskLists  tasks.o
    0x0801005c   0x00000068   Code   RO         6172    i.prvInsertBlockIntoFreeList  heap_4.o
    0x080100c4   0x00000034   Code   RO         5812    i.prvResetNextTaskUnblockTime  tasks.o
    0x080100f8   0x00000016   Code   RO         5813    i.prvTaskCheckFreeStackSpace  tasks.o
    0x0801010e   0x00000016   Code   RO         6229    i.prvTaskExitError  port.o
    0x08010124   0x00000188   Code   RO         7009    i.put_fat           ff.o
    0x080102ac   0x000000d0   Code   RO         6173    i.pvPortMalloc      heap_4.o
    0x0801037c   0x0000002c   Code   RO         6230    i.pxPortInitialiseStack  port.o
    0x080103a8   0x0000006c   Code   RO         7011    i.remove_chain      ff.o
    0x08010414   0x0000003e   Code   RO         7523    i.sqrtf             m_wm.l(sqrtf.o)
    0x08010452   0x00000010   Code   RO         7012    i.st_clust          ff.o
    0x08010462   0x00000002   PAD
    0x08010464   0x0000002c   Code   RO         5233    i.startTast         start_task.o
    0x08010490   0x000001bc   Code   RO         5234    i.start_task        start_task.o
    0x0801064c   0x000000c8   Code   RO         7013    i.sync_fs           ff.o
    0x08010714   0x00000052   Code   RO         7014    i.sync_window       ff.o
    0x08010766   0x00000002   PAD
    0x08010768   0x0000007c   Code   RO         5816    i.ulTaskNotifyTake  tasks.o
    0x080107e4   0x00000028   Code   RO         5588    i.uxListRemove      list.o
    0x0801080c   0x00000028   Code   RO         5818    i.uxTaskGetStackHighWaterMark  tasks.o
    0x08010834   0x0000001a   Code   RO         5589    i.vListInitialise   list.o
    0x0801084e   0x00000006   Code   RO         5590    i.vListInitialiseItem  list.o
    0x08010854   0x00000034   Code   RO         5591    i.vListInsert       list.o
    0x08010888   0x00000018   Code   RO         5592    i.vListInsertEnd    list.o
    0x080108a0   0x00000024   Code   RO         6232    i.vPortEnterCritical  port.o
    0x080108c4   0x00000020   Code   RO         6233    i.vPortExitCritical  port.o
    0x080108e4   0x00000048   Code   RO         6174    i.vPortFree         heap_4.o
    0x0801092c   0x00000020   Code   RO         6234    i.vPortSetupTimerInterrupt  port.o
    0x0801094c   0x00000034   Code   RO         5824    i.vTaskDelay        tasks.o
    0x08010980   0x00000074   Code   RO         5825    i.vTaskDelayUntil   tasks.o
    0x080109f4   0x000000cc   Code   RO         5826    i.vTaskDelete       tasks.o
    0x08010ac0   0x0000006c   Code   RO         5839    i.vTaskStartScheduler  tasks.o
    0x08010b2c   0x00000010   Code   RO         5841    i.vTaskSuspendAll   tasks.o
    0x08010b3c   0x000000a0   Code   RO         5842    i.vTaskSwitchContext  tasks.o
    0x08010bdc   0x00000032   Code   RO         7015    i.validate          ff.o
    0x08010c0e   0x00000002   PAD
    0x08010c10   0x00000048   Code   RO         6235    i.xPortStartScheduler  port.o
    0x08010c58   0x00000034   Code   RO         6236    i.xPortSysTickHandler  port.o
    0x08010c8c   0x00000060   Code   RO         5844    i.xTaskCreate       tasks.o
    0x08010cec   0x000000c4   Code   RO         5845    i.xTaskGenericNotify  tasks.o
    0x08010db0   0x0000000c   Code   RO         5848    i.xTaskGetTickCount  tasks.o
    0x08010dbc   0x0000011c   Code   RO         5850    i.xTaskIncrementTick  tasks.o
    0x08010ed8   0x000000e8   Code   RO         5855    i.xTaskResumeAll    tasks.o
    0x08010fc0   0x00000301   Data   RO         4450    .constdata          algorithmofcrc.o
    0x080112c1   0x00000003   PAD
    0x080112c4   0x00000030   Data   RO         6724    .constdata          ins.o
    0x080112f4   0x00000090   Data   RO         6865    .constdata          quaternionekf.o
    0x08011384   0x00000410   Data   RO         7265    .constdata          arm_cortexM4lf_math.lib(arm_cos_f32.o)
    0x08011794   0x0000040c   Data   RO         7312    .constdata          arm_cortexM4lf_math.lib(arm_sin_f32.o)
    0x08011ba0   0x00000030   Data   RO         7870    .constdata          m_wm.l(cos_i.o)
    0x08011bd0   0x000000c8   Data   RO         7904    .constdata          m_wm.l(rred.o)
    0x08011c98   0x00000028   Data   RO         7908    .constdata          m_wm.l(sin_i.o)
    0x08011cc0   0x00000060   Data   RO         7914    .constdata          m_wm.l(tan_i.o)
    0x08011d20   0x00000020   Data   RO         7972    Region$$Table       anon$$obj.o


    Execution Region RW_IRAM1 (Base: 0x20000000, Size: 0x000074c0, Max: 0x00020000, ABSOLUTE, COMPRESSED[0x000000a8])

    Base Addr    Size         Type   Attr      Idx    E Section Name        Object

    0x20000000   0x0000000c   Data   RW            9    .data               main.o
    0x2000000c   0x00000014   Data   RW          372    .data               system_stm32f4xx.o
    0x20000020   0x00000010   Data   RW         1938    .data               stm32f4xx_rcc.o
    0x20000030   0x00000008   Data   RW         3878    .data               steeringengine.o
    0x20000038   0x00000008   Data   RW         4001    .data               usart3.o
    0x20000040   0x00000018   Data   RW         4068    .data               counter.o
    0x20000058   0x00000004   Data   RW         4132    .data               os_tick.o
    0x2000005c   0x0000000a   Data   RW         4164    .data               pc_serial.o
    0x20000066   0x00000001   Data   RW         4280    .data               bsp_spi_sdcard.o
    0x20000067   0x00000001   PAD
    0x20000068   0x00000004   Data   RW         4451    .data               algorithmofcrc.o
    0x2000006c   0x0000006c   Data   RW         4714    .data               chassistask.o
    0x200000d8   0x00000038   Data   RW         4786    .data               datareceivetask.o
    0x20000110   0x00000008   Data   RW         4853    .data               datasendtask.o
    0x20000118   0x00000009   Data   RW         4915    .data               zerochecktask.o
    0x20000121   0x00000003   PAD
    0x20000124   0x0000005c   Data   RW         4966    .data               shoottask.o
    0x20000180   0x00000094   Data   RW         5079    .data               gimbaltask.o
    0x20000214   0x0000008c   Data   RW         5175    .data               actiontask.o
    0x200002a0   0x00000006   Data   RW         5236    .data               start_task.o
    0x200002a6   0x00000002   PAD
    0x200002a8   0x00000004   Data   RW         5338    .data               gimbalestimatetask.o
    0x200002ac   0x0000000c   Data   RW         5381    .data               controltask.o
    0x200002b8   0x0000000f   Data   RW         5425    .data               sdcardtask.o
    0x200002c7   0x00000001   PAD
    0x200002c8   0x00000048   Data   RW         5858    .data               tasks.o
    0x20000310   0x00000018   Data   RW         6179    .data               heap_4.o
    0x20000328   0x00000004   Data   RW         6237    .data               port.o
    0x2000032c   0x00000008   Data   RW         6310    .data               debug.o
    0x20000334   0x00000002   Data   RW         6354    .data               rtostaskcheck.o
    0x20000336   0x00000002   PAD
    0x20000338   0x00000006   Data   RW         6681    .data               icm20602.o
    0x2000033e   0x00000002   PAD
    0x20000340   0x00000048   Data   RW         6725    .data               ins.o
    0x20000388   0x00000004   Data   RW         6793    .data               kalman_filter.o
    0x2000038c   0x000000d4   Data   RW         6866    .data               quaternionekf.o
    0x20000460   0x00000006   Data   RW         7017    .data               ff.o
    0x20000466   0x00000002   PAD
    0x20000468   0x00000004   Data   RW         7944    .data               mc_w.l(mvars.o)
    0x2000046c   0x00000004   Data   RW         7945    .data               mc_w.l(mvars.o)
    0x20000470   0x00000004   Data   RW         7949    .data               mc_w.l(errno.o)
    0x20000474   0x00000034   Zero   RW            8    .bss                main.o
    0x200004a8   0x00000012   Zero   RW         4000    .bss                usart3.o
    0x200004ba   0x00000023   Zero   RW         4031    .bss                usart4_gryo.o
    0x200004dd   0x00000003   PAD
    0x200004e0   0x0000000c   Zero   RW         4067    .bss                counter.o
    0x200004ec   0x00000016   Zero   RW         4163    .bss                pc_serial.o
    0x20000502   0x00000016   Zero   RW         4222    .bss                pc_uart.o
    0x20000518   0x00000058   Zero   RW         4279    .bss                bsp_spi_sdcard.o
    0x20000570   0x000000a4   Zero   RW         4499    .bss                mysensors.o
    0x20000614   0x00000108   Zero   RW         4712    .bss                chassistask.o
    0x2000071c   0x0000009f   Zero   RW         4785    .bss                datareceivetask.o
    0x200007bb   0x00000001   PAD
    0x200007bc   0x0000000e   Zero   RW         4852    .bss                datasendtask.o
    0x200007ca   0x00000002   PAD
    0x200007cc   0x000000d0   Zero   RW         4914    .bss                zerochecktask.o
    0x2000089c   0x00000004   PAD
    0x200008a0   0x00000284   Zero   RW         4964    .bss                shoottask.o
    0x20000b24   0x00000510   Zero   RW         5078    .bss                gimbaltask.o
    0x20001034   0x00000024   Zero   RW         5174    .bss                actiontask.o
    0x20001058   0x00000030   Zero   RW         5235    .bss                start_task.o
    0x20001088   0x00000038   Zero   RW         5337    .bss                gimbalestimatetask.o
    0x200010c0   0x000020f9   Zero   RW         5424    .bss                sdcardtask.o
    0x200031b9   0x00000003   PAD
    0x200031bc   0x000002e4   Zero   RW         5857    .bss                tasks.o
    0x200034a0   0x00002800   Zero   RW         6178    .bss                heap_4.o
    0x20005ca0   0x000000c4   Zero   RW         6309    .bss                debug.o
    0x20005d64   0x00000030   Zero   RW         6353    .bss                rtostaskcheck.o
    0x20005d94   0x000000bc   Zero   RW         6723    .bss                ins.o
    0x20005e50   0x00000270   Zero   RW         6864    .bss                quaternionekf.o
    0x200060c0   0x00001000   Zero   RW          405    HEAP                startup_stm32f40_41xxx.o
    0x200070c0   0x00000400   Zero   RW          404    STACK               startup_stm32f40_41xxx.o


==============================================================================

Image component sizes


      Code (inc. data)   RO Data    RW Data    ZI Data      Debug   Object Name

      2436        328          0        140         36       8409   actiontask.o
       164         14        769          4          0       2861   algorithmofcrc.o
      2560         96          0          1         88      14969   bsp_spi_sdcard.o
       564         28          0          0          0       2406   can1.o
       564         30          0          0          0       2370   can2.o
      4832        520          0        108        264       7938   chassistask.o
       192         32          0         12          0       2839   controltask.o
       370         48          0         24         12       3288   counter.o
      1236        128          0         56        159       6729   datareceivetask.o
      1120        114          0          8         14       5725   datasendtask.o
       150         16          0          8        196       2867   debug.o
       364         10          0          0          0       4332   diskio.o
      5582         46          0          6          0      28251   ff.o
       112         18          0          0          0        534   frictionwheel.o
        68         14          0          4         56       2181   gimbalestimatetask.o
      8464        836          0        148       1296      12943   gimbaltask.o
       508         62          0         24      10240       3807   heap_4.o
      1076         64          0          6          0       4063   icm20602.o
      2548        142         48         72        188       5741   ins.o
         8          0          0          0          0        452   iwdg.o
      3160         26          0          4          0       8599   kalman_filter.o
       148          0          0          0          0       3182   list.o
       540         42          0         12         52     358955   main.o
        48          4          0          0          0        510   microsw.o
       120         14          0          0          0        980   misc.o
       836         68          0          0        164       2303   mysensors.o
        40          8          0          4          0       1004   os_tick.o
       336         66          0         10         22       4579   pc_serial.o
       644         56          0          0         22       2467   pc_uart.o
       924          4          0          0          0       2372   pid.o
       472         58          0          4          0       9416   port.o
      4156        234        144        212        624       7755   quaternionekf.o
       428         24          0          2         48       2119   rtostaskcheck.o
       912        196          0         15       8441       3637   sdcardtask.o
      3388        520          0         92        644      10965   shoottask.o
       600        242          0          6         48       4303   start_task.o
        36          8        392          0       5120        820   startup_stm32f40_41xxx.o
       248         30          0          8          0       1574   steeringengine.o
      1654         22          0          0          0       7396   stm32f4xx_can.o
       808         86          0          0          0       7563   stm32f4xx_dma.o
       222          0          0          0          0       2819   stm32f4xx_gpio.o
        28          0          0          0          0       3199   stm32f4xx_it.o
        16          6          0          0          0        481   stm32f4xx_iwdg.o
       360         42          0         16          0       5116   stm32f4xx_rcc.o
       288         24          0          0          0       4047   stm32f4xx_spi.o
       446         36          0          0          0       8228   stm32f4xx_tim.o
       696         42          0          0          0       6092   stm32f4xx_usart.o
       340         32          0         20          0       1753   system_stm32f4xx.o
      2456        374          0         72        740      26767   tasks.o
        28          6          0          0          0        470   tim4.o
        30          0          0          0          0        595   tools.o
       392         38          0          8         18       1953   usart3.o
        72         12          0          0         35       1103   usart4_gryo.o
         0          0          0          0          0       1496   user_lib.o
       932        136          0          9        208       3239   zerochecktask.o

    ----------------------------------------------------------------------
     58756       5002       1388       1128      28748     630562   Object Totals
         0          0         32          0          0          0   (incl. Generated)
        34          0          3         13         13          0   (incl. Padding)

    ----------------------------------------------------------------------

      Code (inc. data)   RO Data    RW Data    ZI Data      Debug   Library Member Name

       216         22       1040          0          0      16570   arm_cos_f32.o
       256          0          0          0          0       1426   arm_mat_add_f32.o
         8          0          0          0          0        779   arm_mat_init_f32.o
      1280         10          0          0          0       2726   arm_mat_inverse_f32.o
       248          6          0          0          0       1371   arm_mat_mult_f32.o
       256          0          0          0          0       1426   arm_mat_sub_f32.o
       152          0          0          0          0       1172   arm_mat_trans_f32.o
       216         22       1036          0          0       1382   arm_sin_f32.o
       280         46          0          0          0        176   acosf.o
       300         42          0          0          0        176   asinf.o
       592         90          0          0          0        184   atan2f.o
       200         20          0          0          0        164   cos.o
       368         46         48          0          0        200   cos_i.o
        84         16          0          0          0        372   dunder.o
        24          0          0          0          0        124   fabs.o
        48          0          0          0          0        124   fpclassify.o
        38          0          0          0          0        116   fpclassifyf.o
        44         12          0          0          0        464   funder.o
       248          0          0          0          0        152   poly.o
       224         30          0          0          0        172   round.o
      1080        142        200          0          0        188   rred.o
       200         20          0          0          0        164   sin.o
       304         24         40          0          0        208   sin_i.o
       120          0          0          0          0        272   sqrtf.o
       128         20          0          0          0        144   tan.o
       848         84         96          0          0        196   tan_i.o
        86          0          0          0          0          0   __dczerorl2.o
         0          0          0          0          0          0   entry.o
         0          0          0          0          0          0   entry10a.o
         0          0          0          0          0          0   entry11a.o
         8          4          0          0          0          0   entry2.o
         4          0          0          0          0          0   entry5.o
         0          0          0          0          0          0   entry7b.o
         0          0          0          0          0          0   entry8b.o
         8          4          0          0          0          0   entry9a.o
        12          6          0          4          0         68   errno.o
        30          0          0          0          0          0   handlers.o
        36          8          0          0          0         68   init.o
         0          0          0          0          0          0   iusefp.o
        30          0          0          0          0         68   llshl.o
        36          0          0          0          0         68   llsshr.o
        32          0          0          0          0         68   llushr.o
       108         16          0          0          0         84   malloc.o
        36          0          0          0          0         68   memcpya.o
        36          0          0          0          0        108   memseta.o
         0          0          0          8          0          0   mvars.o
       490         10          0          0          0        252   printf3.o
        14          0          0          0          0         68   strlen.o
        44          0          0          0          0         80   uidiv.o
        98          0          0          0          0         92   uldiv.o
        48          0          0          0          0         68   cdcmple.o
        48          0          0          0          0         68   cdrcmple.o
        56          0          0          0          0         88   d2f.o
       334          0          0          0          0        148   dadd.o
       222          0          0          0          0        100   ddiv.o
       186          0          0          0          0        176   depilogue.o
        62          0          0          0          0         80   dfixi.o
        34          0          0          0          0         76   dflti.o
        26          0          0          0          0         76   dfltui.o
       228          0          0          0          0         96   dmul.o
       136          4          0          0          0         92   drnd.o
        38          0          0          0          0         68   f2d.o
       110          0          0          0          0        168   fepilogue.o

    ----------------------------------------------------------------------
     10420        704       2460         12          0      32844   Library Totals
        22          0          0          0          0          0   (incl. Padding)

    ----------------------------------------------------------------------

      Code (inc. data)   RO Data    RW Data    ZI Data      Debug   Library Name

      2632         60       2076          0          0      26852   arm_cortexM4lf_math.lib
      5130        592        384          0          0       3596   m_wm.l
      1108         48          0         12          0       1092   mc_w.l
      1528          4          0          0          0       1304   mf_w.l

    ----------------------------------------------------------------------
     10420        704       2460         12          0      32844   Library Totals

    ----------------------------------------------------------------------

==============================================================================


      Code (inc. data)   RO Data    RW Data    ZI Data      Debug   

     69176       5706       3848       1140      28748     630242   Grand Totals
     69176       5706       3848        168      28748     630242   ELF Image Totals (compressed)
     69176       5706       3848        168          0          0   ROM Totals

==============================================================================

    Total RO  Size (Code + RO Data)                73024 (  71.31kB)
    Total RW  Size (RW Data + ZI Data)             29888 (  29.19kB)
    Total ROM Size (Code + RO Data + RW Data)      73192 (  71.48kB)

==============================================================================

