<html>
<body>
<pre>
<h1>礦ision Build Log</h1>
<h2>Tool Versions:</h2>
IDE-Version: μVision V5.21.1.0
Copyright (C) 2016 ARM Ltd and ARM Germany GmbH. All rights reserved.
License Information: 1 1, 1, LIC=ATTQ1-CTNC6-2ZMW4-F9URX-GK9D5-QVBTP
 
Tool Versions:
Toolchain:       MDK-ARM Plus  Version: 5.21a
Toolchain Path:  D:\WORK\SOFTWARES\MDK5\ARM\ARMCC\Bin
C Compiler:      Armcc.exe V5.06 update 3 (build 300)
Assembler:       Armasm.exe V5.06 update 3 (build 300)
Linker/Locator:  ArmLink.exe V5.06 update 3 (build 300)
Library Manager: ArmAr.exe V5.06 update 3 (build 300)
Hex Converter:   FromElf.exe V5.06 update 3 (build 300)
CPU DLL:         SARMCM3.DLL V5.21a
Dialog DLL:      DCM.DLL V1.13.8.0
Target DLL:      UL2CM3.DLL V1.158.5.0
Dialog DLL:      TCM.DLL V1.14.14.0
 
<h2>Project:</h2>
D:\WORK\RM\主力考核\Infantry\Chassis\User\Infantry_S.uvprojx
Project File Date:  09/24/2023

<h2>Output:</h2>
*** Using Compiler 'V5.06 update 3 (build 300)', folder: 'D:\WORK\SOFTWARES\MDK5\ARM\ARMCC\Bin'
Rebuild target 'Target 1'
compiling stm32f4xx_adc.c...
compiling stm32f4xx_dma.c...
compiling stm32f4xx_it.c...
compiling system_stm32f4xx.c...
compiling stm32f4xx_exti.c...
compiling stm32f4xx_gpio.c...
compiling stm32f4xx_flash.c...
compiling misc.c...
compiling stm32f4xx_can.c...
compiling main.c...
compiling sys.c...
assembling startup_stm32f40_41xxx.s...
compiling stm32f4xx_syscfg.c...
compiling stm32f4xx_usart.c...
compiling stm32f4xx_tim.c...
compiling stm32f4xx_iwdg.c...
compiling stm32f4xx_dac.c...
compiling croutine.c...
compiling stm32f4xx_dbgmcu.c...
compiling stm32f4xx_rcc.c...
compiling stm32f4xx_spi.c...
compiling event_groups.c...
compiling list.c...
compiling heap_4.c...
compiling timers.c...
compiling port.c...
compiling queue.c...
compiling can1.c...
compiling i2c.c...
compiling tasks.c...
compiling adc.c...
compiling counter.c...
compiling can2.c...
compiling dac.c...
compiling iwdg.c...
compiling ina260.c...
compiling Matrix.c...
compiling tim.c...
compiling filters.c...
compiling cap.c...
compiling pid.c...
compiling myMath.c...
compiling uart4.c...
compiling algorithmOfCRC.c...
compiling usart2.c...
compiling tim2.c...
compiling usart1.c...
compiling RLS.c...
compiling Power.c...
compiling motor.c...
compiling Chassis.c...
compiling Usart.c...
compiling JudgeMsg.c...
..\Software\JudgeMsg.c(26): warning:  #177-D: variable "p" was declared but never referenced
      uint8_t *p = judge->usart_if->rx_buf;
..\Software\JudgeMsg.c: 1 warning, 0 errors
compiling Can.c...
compiling Kinematic.c...
compiling ChassisTask.c...
compiling Start_Task.c...
compiling DataReceiveTask.c...
linking...
Program Size: Code=19312 RO-data=424 RW-data=180 ZI-data=21100  
".\Objects\Infantry_S.axf" - 0 Error(s), 1 Warning(s).

<h2>Collection of Component include folders:</h2>
  D:\WORK\RM\主力考核\Infantry\Chassis\User\RTE
  D:\WORK\SOFTWARES\MDK5\ARM\PACK\Keil\STM32F4xx_DFP\2.17.1\Drivers\CMSIS\Device\ST\STM32F4xx\Include

<h2>Collection of Component Files used:</h2>
Build Time Elapsed:  00:00:10
</pre>
</body>
</html>
